../Inc/Drivers/CMSIS/Include/core_cm4.h:1688:22:void __NVIC_EnableIRQ(IRQn_Type)	16	static
../Inc/Drivers/CMSIS/Include/core_cm4.h:1816:22:void __NVIC_SetPriority(IRQn_Type, uint32_t)	16	static
../Src/Drivers/basicTimer.cpp:22:1:timNameSpace::basicTimer::basicTimer(TIM_TypeDef*)	24	static
../Src/Drivers/basicTimer.cpp:40:1:timNameSpace::basicTimer::~basicTimer()	16	static
../Src/Drivers/basicTimer.cpp:45:28:virtual defsNameSpace::TASK_STATUS timNameSpace::basicTimer::init()	16	static
../Src/Drivers/basicTimer.cpp:66:28:virtual defsNameSpace::TASK_STATUS timNameSpace::basicTimer::deInit()	16	static
../Src/Drivers/basicTimer.cpp:72:6:virtual void timNameSpace::basicTimer::peripheralClockEnable()	16	static
../Src/Drivers/basicTimer.cpp:87:6:virtual void timNameSpace::basicTimer::setRepetitionCounter(uint8_t)	16	static
../Src/Drivers/basicTimer.cpp:97:6:virtual void timNameSpace::basicTimer::setCounterMode(timNameSpace::TIM_COUNTING_MODE)	16	static
../Src/Drivers/basicTimer.cpp:105:6:virtual void timNameSpace::basicTimer::setAutoReloadRegister(uint32_t)	16	static
../Src/Drivers/basicTimer.cpp:111:6:virtual void timNameSpace::basicTimer::setOnePulseMode(timNameSpace::TIM_ONE_PULSE_MODE_SELECTION)	16	static
../Src/Drivers/basicTimer.cpp:118:6:virtual void timNameSpace::basicTimer::setARPE(timNameSpace::TIM_ARPE)	16	static
../Src/Drivers/basicTimer.cpp:125:6:virtual void timNameSpace::basicTimer::setPSC(uint32_t)	16	static
../Src/Drivers/basicTimer.cpp:132:6:virtual void timNameSpace::basicTimer::setInterrupt(timNameSpace::BASIC_TIMER_UPDATE_INTERRUPT_ENABLE)	16	static
../Src/Drivers/basicTimer.cpp:139:6:virtual void timNameSpace::basicTimer::enableNVIC_Interrupt()	16	static
../Src/Drivers/basicTimer.cpp:186:6:virtual void timNameSpace::basicTimer::disableNVIC_Interrupt()	16	static
../Src/Drivers/basicTimer.cpp:192:13:virtual void timNameSpace::basicTimer::timerStart()	16	static
../Src/Drivers/basicTimer.cpp:199:13:virtual void timNameSpace::basicTimer::timerStop()	16	static
../Src/Drivers/basicTimer.cpp:205:28:void TIM1_UpdateCallback()	4	static
../Src/Drivers/basicTimer.cpp:210:28:void TIM2_UpdateCallback()	4	static
../Src/Drivers/basicTimer.cpp:216:28:void TIM3_UpdateCallback()	4	static
../Src/Drivers/basicTimer.cpp:221:28:void TIM4_UpdateCallback()	4	static
../Src/Drivers/basicTimer.cpp:226:28:void TIM5_UpdateCallback()	4	static
../Src/Drivers/basicTimer.cpp:231:28:void TIM9_UpdateCallback()	4	static
../Src/Drivers/basicTimer.cpp:236:28:void TIM10_UpdateCallback()	4	static
../Src/Drivers/basicTimer.cpp:241:28:void TIM11_UpdateCallback()	4	static
../Src/Drivers/basicTimer.cpp:247:6:void TIM2_IRQHandler()	8	static
../Src/Drivers/basicTimer.cpp:254:6:void TIM3_IRQHandler()	8	static
../Src/Drivers/basicTimer.cpp:260:6:void TIM4_IRQHandler()	8	static
../Src/Drivers/basicTimer.cpp:266:6:void TIM5_IRQHandler()	8	static
../Src/Drivers/basicTimer.cpp:273:6:void TIM1_BRK_TIM9_IRQHandler()	8	static
../Src/Drivers/basicTimer.cpp:281:6:void TIM1_UP_TIM10_IRQHandler()	8	static
../Src/Drivers/basicTimer.cpp:287:6:void TIM1_TRG_COM_TIM11_IRQHandler()	8	static
../Src/Drivers/basicTimer.cpp:294:6:void TIM1_CC_IRQHandler()	4	static
