../Inc/Drivers/CMSIS/Include/core_cm4.h:1688:22:void __NVIC_EnableIRQ(IRQn_Type)	16	static
../Inc/Drivers/CMSIS/Include/core_cm4.h:1724:22:void __NVIC_DisableIRQ(IRQn_Type)	16	static
../Inc/Drivers/CMSIS/Include/core_cm4.h:1816:22:void __NVIC_SetPriority(IRQn_Type, uint32_t)	16	static
../Inc/Drivers/USART.hh:157:12:usartNameSpace::userParams::userParams()	16	static
../Src/Drivers/USART.cpp:29:1:usartNameSpace::USART::USART(USART_TypeDef*)	32	static
../Src/Drivers/USART.cpp:49:1:usartNameSpace::USART::~USART()	16	static
../Src/Drivers/USART.cpp:55:28:defsNameSpace::TASK_STATUS usartNameSpace::USART::init()	24	static
../Src/Drivers/USART.cpp:85:28:defsNameSpace::TASK_STATUS usartNameSpace::USART::deInit()	16	static
../Src/Drivers/USART.cpp:89:6:void usartNameSpace::USART::peripheralClockEnable()	16	static
../Src/Drivers/USART.cpp:107:6:void usartNameSpace::USART::setStopBits(usartNameSpace::USART_STOP_BITS)	16	static
../Src/Drivers/USART.cpp:112:6:void usartNameSpace::USART::setParityConfig(usartNameSpace::USART_PARITY_SELECTION)	16	static
../Src/Drivers/USART.cpp:125:6:void usartNameSpace::USART::setBRRConfig(usartNameSpace::BAUD_RATE_VALUES)	24	static
../Src/Drivers/USART.cpp:134:6:void usartNameSpace::USART::setInterrupts(usartNameSpace::USART_RXNE_INTERRUPT_ENABLE, usartNameSpace::USART_TXE_INTERRUPT_ENABLE, usartNameSpace::USART_TXC_INTERRUPT_ENABLE)	16	static
../Src/Drivers/USART.cpp:159:6:void usartNameSpace::USART::setOverSampling(usartNameSpace::USART_OVERSAMPLING_MODE)	16	static
../Src/Drivers/USART.cpp:165:6:void usartNameSpace::USART::setDataLength(usartNameSpace::USART_WORD_LENGTH)	16	static
../Src/Drivers/USART.cpp:171:6:void usartNameSpace::USART::set_TX_RX_mode(usartNameSpace::USART_RXTX_MODE)	16	static
../Src/Drivers/USART.cpp:184:6:void usartNameSpace::USART::gpioConfig()	128	static
../Src/Drivers/USART.cpp:310:6:void usartNameSpace::USART::enableNVIC_Interrupt()	24	static
../Src/Drivers/USART.cpp:336:6:void usartNameSpace::USART::disableNVIC_Interrupt()	24	static
../Src/Drivers/USART.cpp:354:6:void usartNameSpace::USART::calculateMantisaAndFractionalPart(double, uint8_t, usartNameSpace::USART_BAUD_RATES, usartNameSpace::BAUD_RATE_VALUES&)	96	static
../Src/Drivers/USART.cpp:379:6:void usartNameSpace::USART::USART_enable()	16	static
../Src/Drivers/USART.cpp:384:6:void usartNameSpace::USART::USART_disable()	16	static
../Src/Drivers/USART.cpp:396:6:void usartNameSpace::USART::writeCharBlockingMode(char)	16	static
../Src/Drivers/USART.cpp:405:6:void usartNameSpace::USART::writeStringBlockingMode(char*)	16	static
../Src/Drivers/USART.cpp:413:6:char usartNameSpace::USART::readCharBlockingMode()	16	static
../Src/Drivers/USART.cpp:424:6:void usartNameSpace::USART::sendMsgIt(char*)	16	static
../Src/Drivers/USART.cpp:436:6:void usartNameSpace::USART::txItCallback()	16	static
../Src/Drivers/USART.cpp:450:6:void usartNameSpace::USART::readMsgIt()	16	static
../Src/Drivers/USART.cpp:462:6:void usartNameSpace::USART::rxItCallback()	16	static
../Src/Drivers/USART.cpp:478:6:void usartNameSpace::USART::parseUserCommands(void*, char*)	40	static
../Src/Drivers/USART.cpp:512:27:void USART1_RX_Callback()	4	static
../Src/Drivers/USART.cpp:517:27:void USART2_RX_Callback()	4	static
../Src/Drivers/USART.cpp:522:27:void USART6_RX_Callback()	4	static
../Src/Drivers/USART.cpp:527:27:void USART1_TX_Callback()	4	static
../Src/Drivers/USART.cpp:532:27:void USART2_TX_Callback()	4	static
../Src/Drivers/USART.cpp:537:27:void USART6_TX_Callback()	4	static
../Src/Drivers/USART.cpp:541:6:void USART1_IRQHandler()	16	static
../Src/Drivers/USART.cpp:559:6:void USART2_IRQHandler()	16	static
../Src/Drivers/USART.cpp:578:6:void USART6_IRQHandler()	16	static
