Archive member included to satisfy reference by file (symbol)

/usr/bin/../lib/gcc/arm-none-eabi/10.3.1/../../../../arm-none-eabi/lib/thumb/v7e-m+fp/hard/libstdc++_nano.a(new_op.o)
                              ./Src/main.o (operator new(unsigned int))
/usr/bin/../lib/gcc/arm-none-eabi/10.3.1/../../../../arm-none-eabi/lib/thumb/v7e-m+fp/hard/libstdc++_nano.a(new_handler.o)
                              /usr/bin/../lib/gcc/arm-none-eabi/10.3.1/../../../../arm-none-eabi/lib/thumb/v7e-m+fp/hard/libstdc++_nano.a(new_op.o) (std::get_new_handler())
/usr/bin/../lib/gcc/arm-none-eabi/10.3.1/../../../../arm-none-eabi/lib/thumb/v7e-m+fp/hard/libc_nano.a(lib_a-abort.o)
                              /usr/bin/../lib/gcc/arm-none-eabi/10.3.1/../../../../arm-none-eabi/lib/thumb/v7e-m+fp/hard/libstdc++_nano.a(new_op.o) (abort)
/usr/bin/../lib/gcc/arm-none-eabi/10.3.1/../../../../arm-none-eabi/lib/thumb/v7e-m+fp/hard/libc_nano.a(lib_a-assert.o)
                              ./Src/Drivers/GPIO.o (__assert_func)
/usr/bin/../lib/gcc/arm-none-eabi/10.3.1/../../../../arm-none-eabi/lib/thumb/v7e-m+fp/hard/libc_nano.a(lib_a-calloc.o)
                              ./Src/Drivers/USART.o (calloc)
/usr/bin/../lib/gcc/arm-none-eabi/10.3.1/../../../../arm-none-eabi/lib/thumb/v7e-m+fp/hard/libc_nano.a(lib_a-errno.o)
                              ./Src/syscalls.o (__errno)
/usr/bin/../lib/gcc/arm-none-eabi/10.3.1/../../../../arm-none-eabi/lib/thumb/v7e-m+fp/hard/libc_nano.a(lib_a-exit.o)
                              /usr/bin/../lib/gcc/arm-none-eabi/10.3.1/../../../../arm-none-eabi/lib/thumb/v7e-m+fp/hard/crt0.o (exit)
/usr/bin/../lib/gcc/arm-none-eabi/10.3.1/../../../../arm-none-eabi/lib/thumb/v7e-m+fp/hard/libc_nano.a(lib_a-fprintf.o)
                              /usr/bin/../lib/gcc/arm-none-eabi/10.3.1/../../../../arm-none-eabi/lib/thumb/v7e-m+fp/hard/libc_nano.a(lib_a-assert.o) (fiprintf)
/usr/bin/../lib/gcc/arm-none-eabi/10.3.1/../../../../arm-none-eabi/lib/thumb/v7e-m+fp/hard/libc_nano.a(lib_a-impure.o)
                              /usr/bin/../lib/gcc/arm-none-eabi/10.3.1/../../../../arm-none-eabi/lib/thumb/v7e-m+fp/hard/libc_nano.a(lib_a-exit.o) (_global_impure_ptr)
/usr/bin/../lib/gcc/arm-none-eabi/10.3.1/../../../../arm-none-eabi/lib/thumb/v7e-m+fp/hard/libc_nano.a(lib_a-init.o)
                              /usr/bin/../lib/gcc/arm-none-eabi/10.3.1/../../../../arm-none-eabi/lib/thumb/v7e-m+fp/hard/crt0.o (__libc_init_array)
/usr/bin/../lib/gcc/arm-none-eabi/10.3.1/../../../../arm-none-eabi/lib/thumb/v7e-m+fp/hard/libc_nano.a(lib_a-malloc.o)
                              /usr/bin/../lib/gcc/arm-none-eabi/10.3.1/../../../../arm-none-eabi/lib/thumb/v7e-m+fp/hard/libstdc++_nano.a(new_op.o) (malloc)
/usr/bin/../lib/gcc/arm-none-eabi/10.3.1/../../../../arm-none-eabi/lib/thumb/v7e-m+fp/hard/libc_nano.a(lib_a-memcpy-stub.o)
                              ./Src/Drivers/basicTimer.o (memcpy)
/usr/bin/../lib/gcc/arm-none-eabi/10.3.1/../../../../arm-none-eabi/lib/thumb/v7e-m+fp/hard/libc_nano.a(lib_a-memset.o)
                              /usr/bin/../lib/gcc/arm-none-eabi/10.3.1/../../../../arm-none-eabi/lib/thumb/v7e-m+fp/hard/crt0.o (memset)
/usr/bin/../lib/gcc/arm-none-eabi/10.3.1/../../../../arm-none-eabi/lib/thumb/v7e-m+fp/hard/libc_nano.a(lib_a-nano-callocr.o)
                              /usr/bin/../lib/gcc/arm-none-eabi/10.3.1/../../../../arm-none-eabi/lib/thumb/v7e-m+fp/hard/libc_nano.a(lib_a-calloc.o) (_calloc_r)
/usr/bin/../lib/gcc/arm-none-eabi/10.3.1/../../../../arm-none-eabi/lib/thumb/v7e-m+fp/hard/libc_nano.a(lib_a-nano-freer.o)
                              /usr/bin/../lib/gcc/arm-none-eabi/10.3.1/../../../../arm-none-eabi/lib/thumb/v7e-m+fp/hard/libc_nano.a(lib_a-malloc.o) (_free_r)
/usr/bin/../lib/gcc/arm-none-eabi/10.3.1/../../../../arm-none-eabi/lib/thumb/v7e-m+fp/hard/libc_nano.a(lib_a-nano-mallocr.o)
                              /usr/bin/../lib/gcc/arm-none-eabi/10.3.1/../../../../arm-none-eabi/lib/thumb/v7e-m+fp/hard/libc_nano.a(lib_a-malloc.o) (_malloc_r)
/usr/bin/../lib/gcc/arm-none-eabi/10.3.1/../../../../arm-none-eabi/lib/thumb/v7e-m+fp/hard/libc_nano.a(lib_a-nano-vfprintf.o)
                              /usr/bin/../lib/gcc/arm-none-eabi/10.3.1/../../../../arm-none-eabi/lib/thumb/v7e-m+fp/hard/libc_nano.a(lib_a-fprintf.o) (_vfprintf_r)
/usr/bin/../lib/gcc/arm-none-eabi/10.3.1/../../../../arm-none-eabi/lib/thumb/v7e-m+fp/hard/libc_nano.a(lib_a-nano-vfprintf_i.o)
                              /usr/bin/../lib/gcc/arm-none-eabi/10.3.1/../../../../arm-none-eabi/lib/thumb/v7e-m+fp/hard/libc_nano.a(lib_a-nano-vfprintf.o) (_printf_i)
/usr/bin/../lib/gcc/arm-none-eabi/10.3.1/../../../../arm-none-eabi/lib/thumb/v7e-m+fp/hard/libc_nano.a(lib_a-sbrkr.o)
                              /usr/bin/../lib/gcc/arm-none-eabi/10.3.1/../../../../arm-none-eabi/lib/thumb/v7e-m+fp/hard/libc_nano.a(lib_a-nano-mallocr.o) (_sbrk_r)
[...]
Memory Configuration

Name             Origin             Length             Attributes
RAM              0x0000000020000000 0x0000000000020000 xrw
FLASH            0x0000000008000000 0x0000000000080000 xr
*default*        0x0000000000000000 0xffffffffffffffff

Linker script and memory map

LOAD /usr/bin/../lib/gcc/arm-none-eabi/10.3.1/thumb/v7e-m+fp/hard/crti.o
LOAD /usr/bin/../lib/gcc/arm-none-eabi/10.3.1/thumb/v7e-m+fp/hard/crtbegin.o
LOAD /usr/bin/../lib/gcc/arm-none-eabi/10.3.1/../../../../arm-none-eabi/lib/thumb/v7e-m+fp/hard/crt0.o
START GROUP
LOAD /usr/bin/../lib/gcc/arm-none-eabi/10.3.1/../../../../arm-none-eabi/lib/thumb/v7e-m+fp/hard/libstdc++_nano.a
LOAD /usr/bin/../lib/gcc/arm-none-eabi/10.3.1/../../../../arm-none-eabi/lib/thumb/v7e-m+fp/hard/libsupc++_nano.a
END GROUP
LOAD ./Src/main.o
LOAD ./Src/syscalls.o
LOAD ./Startup/stm32_startup.o
LOAD ./Src/Drivers/GPIO.o
LOAD ./Src/Drivers/basicTimer.o
LOAD ./Src/Drivers/USART.o
LOAD ./Src/Drivers/ADC.o
LOAD ./Src/Classes/Vector.o
LOAD ./Src/Drivers/esp01.o
LOAD /usr/bin/../lib/gcc/arm-none-eabi/10.3.1/../../../../arm-none-eabi/lib/thumb/v7e-m+fp/hard/libstdc++_nano.a
LOAD /usr/bin/../lib/gcc/arm-none-eabi/10.3.1/../../../../arm-none-eabi/lib/thumb/v7e-m+fp/hard/libm.a
LOAD /usr/bin/../lib/gcc/arm-none-eabi/10.3.1/../../../../arm-none-eabi/lib/thumb/v7e-m+fp/hard/libc_nano.a
START GROUP
LOAD /usr/bin/../lib/gcc/arm-none-eabi/10.3.1/thumb/v7e-m+fp/hard/libgcc.a
LOAD /usr/bin/../lib/gcc/arm-none-eabi/10.3.1/../../../../arm-none-eabi/lib/thumb/v7e-m+fp/hard/libc_nano.a
END GROUP
START GROUP
LOAD /usr/bin/../lib/gcc/arm-none-eabi/10.3.1/thumb/v7e-m+fp/hard/libgcc.a
LOAD /usr/bin/../lib/gcc/arm-none-eabi/10.3.1/../../../../arm-none-eabi/lib/thumb/v7e-m+fp/hard/libc_nano.a
LOAD /usr/bin/../lib/gcc/arm-none-eabi/10.3.1/../../../../arm-none-eabi/lib/thumb/v7e-m+fp/hard/libnosys.a
END GROUP
START GROUP
LOAD /usr/bin/../lib/gcc/arm-none-eabi/10.3.1/thumb/v7e-m+fp/hard/libgcc.a
LOAD /usr/bin/../lib/gcc/arm-none-eabi/10.3.1/../../../../arm-none-eabi/lib/thumb/v7e-m+fp/hard/libc_nano.a
LOAD /usr/bin/../lib/gcc/arm-none-eabi/10.3.1/../../../../arm-none-eabi/lib/thumb/v7e-m+fp/hard/libnosys.a
END GROUP
LOAD /usr/bin/../lib/gcc/arm-none-eabi/10.3.1/thumb/v7e-m+fp/hard/crtend.o
LOAD /usr/bin/../lib/gcc/arm-none-eabi/10.3.1/thumb/v7e-m+fp/hard/crtn.o
                0x0000000020020000                _estack = (ORIGIN (RAM) + LENGTH (RAM))
                0x0000000000000200                _Min_Heap_Size = 0x200
                0x0000000000000400                _Min_Stack_Size = 0x400

.isr_vector     0x0000000008000000      0x198
                0x0000000008000000                . = ALIGN (0x4)
 *(.isr_vector)
 .isr_vector    0x0000000008000000      0x198 ./Startup/stm32_startup.o
                0x0000000008000198                . = ALIGN (0x4)

.text           0x00000000080001a0     0x5560
                0x00000000080001a0                . = ALIGN (0x4)
 *(.text)
 .text          0x00000000080001a0       0x40 /usr/bin/../lib/gcc/arm-none-eabi/10.3.1/thumb/v7e-m+fp/hard/crtbegin.o
 .text          0x00000000080001e0       0x10 /usr/bin/../lib/gcc/arm-none-eabi/10.3.1/../../../../arm-none-eabi/lib/thumb/v7e-m+fp/hard/libc_nano.a(lib_a-strlen.o)
                0x00000000080001e0                strlen
 .text          0x00000000080001f0       0xa0 /usr/bin/../lib/gcc/arm-none-eabi/10.3.1/../../../../arm-none-eabi/lib/thumb/v7e-m+fp/hard/libc_nano.a(lib_a-memchr.o)
                0x00000000080001f0                memchr
 .text          0x0000000008000290      0x378 /usr/bin/../lib/gcc/arm-none-eabi/10.3.1/thumb/v7e-m+fp/hard/libgcc.a(_arm_addsubdf3.o)
                0x0000000008000290                __aeabi_drsub
                0x0000000008000298                __aeabi_dsub
                0x0000000008000298                __subdf3
                0x000000000800029c                __adddf3
                0x000000000800029c                __aeabi_dadd
                0x0000000008000514                __aeabi_ui2d
                0x0000000008000514                __floatunsidf
                0x0000000008000534                __floatsidf
                0x0000000008000534                __aeabi_i2d
                0x0000000008000558                __extendsfdf2
                0x0000000008000558                __aeabi_f2d
                0x000000000800059c                __aeabi_ul2d
                0x000000000800059c                __floatundidf
                0x00000000080005ac                __floatdidf
                0x00000000080005ac                __aeabi_l2d
 .text          0x0000000008000608      0x424 /usr/bin/../lib/gcc/arm-none-eabi/10.3.1/thumb/v7e-m+fp/hard/libgcc.a(_arm_muldivdf3.o)
                0x0000000008000608                __aeabi_dmul
                0x0000000008000608                __muldf3
                0x000000000800085c                __aeabi_ddiv
                0x000000000800085c                __divdf3
 .text          0x0000000008000a2c       0x40 /usr/bin/../lib/gcc/arm-none-eabi/10.3.1/thumb/v7e-m+fp/hard/libgcc.a(_arm_fixunsdfsi.o)
                0x0000000008000a2c                __fixunsdfsi
                0x0000000008000a2c                __aeabi_d2uiz
 *(.text*)
 .text._ZN6paramsC2Ev
                0x0000000008000a6c       0x2e ./Src/main.o
                0x0000000008000a6c                params::params()
                0x0000000008000a6c                params::params()
 *fill*         0x0000000008000a9a        0x2 
 .text.main     0x0000000008000a9c       0x30 ./Src/main.o
                0x0000000008000a9c                main
 .text._Z9USARTInitv
                0x0000000008000acc       0x38 ./Src/main.o
                0x0000000008000acc                USARTInit()
 .text._Z21systemStatusTimerInitv
                0x0000000008000b04       0x24 ./Src/main.o
                0x0000000008000b04                systemStatusTimerInit()
 .text._Z8GPIOInitv
                0x0000000008000b28       0x40 ./Src/main.o
                0x0000000008000b28                GPIOInit()
 .text._Z19TIM9_UpdateCallbackv
                0x0000000008000b68       0x14 ./Src/main.o
                0x0000000008000b68                TIM9_UpdateCallback()
 .text._Z18USART2_RX_Callbackv
                0x0000000008000b7c       0x14 ./Src/main.o
                0x0000000008000b7c                USART2_RX_Callback()
 .text._Z18USART2_TX_Callbackv
                0x0000000008000b90       0x14 ./Src/main.o
                0x0000000008000b90                USART2_TX_Callback()
 .text._Z7fpuInitv
                0x0000000008000ba4       0x1c ./Src/main.o
                0x0000000008000ba4                fpuInit()
 .text._Z41__static_initialization_and_destruction_0ii
                0x0000000008000bc0       0x8c ./Src/main.o
 .text._GLOBAL__sub_I_ledStatus
                0x0000000008000c4c       0x10 ./Src/main.o
 .text._GLOBAL__sub_D_ledStatus
                0x0000000008000c5c       0x10 ./Src/main.o
 .text._getpid  0x0000000008000c6c       0x10 ./Src/syscalls.o
                0x0000000008000c6c                _getpid
 .text._kill    0x0000000008000c7c       0x20 ./Src/syscalls.o
                0x0000000008000c7c                _kill
 .text._exit    0x0000000008000c9c       0x14 ./Src/syscalls.o
                0x0000000008000c9c                _exit
 .text._read    0x0000000008000cb0       0x3a ./Src/syscalls.o
                0x0000000008000cb0                _read
 .text._write   0x0000000008000cea       0x38 ./Src/syscalls.o
                0x0000000008000cea                _write
 .text._close   0x0000000008000d22       0x18 ./Src/syscalls.o
                0x0000000008000d22                _close
 .text._fstat   0x0000000008000d3a       0x20 ./Src/syscalls.o
                0x0000000008000d3a                _fstat
 .text._isatty  0x0000000008000d5a       0x16 ./Src/syscalls.o
                0x0000000008000d5a                _isatty
 .text._lseek   0x0000000008000d70       0x1a ./Src/syscalls.o
                0x0000000008000d70                _lseek
 *fill*         0x0000000008000d8a        0x2 
 .text.Reset_Handler
                0x0000000008000d8c       0x64 ./Startup/stm32_startup.o
                0x0000000008000d8c                Reset_Handler
 .text.Default_Handler
                0x0000000008000df0        0x6 ./Startup/stm32_startup.o
                0x0000000008000df0                DMA2_Stream1_IRQHandler()
                0x0000000008000df0                DMA2_Stream6_IRQHandler()
                0x0000000008000df0                DMA2_Stream5_IRQHandler()
                0x0000000008000df0                DMA1_Stream3_IRQHandler()
                0x0000000008000df0                DMA1_Stream0_IRQHandler()
                0x0000000008000df0                DMA1_Stream6_IRQHandler()
                0x0000000008000df0                DMA1_Stream2_IRQHandler()
                0x0000000008000df0                DMA1_Stream7_IRQHandler()
                0x0000000008000df0                ADC_IRQHandler()
                0x0000000008000df0                I2C1_EV_IRQHandler()
                0x0000000008000df0                I2C3_ER_IRQHandler()
                0x0000000008000df0                I2C2_ER_IRQHandler()
                0x0000000008000df0                Default_Handler
                0x0000000008000df0                I2C3_EV_IRQHandler()
                0x0000000008000df0                DMA2_Stream7_IRQHandler()
                0x0000000008000df0                DMA1_Stream5_IRQHandler()
                0x0000000008000df0                DMA1_Stream1_IRQHandler()
                0x0000000008000df0                DMA2_Stream0_IRQHandler()
                0x0000000008000df0                DMA2_Stream2_IRQHandler()
                0x0000000008000df0                DMA1_Stream4_IRQHandler()
                0x0000000008000df0                I2C1_ER_IRQHandler()
                0x0000000008000df0                DMA2_Stream4_IRQHandler()
                0x0000000008000df0                I2C2_EV_IRQHandler()
                0x0000000008000df0                DMA2_Stream3_IRQHandler()
 *fill*         0x0000000008000df6        0x2 
 .text.__NVIC_EnableIRQ
                0x0000000008000df8       0x3c ./Src/Drivers/GPIO.o
 .text.__NVIC_SetPriority
                0x0000000008000e34       0x54 ./Src/Drivers/GPIO.o
 .text._ZN13gpioNameSpace4GPIOC2EP12GPIO_TypeDef
                0x0000000008000e88      0x118 ./Src/Drivers/GPIO.o
                0x0000000008000e88                gpioNameSpace::GPIO::GPIO(GPIO_TypeDef*)
                0x0000000008000e88                gpioNameSpace::GPIO::GPIO(GPIO_TypeDef*)
 .text._ZN13gpioNameSpace4GPIOD2Ev
                0x0000000008000fa0       0x16 ./Src/Drivers/GPIO.o
                0x0000000008000fa0                gpioNameSpace::GPIO::~GPIO()
                0x0000000008000fa0                gpioNameSpace::GPIO::~GPIO()
 .text._ZN13gpioNameSpace4GPIO4initEv
                0x0000000008000fb6       0x32 ./Src/Drivers/GPIO.o
                0x0000000008000fb6                gpioNameSpace::GPIO::init()
 .text._ZN13gpioNameSpace4GPIO6setPinEm
                0x0000000008000fe8       0x44 ./Src/Drivers/GPIO.o
                0x0000000008000fe8                gpioNameSpace::GPIO::setPin(unsigned long)
 .text._ZN13gpioNameSpace4GPIO8setModerEmm
                0x000000000800102c       0x74 ./Src/Drivers/GPIO.o
                0x000000000800102c                gpioNameSpace::GPIO::setModer(unsigned long, unsigned long)
 .text._ZN13gpioNameSpace4GPIO8setModerEm
                0x00000000080010a0       0x22 ./Src/Drivers/GPIO.o
                0x00000000080010a0                gpioNameSpace::GPIO::setModer(unsigned long)
 *fill*         0x00000000080010c2        0x2 
 .text._ZN13gpioNameSpace4GPIO5setAFEmm
                0x00000000080010c4       0xe0 ./Src/Drivers/GPIO.o
                0x00000000080010c4                gpioNameSpace::GPIO::setAF(unsigned long, unsigned long)
 .text._ZN13gpioNameSpace4GPIO5setAFEm
                0x00000000080011a4       0x22 ./Src/Drivers/GPIO.o
                0x00000000080011a4                gpioNameSpace::GPIO::setAF(unsigned long)
 *fill*         0x00000000080011c6        0x2 
 .text._ZN13gpioNameSpace4GPIO19getEXTIEnabledLinesEv
                0x00000000080011c8       0x18 ./Src/Drivers/GPIO.o
                0x00000000080011c8                gpioNameSpace::GPIO::getEXTIEnabledLines()
 .text._ZN13gpioNameSpace4GPIO19isResourceAllocatedEP12GPIO_TypeDefNS_8GPIO_PINE
                0x00000000080011e0       0x90 ./Src/Drivers/GPIO.o
                0x00000000080011e0                gpioNameSpace::GPIO::isResourceAllocated(GPIO_TypeDef*, gpioNameSpace::GPIO_PIN)
 .text._ZN13gpioNameSpace4GPIO10portToggleEm
                0x0000000008001270       0x26 ./Src/Drivers/GPIO.o
                0x0000000008001270                gpioNameSpace::GPIO::portToggle(unsigned long)
 .text._ZN13gpioNameSpace4GPIO10portToggleEv
                0x0000000008001296       0x1e ./Src/Drivers/GPIO.o
                0x0000000008001296                gpioNameSpace::GPIO::portToggle()
 .text._ZN13gpioNameSpace4GPIO7setPortEP12GPIO_TypeDef
                0x00000000080012b4       0xd8 ./Src/Drivers/GPIO.o
                0x00000000080012b4                gpioNameSpace::GPIO::setPort(GPIO_TypeDef*)
 .text._ZN13gpioNameSpace4GPIO7initPinEv
                0x000000000800138c      0x570 ./Src/Drivers/GPIO.o
                0x000000000800138c                gpioNameSpace::GPIO::initPin()
 .text._ZN13gpioNameSpace4GPIO21peripheralClockEnableEv
                0x00000000080018fc       0x80 ./Src/Drivers/GPIO.o
                0x00000000080018fc                gpioNameSpace::GPIO::peripheralClockEnable()
 .text._ZN13gpioNameSpace4GPIO12setParameterEmmm
                0x000000000800197c       0x48 ./Src/Drivers/GPIO.o
                0x000000000800197c                gpioNameSpace::GPIO::setParameter(unsigned long, unsigned long, unsigned long)
 .text._ZN13gpioNameSpace4GPIO17setParametersLoopEmmmm
                0x00000000080019c4       0xa4 ./Src/Drivers/GPIO.o
                0x00000000080019c4                gpioNameSpace::GPIO::setParametersLoop(unsigned long, unsigned long, unsigned long, unsigned long)
 .text._ZN13gpioNameSpace4GPIO30setParametersHighRegistersLoopEmmmmm
                0x0000000008001a68       0x2a ./Src/Drivers/GPIO.o
                0x0000000008001a68                gpioNameSpace::GPIO::setParametersHighRegistersLoop(unsigned long, unsigned long, unsigned long, unsigned long, unsigned long)
 .text._ZN13gpioNameSpace4GPIO20getRegisterBitLengthEm
                0x0000000008001a92       0x5a ./Src/Drivers/GPIO.o
                0x0000000008001a92                gpioNameSpace::GPIO::getRegisterBitLength(unsigned long)
 .text._ZN13gpioNameSpace4GPIO15alignMaskToZeroERmS1_
                0x0000000008001aec       0x62 ./Src/Drivers/GPIO.o
                0x0000000008001aec                gpioNameSpace::GPIO::alignMaskToZero(unsigned long&, unsigned long&)
 .text._Z14EXTI0_Callbackv
                0x0000000008001b4e       0x10 ./Src/Drivers/GPIO.o
                0x0000000008001b4e                EXTI0_Callback()
 .text._Z14EXTI1_Callbackv
                0x0000000008001b5e       0x10 ./Src/Drivers/GPIO.o
                0x0000000008001b5e                EXTI1_Callback()
 .text._Z14EXTI2_Callbackv
                0x0000000008001b6e       0x10 ./Src/Drivers/GPIO.o
                0x0000000008001b6e                EXTI2_Callback()
 .text._Z14EXTI3_Callbackv
                0x0000000008001b7e       0x10 ./Src/Drivers/GPIO.o
                0x0000000008001b7e                EXTI3_Callback()
 .text._Z14EXTI4_Callbackv
                0x0000000008001b8e       0x10 ./Src/Drivers/GPIO.o
                0x0000000008001b8e                EXTI4_Callback()
 .text._Z14EXTI6_Callbackv
                0x0000000008001b9e       0x10 ./Src/Drivers/GPIO.o
                0x0000000008001b9e                EXTI6_Callback()
 .text._Z14EXTI7_Callbackv
                0x0000000008001bae       0x10 ./Src/Drivers/GPIO.o
                0x0000000008001bae                EXTI7_Callback()
 .text._Z14EXTI8_Callbackv
                0x0000000008001bbe       0x10 ./Src/Drivers/GPIO.o
                0x0000000008001bbe                EXTI8_Callback()
 .text._Z14EXTI9_Callbackv
                0x0000000008001bce       0x10 ./Src/Drivers/GPIO.o
                0x0000000008001bce                EXTI9_Callback()
 .text._Z15EXTI10_Callbackv
                0x0000000008001bde       0x10 ./Src/Drivers/GPIO.o
                0x0000000008001bde                EXTI10_Callback()
 .text._Z15EXTI11_Callbackv
                0x0000000008001bee       0x10 ./Src/Drivers/GPIO.o
                0x0000000008001bee                EXTI11_Callback()
 .text._Z15EXTI12_Callbackv
                0x0000000008001bfe       0x10 ./Src/Drivers/GPIO.o
                0x0000000008001bfe                EXTI12_Callback()
 .text._Z15EXTI13_Callbackv
                0x0000000008001c0e       0x10 ./Src/Drivers/GPIO.o
                0x0000000008001c0e                EXTI13_Callback()
 .text._Z15EXTI14_Callbackv
                0x0000000008001c1e       0x10 ./Src/Drivers/GPIO.o
                0x0000000008001c1e                EXTI14_Callback()
 .text._Z15EXTI15_Callbackv
                0x0000000008001c2e       0x10 ./Src/Drivers/GPIO.o
                0x0000000008001c2e                EXTI15_Callback()
 *fill*         0x0000000008001c3e        0x2 
 .text._Z16EXTI0_IRQHandlerv
                0x0000000008001c40       0x38 ./Src/Drivers/GPIO.o
                0x0000000008001c40                EXTI0_IRQHandler()
 .text._Z16EXTI1_IRQHandlerv
                0x0000000008001c78       0x38 ./Src/Drivers/GPIO.o
                0x0000000008001c78                EXTI1_IRQHandler()
 .text._Z16EXTI2_IRQHandlerv
                0x0000000008001cb0       0x38 ./Src/Drivers/GPIO.o
                0x0000000008001cb0                EXTI2_IRQHandler()
 .text._Z16EXTI3_IRQHandlerv
                0x0000000008001ce8       0x38 ./Src/Drivers/GPIO.o
                0x0000000008001ce8                EXTI3_IRQHandler()
 .text._Z16EXTI4_IRQHandlerv
                0x0000000008001d20       0x38 ./Src/Drivers/GPIO.o
                0x0000000008001d20                EXTI4_IRQHandler()
 .text._Z18EXTI9_5_IRQHandlerv
                0x0000000008001d58       0xec ./Src/Drivers/GPIO.o
                0x0000000008001d58                EXTI9_5_IRQHandler()
 .text._Z20EXTI15_10_IRQHandlerv
                0x0000000008001e44      0x120 ./Src/Drivers/GPIO.o
                0x0000000008001e44                EXTI15_10_IRQHandler()
 .text.__NVIC_EnableIRQ
                0x0000000008001f64       0x3c ./Src/Drivers/basicTimer.o
 .text.__NVIC_SetPriority
                0x0000000008001fa0       0x54 ./Src/Drivers/basicTimer.o
 .text._ZN12timNameSpace10basicTimerC2EP11TIM_TypeDef
                0x0000000008001ff4       0xcc ./Src/Drivers/basicTimer.o
                0x0000000008001ff4                timNameSpace::basicTimer::basicTimer(TIM_TypeDef*)
                0x0000000008001ff4                timNameSpace::basicTimer::basicTimer(TIM_TypeDef*)
 .text._ZN12timNameSpace10basicTimerD2Ev
                0x00000000080020c0       0x20 ./Src/Drivers/basicTimer.o
                0x00000000080020c0                timNameSpace::basicTimer::~basicTimer()
                0x00000000080020c0                timNameSpace::basicTimer::~basicTimer()
 .text._ZN12timNameSpace10basicTimer4initEv
                0x00000000080020e0       0xda ./Src/Drivers/basicTimer.o
                0x00000000080020e0                timNameSpace::basicTimer::init()
 .text._ZN12timNameSpace10basicTimer6deInitEv
                0x00000000080021ba       0x16 ./Src/Drivers/basicTimer.o
                0x00000000080021ba                timNameSpace::basicTimer::deInit()
 .text._ZN12timNameSpace10basicTimer21peripheralClockEnableEv
                0x00000000080021d0      0x13c ./Src/Drivers/basicTimer.o
                0x00000000080021d0                timNameSpace::basicTimer::peripheralClockEnable()
 .text._ZN12timNameSpace10basicTimer20setRepetitionCounterEh
                0x000000000800230c       0x38 ./Src/Drivers/basicTimer.o
                0x000000000800230c                timNameSpace::basicTimer::setRepetitionCounter(unsigned char)
 .text._ZN12timNameSpace10basicTimer14setCounterModeENS_17TIM_COUNTING_MODEE
                0x0000000008002344       0x60 ./Src/Drivers/basicTimer.o
                0x0000000008002344                timNameSpace::basicTimer::setCounterMode(timNameSpace::TIM_COUNTING_MODE)
 .text._ZN12timNameSpace10basicTimer21setAutoReloadRegisterEm
                0x00000000080023a4       0x34 ./Src/Drivers/basicTimer.o
                0x00000000080023a4                timNameSpace::basicTimer::setAutoReloadRegister(unsigned long)
 .text._ZN12timNameSpace10basicTimer15setOnePulseModeENS_28TIM_ONE_PULSE_MODE_SELECTIONE
                0x00000000080023d8       0x34 ./Src/Drivers/basicTimer.o
                0x00000000080023d8                timNameSpace::basicTimer::setOnePulseMode(timNameSpace::TIM_ONE_PULSE_MODE_SELECTION)
 .text._ZN12timNameSpace10basicTimer7setARPEENS_8TIM_ARPEE
                0x000000000800240c       0x34 ./Src/Drivers/basicTimer.o
                0x000000000800240c                timNameSpace::basicTimer::setARPE(timNameSpace::TIM_ARPE)
 .text._ZN12timNameSpace10basicTimer6setPSCEm
                0x0000000008002440       0x36 ./Src/Drivers/basicTimer.o
                0x0000000008002440                timNameSpace::basicTimer::setPSC(unsigned long)
 .text._ZN12timNameSpace10basicTimer12setInterruptENS_35BASIC_TIMER_UPDATE_INTERRUPT_ENABLEE
                0x0000000008002476       0x34 ./Src/Drivers/basicTimer.o
                0x0000000008002476                timNameSpace::basicTimer::setInterrupt(timNameSpace::BASIC_TIMER_UPDATE_INTERRUPT_ENABLE)
 *fill*         0x00000000080024aa        0x2 
 .text._ZN12timNameSpace10basicTimer20enableNVIC_InterruptEv
                0x00000000080024ac      0x12c ./Src/Drivers/basicTimer.o
                0x00000000080024ac                timNameSpace::basicTimer::enableNVIC_Interrupt()
 .text._ZN12timNameSpace10basicTimer21disableNVIC_InterruptEv
                0x00000000080025d8       0x14 ./Src/Drivers/basicTimer.o
                0x00000000080025d8                timNameSpace::basicTimer::disableNVIC_Interrupt()
 .text._ZN12timNameSpace10basicTimer10timerStartEv
                0x00000000080025ec       0x24 ./Src/Drivers/basicTimer.o
                0x00000000080025ec                timNameSpace::basicTimer::timerStart()
 .text._ZN12timNameSpace10basicTimer9timerStopEv
                0x0000000008002610       0x24 ./Src/Drivers/basicTimer.o
                0x0000000008002610                timNameSpace::basicTimer::timerStop()
 .text._Z19TIM2_UpdateCallbackv
                0x0000000008002634       0x10 ./Src/Drivers/basicTimer.o
                0x0000000008002634                TIM2_UpdateCallback()
 .text._Z19TIM3_UpdateCallbackv
                0x0000000008002644       0x10 ./Src/Drivers/basicTimer.o
                0x0000000008002644                TIM3_UpdateCallback()
 .text._Z19TIM4_UpdateCallbackv
                0x0000000008002654       0x10 ./Src/Drivers/basicTimer.o
                0x0000000008002654                TIM4_UpdateCallback()
 .text._Z19TIM5_UpdateCallbackv
                0x0000000008002664       0x10 ./Src/Drivers/basicTimer.o
                0x0000000008002664                TIM5_UpdateCallback()
 .text._Z20TIM10_UpdateCallbackv
                0x0000000008002674       0x10 ./Src/Drivers/basicTimer.o
                0x0000000008002674                TIM10_UpdateCallback()
 .text._Z20TIM11_UpdateCallbackv
                0x0000000008002684       0x10 ./Src/Drivers/basicTimer.o
                0x0000000008002684                TIM11_UpdateCallback()
 .text._Z15TIM2_IRQHandlerv
                0x0000000008002694       0x3c ./Src/Drivers/basicTimer.o
                0x0000000008002694                TIM2_IRQHandler()
 .text._Z15TIM3_IRQHandlerv
                0x00000000080026d0       0x3c ./Src/Drivers/basicTimer.o
                0x00000000080026d0                TIM3_IRQHandler()
 .text._Z15TIM4_IRQHandlerv
                0x000000000800270c       0x3c ./Src/Drivers/basicTimer.o
                0x000000000800270c                TIM4_IRQHandler()
 .text._Z15TIM5_IRQHandlerv
                0x0000000008002748       0x3c ./Src/Drivers/basicTimer.o
                0x0000000008002748                TIM5_IRQHandler()
 .text._Z24TIM1_BRK_TIM9_IRQHandlerv
                0x0000000008002784       0x3c ./Src/Drivers/basicTimer.o
                0x0000000008002784                TIM1_BRK_TIM9_IRQHandler()
 .text._Z24TIM1_UP_TIM10_IRQHandlerv
                0x00000000080027c0       0x3c ./Src/Drivers/basicTimer.o
                0x00000000080027c0                TIM1_UP_TIM10_IRQHandler()
 .text._Z29TIM1_TRG_COM_TIM11_IRQHandlerv
                0x00000000080027fc       0x3c ./Src/Drivers/basicTimer.o
                0x00000000080027fc                TIM1_TRG_COM_TIM11_IRQHandler()
 .text._Z18TIM1_CC_IRQHandlerv
                0x0000000008002838        0xe ./Src/Drivers/basicTimer.o
                0x0000000008002838                TIM1_CC_IRQHandler()
 *fill*         0x0000000008002846        0x2 
 .text.__NVIC_EnableIRQ
                0x0000000008002848       0x3c ./Src/Drivers/USART.o
 .text.__NVIC_DisableIRQ
                0x0000000008002884       0x48 ./Src/Drivers/USART.o
 .text.__NVIC_SetPriority
                0x00000000080028cc       0x54 ./Src/Drivers/USART.o
 .text._ZN14usartNameSpace5USARTC2EP13USART_TypeDef
                0x0000000008002920      0x114 ./Src/Drivers/USART.o
                0x0000000008002920                usartNameSpace::USART::USART(USART_TypeDef*)
                0x0000000008002920                usartNameSpace::USART::USART(USART_TypeDef*)
 .text._ZN14usartNameSpace5USARTD2Ev
                0x0000000008002a34       0x26 ./Src/Drivers/USART.o
                0x0000000008002a34                usartNameSpace::USART::~USART()
                0x0000000008002a34                usartNameSpace::USART::~USART()
 *fill*         0x0000000008002a5a        0x2 
 .text._ZN14usartNameSpace5USART4initEv
                0x0000000008002a5c      0x138 ./Src/Drivers/USART.o
                0x0000000008002a5c                usartNameSpace::USART::init()
 .text._ZN14usartNameSpace5USART21peripheralClockEnableEv
                0x0000000008002b94       0x60 ./Src/Drivers/USART.o
                0x0000000008002b94                usartNameSpace::USART::peripheralClockEnable()
 .text._ZN14usartNameSpace5USART11setStopBitsENS_15USART_STOP_BITSE
                0x0000000008002bf4       0x3a ./Src/Drivers/USART.o
                0x0000000008002bf4                usartNameSpace::USART::setStopBits(usartNameSpace::USART_STOP_BITS)
 .text._ZN14usartNameSpace5USART15setParityConfigENS_22USART_PARITY_SELECTIONE
                0x0000000008002c2e       0x92 ./Src/Drivers/USART.o
                0x0000000008002c2e                usartNameSpace::USART::setParityConfig(usartNameSpace::USART_PARITY_SELECTION)
 .text._ZN14usartNameSpace5USART12setBRRConfigENS_16BAUD_RATE_VALUESE
                0x0000000008002cc0       0x9c ./Src/Drivers/USART.o
                0x0000000008002cc0                usartNameSpace::USART::setBRRConfig(usartNameSpace::BAUD_RATE_VALUES)
 .text._ZN14usartNameSpace5USART13setInterruptsENS_27USART_RXNE_INTERRUPT_ENABLEENS_26USART_TXE_INTERRUPT_ENABLEENS_26USART_TXC_INTERRUPT_ENABLEE
                0x0000000008002d5c       0xe0 ./Src/Drivers/USART.o
                0x0000000008002d5c                usartNameSpace::USART::setInterrupts(usartNameSpace::USART_RXNE_INTERRUPT_ENABLE, usartNameSpace::USART_TXE_INTERRUPT_ENABLE, usartNameSpace::USART_TXC_INTERRUPT_ENABLE)
 .text._ZN14usartNameSpace5USART15setOverSamplingENS_23USART_OVERSAMPLING_MODEE
                0x0000000008002e3c       0x42 ./Src/Drivers/USART.o
                0x0000000008002e3c                usartNameSpace::USART::setOverSampling(usartNameSpace::USART_OVERSAMPLING_MODE)
 .text._ZN14usartNameSpace5USART13setDataLengthENS_17USART_WORD_LENGTHE
                0x0000000008002e7e       0x42 ./Src/Drivers/USART.o
                0x0000000008002e7e                usartNameSpace::USART::setDataLength(usartNameSpace::USART_WORD_LENGTH)
 .text._ZN14usartNameSpace5USART14set_TX_RX_modeENS_15USART_RXTX_MODEE
                0x0000000008002ec0       0x7a ./Src/Drivers/USART.o
                0x0000000008002ec0                usartNameSpace::USART::set_TX_RX_mode(usartNameSpace::USART_RXTX_MODE)
 *fill*         0x0000000008002f3a        0x2 
 .text._ZN14usartNameSpace5USART10gpioConfigEv
                0x0000000008002f3c      0x6e0 ./Src/Drivers/USART.o
                0x0000000008002f3c                usartNameSpace::USART::gpioConfig()
 .text._ZN14usartNameSpace5USART20enableNVIC_InterruptEv
                0x000000000800361c       0xb0 ./Src/Drivers/USART.o
                0x000000000800361c                usartNameSpace::USART::enableNVIC_Interrupt()
 .text._ZN14usartNameSpace5USART21disableNVIC_InterruptEv
                0x00000000080036cc       0x5c ./Src/Drivers/USART.o
                0x00000000080036cc                usartNameSpace::USART::disableNVIC_Interrupt()
 .text._ZN14usartNameSpace5USART33calculateMantisaAndFractionalPartEdhNS_16USART_BAUD_RATESERNS_16BAUD_RATE_VALUESE
                0x0000000008003728      0x184 ./Src/Drivers/USART.o
                0x0000000008003728                usartNameSpace::USART::calculateMantisaAndFractionalPart(double, unsigned char, usartNameSpace::USART_BAUD_RATES, usartNameSpace::BAUD_RATE_VALUES&)
 .text._ZN14usartNameSpace5USART12USART_enableEv
                0x00000000080038ac       0x2a ./Src/Drivers/USART.o
                0x00000000080038ac                usartNameSpace::USART::USART_enable()
 .text._ZN14usartNameSpace5USART13USART_disableEv
                0x00000000080038d6       0x2a ./Src/Drivers/USART.o
                0x00000000080038d6                usartNameSpace::USART::USART_disable()
 .text._ZN14usartNameSpace5USART12txItCallbackEv
                0x0000000008003900       0x5a ./Src/Drivers/USART.o
                0x0000000008003900                usartNameSpace::USART::txItCallback()
 .text._ZN14usartNameSpace5USART9readMsgItEv
                0x000000000800395a       0x46 ./Src/Drivers/USART.o
                0x000000000800395a                usartNameSpace::USART::readMsgIt()
 .text._ZN14usartNameSpace5USART12rxItCallbackEv
                0x00000000080039a0       0x90 ./Src/Drivers/USART.o
                0x00000000080039a0                usartNameSpace::USART::rxItCallback()
 .text._ZN14usartNameSpace5USART17parseUserCommandsEPvPc
                0x0000000008003a30       0x98 ./Src/Drivers/USART.o
                0x0000000008003a30                usartNameSpace::USART::parseUserCommands(void*, char*)
 .text._Z18USART1_RX_Callbackv
                0x0000000008003ac8       0x10 ./Src/Drivers/USART.o
                0x0000000008003ac8                USART1_RX_Callback()
 .text._Z18USART6_RX_Callbackv
                0x0000000008003ad8       0x10 ./Src/Drivers/USART.o
                0x0000000008003ad8                USART6_RX_Callback()
 .text._Z18USART1_TX_Callbackv
                0x0000000008003ae8       0x10 ./Src/Drivers/USART.o
                0x0000000008003ae8                USART1_TX_Callback()
 .text._Z18USART6_TX_Callbackv
                0x0000000008003af8       0x10 ./Src/Drivers/USART.o
                0x0000000008003af8                USART6_TX_Callback()
 .text._Z17USART1_IRQHandlerv
                0x0000000008003b08       0x50 ./Src/Drivers/USART.o
                0x0000000008003b08                USART1_IRQHandler()
 .text._Z17USART2_IRQHandlerv
                0x0000000008003b58       0x54 ./Src/Drivers/USART.o
                0x0000000008003b58                USART2_IRQHandler()
 .text._Z17USART6_IRQHandlerv
                0x0000000008003bac       0x54 ./Src/Drivers/USART.o
                0x0000000008003bac                USART6_IRQHandler()
 .text._Znwj    0x0000000008003c00       0x22 /usr/bin/../lib/gcc/arm-none-eabi/10.3.1/../../../../arm-none-eabi/lib/thumb/v7e-m+fp/hard/libstdc++_nano.a(new_op.o)
                0x0000000008003c00                operator new(unsigned int)
 *fill*         0x0000000008003c22        0x2 
 .text._ZSt15get_new_handlerv
                0x0000000008003c24       0x10 /usr/bin/../lib/gcc/arm-none-eabi/10.3.1/../../../../arm-none-eabi/lib/thumb/v7e-m+fp/hard/libstdc++_nano.a(new_handler.o)
                0x0000000008003c24                std::get_new_handler()
 .text.abort    0x0000000008003c34        0xe /usr/bin/../lib/gcc/arm-none-eabi/10.3.1/../../../../arm-none-eabi/lib/thumb/v7e-m+fp/hard/libc_nano.a(lib_a-abort.o)
                0x0000000008003c34                abort
 *fill*         0x0000000008003c42        0x2 
 .text.__assert_func
                0x0000000008003c44       0x3c /usr/bin/../lib/gcc/arm-none-eabi/10.3.1/../../../../arm-none-eabi/lib/thumb/v7e-m+fp/hard/libc_nano.a(lib_a-assert.o)
                0x0000000008003c44                __assert_func
 .text.calloc   0x0000000008003c80       0x10 /usr/bin/../lib/gcc/arm-none-eabi/10.3.1/../../../../arm-none-eabi/lib/thumb/v7e-m+fp/hard/libc_nano.a(lib_a-calloc.o)
                0x0000000008003c80                calloc
 .text.__errno  0x0000000008003c90        0xc /usr/bin/../lib/gcc/arm-none-eabi/10.3.1/../../../../arm-none-eabi/lib/thumb/v7e-m+fp/hard/libc_nano.a(lib_a-errno.o)
                0x0000000008003c90                __errno
 .text.fprintf  0x0000000008003c9c       0x24 /usr/bin/../lib/gcc/arm-none-eabi/10.3.1/../../../../arm-none-eabi/lib/thumb/v7e-m+fp/hard/libc_nano.a(lib_a-fprintf.o)
                0x0000000008003c9c                fprintf
                0x0000000008003c9c                fiprintf
 .text.__libc_init_array
                0x0000000008003cc0       0x48 /usr/bin/../lib/gcc/arm-none-eabi/10.3.1/../../../../arm-none-eabi/lib/thumb/v7e-m+fp/hard/libc_nano.a(lib_a-init.o)
                0x0000000008003cc0                __libc_init_array
 .text.malloc   0x0000000008003d08       0x10 /usr/bin/../lib/gcc/arm-none-eabi/10.3.1/../../../../arm-none-eabi/lib/thumb/v7e-m+fp/hard/libc_nano.a(lib_a-malloc.o)
                0x0000000008003d08                malloc
 .text.memcpy   0x0000000008003d18       0x1c /usr/bin/../lib/gcc/arm-none-eabi/10.3.1/../../../../arm-none-eabi/lib/thumb/v7e-m+fp/hard/libc_nano.a(lib_a-memcpy-stub.o)
                0x0000000008003d18                memcpy
 .text.memset   0x0000000008003d34       0x10 /usr/bin/../lib/gcc/arm-none-eabi/10.3.1/../../../../arm-none-eabi/lib/thumb/v7e-m+fp/hard/libc_nano.a(lib_a-memset.o)
                0x0000000008003d34                memset
 .text._calloc_r
                0x0000000008003d44       0x2c /usr/bin/../lib/gcc/arm-none-eabi/10.3.1/../../../../arm-none-eabi/lib/thumb/v7e-m+fp/hard/libc_nano.a(lib_a-nano-callocr.o)
                0x0000000008003d44                _calloc_r
 .text._free_r  0x0000000008003d70       0x98 /usr/bin/../lib/gcc/arm-none-eabi/10.3.1/../../../../arm-none-eabi/lib/thumb/v7e-m+fp/hard/libc_nano.a(lib_a-nano-freer.o)
                0x0000000008003d70                _free_r
 .text.sbrk_aligned
                0x0000000008003e08       0x40 /usr/bin/../lib/gcc/arm-none-eabi/10.3.1/../../../../arm-none-eabi/lib/thumb/v7e-m+fp/hard/libc_nano.a(lib_a-nano-mallocr.o)
 .text._malloc_r
                0x0000000008003e48       0xe8 /usr/bin/../lib/gcc/arm-none-eabi/10.3.1/../../../../arm-none-eabi/lib/thumb/v7e-m+fp/hard/libc_nano.a(lib_a-nano-mallocr.o)
                0x0000000008003e48                _malloc_r
 .text.__sfputc_r
                0x0000000008003f30       0x2e /usr/bin/../lib/gcc/arm-none-eabi/10.3.1/../../../../arm-none-eabi/lib/thumb/v7e-m+fp/hard/libc_nano.a(lib_a-nano-vfprintf.o)
 .text.__sfputs_r
                0x0000000008003f5e       0x24 /usr/bin/../lib/gcc/arm-none-eabi/10.3.1/../../../../arm-none-eabi/lib/thumb/v7e-m+fp/hard/libc_nano.a(lib_a-nano-vfprintf.o)
                0x0000000008003f5e                __sfputs_r
 *fill*         0x0000000008003f82        0x2 
 .text._vfprintf_r
                0x0000000008003f84      0x260 /usr/bin/../lib/gcc/arm-none-eabi/10.3.1/../../../../arm-none-eabi/lib/thumb/v7e-m+fp/hard/libc_nano.a(lib_a-nano-vfprintf.o)
                0x0000000008003f84                _vfiprintf_r
                0x0000000008003f84                _vfprintf_r
 .text._printf_common
                0x00000000080041e4       0xda /usr/bin/../lib/gcc/arm-none-eabi/10.3.1/../../../../arm-none-eabi/lib/thumb/v7e-m+fp/hard/libc_nano.a(lib_a-nano-vfprintf_i.o)
                0x00000000080041e4                _printf_common
 *fill*         0x00000000080042be        0x2 
 .text._printf_i
                0x00000000080042c0      0x24c /usr/bin/../lib/gcc/arm-none-eabi/10.3.1/../../../../arm-none-eabi/lib/thumb/v7e-m+fp/hard/libc_nano.a(lib_a-nano-vfprintf_i.o)
                0x00000000080042c0                _printf_i
 .text._sbrk_r  0x000000000800450c       0x20 /usr/bin/../lib/gcc/arm-none-eabi/10.3.1/../../../../arm-none-eabi/lib/thumb/v7e-m+fp/hard/libc_nano.a(lib_a-sbrkr.o)
                0x000000000800450c                _sbrk_r
 .text._raise_r
                0x000000000800452c       0x50 /usr/bin/../lib/gcc/arm-none-eabi/10.3.1/../../../../arm-none-eabi/lib/thumb/v7e-m+fp/hard/libc_nano.a(lib_a-signal.o)
                0x000000000800452c                _raise_r
 .text.raise    0x000000000800457c       0x10 /usr/bin/../lib/gcc/arm-none-eabi/10.3.1/../../../../arm-none-eabi/lib/thumb/v7e-m+fp/hard/libc_nano.a(lib_a-signal.o)
                0x000000000800457c                raise
 .text._kill_r  0x000000000800458c       0x24 /usr/bin/../lib/gcc/arm-none-eabi/10.3.1/../../../../arm-none-eabi/lib/thumb/v7e-m+fp/hard/libc_nano.a(lib_a-signalr.o)
                0x000000000800458c                _kill_r
 .text._getpid_r
                0x00000000080045b0        0x4 /usr/bin/../lib/gcc/arm-none-eabi/10.3.1/../../../../arm-none-eabi/lib/thumb/v7e-m+fp/hard/libc_nano.a(lib_a-signalr.o)
                0x00000000080045b0                _getpid_r
 .text.sscanf   0x00000000080045b4       0x58 /usr/bin/../lib/gcc/arm-none-eabi/10.3.1/../../../../arm-none-eabi/lib/thumb/v7e-m+fp/hard/libc_nano.a(lib_a-sscanf.o)
                0x00000000080045b4                sscanf
                0x00000000080045b4                siscanf
 .text.__sread  0x000000000800460c       0x22 /usr/bin/../lib/gcc/arm-none-eabi/10.3.1/../../../../arm-none-eabi/lib/thumb/v7e-m+fp/hard/libc_nano.a(lib_a-stdio.o)
                0x000000000800460c                __sread
 .text.__seofread
                0x000000000800462e        0x4 /usr/bin/../lib/gcc/arm-none-eabi/10.3.1/../../../../arm-none-eabi/lib/thumb/v7e-m+fp/hard/libc_nano.a(lib_a-stdio.o)
                0x000000000800462e                __seofread
 .text.__swrite
                0x0000000008004632       0x38 /usr/bin/../lib/gcc/arm-none-eabi/10.3.1/../../../../arm-none-eabi/lib/thumb/v7e-m+fp/hard/libc_nano.a(lib_a-stdio.o)
                0x0000000008004632                __swrite
 .text.__sseek  0x000000000800466a       0x24 /usr/bin/../lib/gcc/arm-none-eabi/10.3.1/../../../../arm-none-eabi/lib/thumb/v7e-m+fp/hard/libc_nano.a(lib_a-stdio.o)
                0x000000000800466a                __sseek
 .text.__sclose
                0x000000000800468e        0x8 /usr/bin/../lib/gcc/arm-none-eabi/10.3.1/../../../../arm-none-eabi/lib/thumb/v7e-m+fp/hard/libc_nano.a(lib_a-stdio.o)
                0x000000000800468e                __sclose
 *fill*         0x0000000008004696        0x2 
 .text.__swbuf_r
                0x0000000008004698       0xa4 /usr/bin/../lib/gcc/arm-none-eabi/10.3.1/../../../../arm-none-eabi/lib/thumb/v7e-m+fp/hard/libc_nano.a(lib_a-wbuf.o)
                0x0000000008004698                __swbuf_r
 .text._write_r
                0x000000000800473c       0x24 /usr/bin/../lib/gcc/arm-none-eabi/10.3.1/../../../../arm-none-eabi/lib/thumb/v7e-m+fp/hard/libc_nano.a(lib_a-writer.o)
                0x000000000800473c                _write_r
 .text.__swsetup_r
                0x0000000008004760       0xdc /usr/bin/../lib/gcc/arm-none-eabi/10.3.1/../../../../arm-none-eabi/lib/thumb/v7e-m+fp/hard/libc_nano.a(lib_a-wsetup.o)
                0x0000000008004760                __swsetup_r
 .text._close_r
                0x000000000800483c       0x20 /usr/bin/../lib/gcc/arm-none-eabi/10.3.1/../../../../arm-none-eabi/lib/thumb/v7e-m+fp/hard/libc_nano.a(lib_a-closer.o)
                0x000000000800483c                _close_r
 .text.__sflush_r
                0x000000000800485c      0x10c /usr/bin/../lib/gcc/arm-none-eabi/10.3.1/../../../../arm-none-eabi/lib/thumb/v7e-m+fp/hard/libc_nano.a(lib_a-fflush.o)
                0x000000000800485c                __sflush_r
 .text._fflush_r
                0x0000000008004968       0x78 /usr/bin/../lib/gcc/arm-none-eabi/10.3.1/../../../../arm-none-eabi/lib/thumb/v7e-m+fp/hard/libc_nano.a(lib_a-fflush.o)
                0x0000000008004968                _fflush_r
 .text.std      0x00000000080049e0       0x48 /usr/bin/../lib/gcc/arm-none-eabi/10.3.1/../../../../arm-none-eabi/lib/thumb/v7e-m+fp/hard/libc_nano.a(lib_a-findfp.o)
 .text._cleanup_r
                0x0000000008004a28        0xc /usr/bin/../lib/gcc/arm-none-eabi/10.3.1/../../../../arm-none-eabi/lib/thumb/v7e-m+fp/hard/libc_nano.a(lib_a-findfp.o)
                0x0000000008004a28                _cleanup_r
 .text.__sfmoreglue
                0x0000000008004a34       0x2c /usr/bin/../lib/gcc/arm-none-eabi/10.3.1/../../../../arm-none-eabi/lib/thumb/v7e-m+fp/hard/libc_nano.a(lib_a-findfp.o)
                0x0000000008004a34                __sfmoreglue
 .text.__sfp_lock_acquire
                0x0000000008004a60        0xc /usr/bin/../lib/gcc/arm-none-eabi/10.3.1/../../../../arm-none-eabi/lib/thumb/v7e-m+fp/hard/libc_nano.a(lib_a-findfp.o)
                0x0000000008004a60                __sfp_lock_acquire
 .text.__sfp_lock_release
                0x0000000008004a6c        0xc /usr/bin/../lib/gcc/arm-none-eabi/10.3.1/../../../../arm-none-eabi/lib/thumb/v7e-m+fp/hard/libc_nano.a(lib_a-findfp.o)
                0x0000000008004a6c                __sfp_lock_release
 .text.__sinit_lock_acquire
                0x0000000008004a78        0xc /usr/bin/../lib/gcc/arm-none-eabi/10.3.1/../../../../arm-none-eabi/lib/thumb/v7e-m+fp/hard/libc_nano.a(lib_a-findfp.o)
                0x0000000008004a78                __sinit_lock_acquire
 .text.__sinit_lock_release
                0x0000000008004a84        0xc /usr/bin/../lib/gcc/arm-none-eabi/10.3.1/../../../../arm-none-eabi/lib/thumb/v7e-m+fp/hard/libc_nano.a(lib_a-findfp.o)
                0x0000000008004a84                __sinit_lock_release
 .text.__sinit  0x0000000008004a90       0x70 /usr/bin/../lib/gcc/arm-none-eabi/10.3.1/../../../../arm-none-eabi/lib/thumb/v7e-m+fp/hard/libc_nano.a(lib_a-findfp.o)
                0x0000000008004a90                __sinit
 .text.__sfp    0x0000000008004b00       0x8c /usr/bin/../lib/gcc/arm-none-eabi/10.3.1/../../../../arm-none-eabi/lib/thumb/v7e-m+fp/hard/libc_nano.a(lib_a-findfp.o)
                0x0000000008004b00                __sfp
 .text._fwalk_reent
                0x0000000008004b8c       0x3e /usr/bin/../lib/gcc/arm-none-eabi/10.3.1/../../../../arm-none-eabi/lib/thumb/v7e-m+fp/hard/libc_nano.a(lib_a-fwalk.o)
                0x0000000008004b8c                _fwalk_reent
 .text.__retarget_lock_init_recursive
                0x0000000008004bca        0x2 /usr/bin/../lib/gcc/arm-none-eabi/10.3.1/../../../../arm-none-eabi/lib/thumb/v7e-m+fp/hard/libc_nano.a(lib_a-lock.o)
                0x0000000008004bca                __retarget_lock_init_recursive
 .text.__retarget_lock_acquire_recursive
                0x0000000008004bcc        0x2 /usr/bin/../lib/gcc/arm-none-eabi/10.3.1/../../../../arm-none-eabi/lib/thumb/v7e-m+fp/hard/libc_nano.a(lib_a-lock.o)
                0x0000000008004bcc                __retarget_lock_acquire_recursive
 .text.__retarget_lock_release_recursive
                0x0000000008004bce        0x2 /usr/bin/../lib/gcc/arm-none-eabi/10.3.1/../../../../arm-none-eabi/lib/thumb/v7e-m+fp/hard/libc_nano.a(lib_a-lock.o)
                0x0000000008004bce                __retarget_lock_release_recursive
 .text._lseek_r
                0x0000000008004bd0       0x24 /usr/bin/../lib/gcc/arm-none-eabi/10.3.1/../../../../arm-none-eabi/lib/thumb/v7e-m+fp/hard/libc_nano.a(lib_a-lseekr.o)
                0x0000000008004bd0                _lseek_r
 .text.__swhatbuf_r
                0x0000000008004bf4       0x4a /usr/bin/../lib/gcc/arm-none-eabi/10.3.1/../../../../arm-none-eabi/lib/thumb/v7e-m+fp/hard/libc_nano.a(lib_a-makebuf.o)
                0x0000000008004bf4                __swhatbuf_r
 *fill*         0x0000000008004c3e        0x2 
 .text.__smakebuf_r
                0x0000000008004c40       0x80 /usr/bin/../lib/gcc/arm-none-eabi/10.3.1/../../../../arm-none-eabi/lib/thumb/v7e-m+fp/hard/libc_nano.a(lib_a-makebuf.o)
                0x0000000008004c40                __smakebuf_r
 .text.__malloc_lock
                0x0000000008004cc0        0xc /usr/bin/../lib/gcc/arm-none-eabi/10.3.1/../../../../arm-none-eabi/lib/thumb/v7e-m+fp/hard/libc_nano.a(lib_a-mlock.o)
                0x0000000008004cc0                __malloc_lock
 .text.__malloc_unlock
                0x0000000008004ccc        0xc /usr/bin/../lib/gcc/arm-none-eabi/10.3.1/../../../../arm-none-eabi/lib/thumb/v7e-m+fp/hard/libc_nano.a(lib_a-mlock.o)
                0x0000000008004ccc                __malloc_unlock
 .text._realloc_r
                0x0000000008004cd8       0x5e /usr/bin/../lib/gcc/arm-none-eabi/10.3.1/../../../../arm-none-eabi/lib/thumb/v7e-m+fp/hard/libc_nano.a(lib_a-nano-reallocr.o)
                0x0000000008004cd8                _realloc_r
 .text._sungetc_r
                0x0000000008004d36       0x7a /usr/bin/../lib/gcc/arm-none-eabi/10.3.1/../../../../arm-none-eabi/lib/thumb/v7e-m+fp/hard/libc_nano.a(lib_a-nano-svfscanf.o)
                0x0000000008004d36                _sungetc_r
 .text.__ssrefill_r
                0x0000000008004db0       0x3a /usr/bin/../lib/gcc/arm-none-eabi/10.3.1/../../../../arm-none-eabi/lib/thumb/v7e-m+fp/hard/libc_nano.a(lib_a-nano-svfscanf.o)
                0x0000000008004db0                __ssrefill_r
 *fill*         0x0000000008004dea        0x2 
 .text.__ssvfscanf_r
                0x0000000008004dec      0x2f0 /usr/bin/../lib/gcc/arm-none-eabi/10.3.1/../../../../arm-none-eabi/lib/thumb/v7e-m+fp/hard/libc_nano.a(lib_a-nano-svfscanf.o)
                0x0000000008004dec                __ssvfscanf_r
                0x0000000008004dec                __ssvfiscanf_r
 .text._scanf_chars
                0x00000000080050dc       0xb4 /usr/bin/../lib/gcc/arm-none-eabi/10.3.1/../../../../arm-none-eabi/lib/thumb/v7e-m+fp/hard/libc_nano.a(lib_a-nano-vfscanf_i.o)
                0x00000000080050dc                _scanf_chars
 .text._scanf_i
                0x0000000008005190      0x1f0 /usr/bin/../lib/gcc/arm-none-eabi/10.3.1/../../../../arm-none-eabi/lib/thumb/v7e-m+fp/hard/libc_nano.a(lib_a-nano-vfscanf_i.o)
                0x0000000008005190                _scanf_i
 .text._read_r  0x0000000008005380       0x24 /usr/bin/../lib/gcc/arm-none-eabi/10.3.1/../../../../arm-none-eabi/lib/thumb/v7e-m+fp/hard/libc_nano.a(lib_a-readr.o)
                0x0000000008005380                _read_r
 .text.__sccl   0x00000000080053a4       0x70 /usr/bin/../lib/gcc/arm-none-eabi/10.3.1/../../../../arm-none-eabi/lib/thumb/v7e-m+fp/hard/libc_nano.a(lib_a-sccl.o)
                0x00000000080053a4                __sccl
 .text._strtol_l.constprop.0
                0x0000000008005414      0x104 /usr/bin/../lib/gcc/arm-none-eabi/10.3.1/../../../../arm-none-eabi/lib/thumb/v7e-m+fp/hard/libc_nano.a(lib_a-strtol.o)
 .text._strtol_r
                0x0000000008005518        0x4 /usr/bin/../lib/gcc/arm-none-eabi/10.3.1/../../../../arm-none-eabi/lib/thumb/v7e-m+fp/hard/libc_nano.a(lib_a-strtol.o)
                0x0000000008005518                _strtol_r
 .text._strtoul_l.constprop.0
                0x000000000800551c       0xe4 /usr/bin/../lib/gcc/arm-none-eabi/10.3.1/../../../../arm-none-eabi/lib/thumb/v7e-m+fp/hard/libc_nano.a(lib_a-strtoul.o)
 .text._strtoul_r
                0x0000000008005600        0x4 /usr/bin/../lib/gcc/arm-none-eabi/10.3.1/../../../../arm-none-eabi/lib/thumb/v7e-m+fp/hard/libc_nano.a(lib_a-strtoul.o)
                0x0000000008005600                _strtoul_r
 .text.__submore
                0x0000000008005604       0x74 /usr/bin/../lib/gcc/arm-none-eabi/10.3.1/../../../../arm-none-eabi/lib/thumb/v7e-m+fp/hard/libc_nano.a(lib_a-ungetc.o)
                0x0000000008005604                __submore
 .text._fstat_r
                0x0000000008005678       0x24 /usr/bin/../lib/gcc/arm-none-eabi/10.3.1/../../../../arm-none-eabi/lib/thumb/v7e-m+fp/hard/libc_nano.a(lib_a-fstatr.o)
                0x0000000008005678                _fstat_r
 .text._isatty_r
                0x000000000800569c       0x20 /usr/bin/../lib/gcc/arm-none-eabi/10.3.1/../../../../arm-none-eabi/lib/thumb/v7e-m+fp/hard/libc_nano.a(lib_a-isattyr.o)
                0x000000000800569c                _isatty_r
 .text._malloc_usable_size_r
                0x00000000080056bc       0x10 /usr/bin/../lib/gcc/arm-none-eabi/10.3.1/../../../../arm-none-eabi/lib/thumb/v7e-m+fp/hard/libc_nano.a(lib_a-nano-msizer.o)
                0x00000000080056bc                _malloc_usable_size_r
 .text._sbrk    0x00000000080056cc       0x1c /usr/bin/../lib/gcc/arm-none-eabi/10.3.1/../../../../arm-none-eabi/lib/thumb/v7e-m+fp/hard/libnosys.a(sbrk.o)
                0x00000000080056cc                _sbrk
 *(.glue_7)
 .glue_7        0x00000000080056e8        0x0 linker stubs
 *(.glue_7t)
 .glue_7t       0x00000000080056e8        0x0 linker stubs
 *(.eh_frame)
 .eh_frame      0x00000000080056e8        0x0 /usr/bin/../lib/gcc/arm-none-eabi/10.3.1/thumb/v7e-m+fp/hard/crtbegin.o
 *(.init)
 .init          0x00000000080056e8        0x4 /usr/bin/../lib/gcc/arm-none-eabi/10.3.1/thumb/v7e-m+fp/hard/crti.o
                0x00000000080056e8                _init
 .init          0x00000000080056ec        0x8 /usr/bin/../lib/gcc/arm-none-eabi/10.3.1/thumb/v7e-m+fp/hard/crtn.o
 *(.fini)
 .fini          0x00000000080056f4        0x4 /usr/bin/../lib/gcc/arm-none-eabi/10.3.1/thumb/v7e-m+fp/hard/crti.o
                0x00000000080056f4                _fini
 .fini          0x00000000080056f8        0x8 /usr/bin/../lib/gcc/arm-none-eabi/10.3.1/thumb/v7e-m+fp/hard/crtn.o
                0x0000000008005700                . = ALIGN (0x4)
                0x0000000008005700                _etext = .

.vfp11_veneer   0x0000000008005700        0x0
 .vfp11_veneer  0x0000000008005700        0x0 linker stubs

.v4_bx          0x0000000008005700        0x0
 .v4_bx         0x0000000008005700        0x0 linker stubs

.iplt           0x0000000008005700        0x0
 .iplt          0x0000000008005700        0x0 /usr/bin/../lib/gcc/arm-none-eabi/10.3.1/thumb/v7e-m+fp/hard/crtbegin.o

.rodata         0x0000000008005700      0x78c
                0x0000000008005700                . = ALIGN (0x4)
 *(.rodata)
 .rodata        0x0000000008005700      0x405 ./Src/Drivers/GPIO.o
 *fill*         0x0000000008005b05        0x3 
 .rodata        0x0000000008005b08       0x6e ./Src/Drivers/basicTimer.o
 *fill*         0x0000000008005b76        0x2 
 .rodata        0x0000000008005b78       0xd7 ./Src/Drivers/USART.o
 *fill*         0x0000000008005c4f        0x1 
 .rodata        0x0000000008005c50        0xc /usr/bin/../lib/gcc/arm-none-eabi/10.3.1/../../../../arm-none-eabi/lib/thumb/v7e-m+fp/hard/libc_nano.a(lib_a-nano-vfscanf_i.o)
 *(.rodata*)
 .rodata._ZTVN12timNameSpace10basicTimerE
                0x0000000008005c5c       0x40 ./Src/Drivers/basicTimer.o
                0x0000000008005c5c                vtable for timNameSpace::basicTimer
 .rodata.__assert_func.str1.1
                0x0000000008005c9c       0x3c /usr/bin/../lib/gcc/arm-none-eabi/10.3.1/../../../../arm-none-eabi/lib/thumb/v7e-m+fp/hard/libc_nano.a(lib_a-assert.o)
                                         0x3d (size before relaxing)
 .rodata._global_impure_ptr
                0x0000000008005cd8        0x4 /usr/bin/../lib/gcc/arm-none-eabi/10.3.1/../../../../arm-none-eabi/lib/thumb/v7e-m+fp/hard/libc_nano.a(lib_a-impure.o)
                0x0000000008005cd8                _global_impure_ptr
 .rodata._vfprintf_r.str1.1
                0x0000000008005cdc       0x11 /usr/bin/../lib/gcc/arm-none-eabi/10.3.1/../../../../arm-none-eabi/lib/thumb/v7e-m+fp/hard/libc_nano.a(lib_a-nano-vfprintf.o)
 .rodata._printf_i.str1.1
                0x0000000008005ced       0x22 /usr/bin/../lib/gcc/arm-none-eabi/10.3.1/../../../../arm-none-eabi/lib/thumb/v7e-m+fp/hard/libc_nano.a(lib_a-nano-vfprintf_i.o)
 *fill*         0x0000000008005d0f        0x1 
 .rodata.__sf_fake_stderr
                0x0000000008005d10       0x20 /usr/bin/../lib/gcc/arm-none-eabi/10.3.1/../../../../arm-none-eabi/lib/thumb/v7e-m+fp/hard/libc_nano.a(lib_a-findfp.o)
                0x0000000008005d10                __sf_fake_stderr
 .rodata.__sf_fake_stdin
                0x0000000008005d30       0x20 /usr/bin/../lib/gcc/arm-none-eabi/10.3.1/../../../../arm-none-eabi/lib/thumb/v7e-m+fp/hard/libc_nano.a(lib_a-findfp.o)
                0x0000000008005d30                __sf_fake_stdin
 .rodata.__sf_fake_stdout
                0x0000000008005d50       0x20 /usr/bin/../lib/gcc/arm-none-eabi/10.3.1/../../../../arm-none-eabi/lib/thumb/v7e-m+fp/hard/libc_nano.a(lib_a-findfp.o)
                0x0000000008005d50                __sf_fake_stdout
 .rodata.__ssvfscanf_r.str1.1
                0x0000000008005d70        0x4 /usr/bin/../lib/gcc/arm-none-eabi/10.3.1/../../../../arm-none-eabi/lib/thumb/v7e-m+fp/hard/libc_nano.a(lib_a-nano-svfscanf.o)
 .rodata.str1.1
                0x0000000008005d70        0x9 /usr/bin/../lib/gcc/arm-none-eabi/10.3.1/../../../../arm-none-eabi/lib/thumb/v7e-m+fp/hard/libc_nano.a(lib_a-nano-vfscanf_i.o)
 .rodata._scanf_i.str1.1
                0x0000000008005d79       0x12 /usr/bin/../lib/gcc/arm-none-eabi/10.3.1/../../../../arm-none-eabi/lib/thumb/v7e-m+fp/hard/libc_nano.a(lib_a-nano-vfscanf_i.o)
 .rodata._ctype_
                0x0000000008005d8b      0x101 /usr/bin/../lib/gcc/arm-none-eabi/10.3.1/../../../../arm-none-eabi/lib/thumb/v7e-m+fp/hard/libc_nano.a(lib_a-ctype_.o)
                0x0000000008005d8b                _ctype_
                0x0000000008005e8c                . = ALIGN (0x4)

.rel.dyn        0x0000000008005e8c        0x0
 .rel.iplt      0x0000000008005e8c        0x0 /usr/bin/../lib/gcc/arm-none-eabi/10.3.1/thumb/v7e-m+fp/hard/crtbegin.o

.ARM.extab      0x0000000008005e8c        0x0
                0x0000000008005e8c                . = ALIGN (0x4)
 *(.ARM.extab* .gnu.linkonce.armextab.*)
                0x0000000008005e8c                . = ALIGN (0x4)

.ARM            0x0000000008005e8c        0x0
                0x0000000008005e8c                . = ALIGN (0x4)
                0x0000000008005e8c                __exidx_start = .
 *(.ARM.exidx*)
                0x0000000008005e8c                __exidx_end = .
                0x0000000008005e8c                . = ALIGN (0x4)

.preinit_array  0x0000000008005e8c        0x0
                0x0000000008005e8c                . = ALIGN (0x4)
                0x0000000008005e8c                PROVIDE (__preinit_array_start = .)
 *(.preinit_array*)
                0x0000000008005e8c                PROVIDE (__preinit_array_end = .)
                0x0000000008005e8c                . = ALIGN (0x4)

.init_array     0x0000000008005e8c        0x8
                0x0000000008005e8c                . = ALIGN (0x4)
                0x0000000008005e8c                PROVIDE (__init_array_start = .)
 *(SORT_BY_NAME(.init_array.*))
 *(.init_array*)
 .init_array    0x0000000008005e8c        0x4 /usr/bin/../lib/gcc/arm-none-eabi/10.3.1/thumb/v7e-m+fp/hard/crtbegin.o
 .init_array    0x0000000008005e90        0x4 ./Src/main.o
                0x0000000008005e94                PROVIDE (__init_array_end = .)
                0x0000000008005e94                . = ALIGN (0x4)

.fini_array     0x0000000008005e94        0x8
                0x0000000008005e94                . = ALIGN (0x4)
                [!provide]                        PROVIDE (__fini_array_start = .)
 *(SORT_BY_NAME(.fini_array.*))
 *(.fini_array*)
 .fini_array    0x0000000008005e94        0x4 /usr/bin/../lib/gcc/arm-none-eabi/10.3.1/thumb/v7e-m+fp/hard/crtbegin.o
 .fini_array    0x0000000008005e98        0x4 ./Src/main.o
                [!provide]                        PROVIDE (__fini_array_end = .)
                0x0000000008005e9c                . = ALIGN (0x4)
                0x0000000008005e9c                _sidata = LOADADDR (.data)

.data           0x0000000020000000       0xb4 load address 0x0000000008005e9c
                0x0000000020000000                . = ALIGN (0x4)
                0x0000000020000000                _sdata = .
 *(.data)
 *(.data*)
 .data.paramsFormat
                0x0000000020000000        0x4 ./Src/main.o
                0x0000000020000000                paramsFormat
 *fill*         0x0000000020000004        0x4 
 .data.defaultParams
                0x0000000020000008       0x18 ./Src/Drivers/basicTimer.o
                0x0000000020000008                defaultParams
 .data.defaultSettings
                0x0000000020000020       0x30 ./Src/Drivers/USART.o
                0x0000000020000020                defaultSettings
 .data._impure_ptr
                0x0000000020000050        0x4 /usr/bin/../lib/gcc/arm-none-eabi/10.3.1/../../../../arm-none-eabi/lib/thumb/v7e-m+fp/hard/libc_nano.a(lib_a-impure.o)
                0x0000000020000050                _impure_ptr
 .data.impure_data
                0x0000000020000054       0x60 /usr/bin/../lib/gcc/arm-none-eabi/10.3.1/../../../../arm-none-eabi/lib/thumb/v7e-m+fp/hard/libc_nano.a(lib_a-impure.o)
 *(.RamFunc)
 *(.RamFunc*)
                0x00000000200000b4                . = ALIGN (0x4)
                0x00000000200000b4                _edata = .

.igot.plt       0x00000000200000b4        0x0 load address 0x0000000008005f50
 .igot.plt      0x00000000200000b4        0x0 /usr/bin/../lib/gcc/arm-none-eabi/10.3.1/thumb/v7e-m+fp/hard/crtbegin.o
                0x00000000200000b4                . = ALIGN (0x4)

.bss            0x00000000200000b8      0x1c4 load address 0x0000000008005f50
                0x00000000200000b8                _sbss = .
                0x00000000200000b8                __bss_start__ = _sbss
 *(.bss)
 .bss           0x00000000200000b8       0x1c /usr/bin/../lib/gcc/arm-none-eabi/10.3.1/thumb/v7e-m+fp/hard/crtbegin.o
 *(.bss*)
 .bss.ledStatus
                0x00000000200000d4       0x34 ./Src/main.o
                0x00000000200000d4                ledStatus
 .bss.systemStatusTimer
                0x0000000020000108       0x78 ./Src/main.o
                0x0000000020000108                systemStatusTimer
 .bss.coms      0x0000000020000180       0xc8 ./Src/main.o
                0x0000000020000180                coms
 .bss.parameters
                0x0000000020000248        0x4 ./Src/main.o
                0x0000000020000248                parameters
 .bss._ZN13gpioNameSpace4GPIO16extiLinesEnabledE
                0x000000002000024c        0x2 ./Src/Drivers/GPIO.o
                0x000000002000024c                gpioNameSpace::GPIO::extiLinesEnabled
 *fill*         0x000000002000024e        0x2 
 .bss._ZN13gpioNameSpace4GPIO18allocatedResourcesE
                0x0000000020000250       0x10 ./Src/Drivers/GPIO.o
                0x0000000020000250                gpioNameSpace::GPIO::allocatedResources
 .bss.dataRegister
                0x0000000020000260        0x1 ./Src/Drivers/USART.o
                0x0000000020000260                dataRegister
 *fill*         0x0000000020000261        0x3 
 .bss._ZN12_GLOBAL__N_113__new_handlerE
                0x0000000020000264        0x4 /usr/bin/../lib/gcc/arm-none-eabi/10.3.1/../../../../arm-none-eabi/lib/thumb/v7e-m+fp/hard/libstdc++_nano.a(new_handler.o)
 .bss.__malloc_free_list
                0x0000000020000268        0x4 /usr/bin/../lib/gcc/arm-none-eabi/10.3.1/../../../../arm-none-eabi/lib/thumb/v7e-m+fp/hard/libc_nano.a(lib_a-nano-mallocr.o)
                0x0000000020000268                __malloc_free_list
 .bss.__malloc_sbrk_start
                0x000000002000026c        0x4 /usr/bin/../lib/gcc/arm-none-eabi/10.3.1/../../../../arm-none-eabi/lib/thumb/v7e-m+fp/hard/libc_nano.a(lib_a-nano-mallocr.o)
                0x000000002000026c                __malloc_sbrk_start
 .bss.__lock___malloc_recursive_mutex
                0x0000000020000270        0x1 /usr/bin/../lib/gcc/arm-none-eabi/10.3.1/../../../../arm-none-eabi/lib/thumb/v7e-m+fp/hard/libc_nano.a(lib_a-lock.o)
                0x0000000020000270                __lock___malloc_recursive_mutex
 .bss.__lock___sfp_recursive_mutex
                0x0000000020000271        0x1 /usr/bin/../lib/gcc/arm-none-eabi/10.3.1/../../../../arm-none-eabi/lib/thumb/v7e-m+fp/hard/libc_nano.a(lib_a-lock.o)
                0x0000000020000271                __lock___sfp_recursive_mutex
 .bss.__lock___sinit_recursive_mutex
                0x0000000020000272        0x1 /usr/bin/../lib/gcc/arm-none-eabi/10.3.1/../../../../arm-none-eabi/lib/thumb/v7e-m+fp/hard/libc_nano.a(lib_a-lock.o)
                0x0000000020000272                __lock___sinit_recursive_mutex
 *fill*         0x0000000020000273        0x1 
 .bss.errno     0x0000000020000274        0x4 /usr/bin/../lib/gcc/arm-none-eabi/10.3.1/../../../../arm-none-eabi/lib/thumb/v7e-m+fp/hard/libc_nano.a(lib_a-reent.o)
                0x0000000020000274                errno
 .bss.heap_end.0
                0x0000000020000278        0x4 /usr/bin/../lib/gcc/arm-none-eabi/10.3.1/../../../../arm-none-eabi/lib/thumb/v7e-m+fp/hard/libnosys.a(sbrk.o)
 *(COMMON)
                0x000000002000027c                . = ALIGN (0x4)
                0x000000002000027c                _ebss = .
                0x000000002000027c                __bss_end__ = _ebss

._user_heap_stack
                0x000000002000027c      0x604 load address 0x0000000008005f50
                0x0000000020000280                . = ALIGN (0x8)
 *fill*         0x000000002000027c        0x4 
                0x0000000020000280                PROVIDE (end = .)
                [!provide]                        PROVIDE (_end = .)
                0x0000000020000480                . = (. + _Min_Heap_Size)
 *fill*         0x0000000020000280      0x200 
                0x0000000020000880                . = (. + _Min_Stack_Size)
 *fill*         0x0000000020000480      0x400 
                0x0000000020000880                . = ALIGN (0x8)

/DISCARD/
 libc.a(*)
 libm.a(*)
 libgcc.a(*)

.ARM.attributes
                0x0000000000000000       0x30
 *(.ARM.attributes)
 .ARM.attributes
                0x0000000000000000       0x1e /usr/bin/../lib/gcc/arm-none-eabi/10.3.1/thumb/v7e-m+fp/hard/crti.o
 .ARM.attributes
                0x000000000000001e       0x34 /usr/bin/../lib/gcc/arm-none-eabi/10.3.1/thumb/v7e-m+fp/hard/crtbegin.o
 .ARM.attributes
                0x0000000000000052       0x34 ./Src/main.o
 .ARM.attributes
                0x0000000000000086       0x34 ./Src/syscalls.o
 .ARM.attributes
                0x00000000000000ba       0x34 ./Startup/stm32_startup.o
 .ARM.attributes
                0x00000000000000ee       0x34 ./Src/Drivers/GPIO.o
 .ARM.attributes
                0x0000000000000122       0x34 ./Src/Drivers/basicTimer.o
 .ARM.attributes
                0x0000000000000156       0x34 ./Src/Drivers/USART.o
 .ARM.attributes
                0x000000000000018a       0x34 /usr/bin/../lib/gcc/arm-none-eabi/10.3.1/../../../../arm-none-eabi/lib/thumb/v7e-m+fp/hard/libstdc++_nano.a(new_op.o)
 .ARM.attributes
                0x00000000000001be       0x34 /usr/bin/../lib/gcc/arm-none-eabi/10.3.1/../../../../arm-none-eabi/lib/thumb/v7e-m+fp/hard/libstdc++_nano.a(new_handler.o)
 .ARM.attributes
                0x00000000000001f2       0x34 /usr/bin/../lib/gcc/arm-none-eabi/10.3.1/../../../../arm-none-eabi/lib/thumb/v7e-m+fp/hard/libc_nano.a(lib_a-abort.o)
 .ARM.attributes
                0x0000000000000226       0x34 /usr/bin/../lib/gcc/arm-none-eabi/10.3.1/../../../../arm-none-eabi/lib/thumb/v7e-m+fp/hard/libc_nano.a(lib_a-assert.o)
 .ARM.attributes
                0x000000000000025a       0x34 /usr/bin/../lib/gcc/arm-none-eabi/10.3.1/../../../../arm-none-eabi/lib/thumb/v7e-m+fp/hard/libc_nano.a(lib_a-calloc.o)
 .ARM.attributes
                0x000000000000028e       0x34 /usr/bin/../lib/gcc/arm-none-eabi/10.3.1/../../../../arm-none-eabi/lib/thumb/v7e-m+fp/hard/libc_nano.a(lib_a-errno.o)
 .ARM.attributes
                0x00000000000002c2       0x34 /usr/bin/../lib/gcc/arm-none-eabi/10.3.1/../../../../arm-none-eabi/lib/thumb/v7e-m+fp/hard/libc_nano.a(lib_a-fprintf.o)
 .ARM.attributes
                0x00000000000002f6       0x34 /usr/bin/../lib/gcc/arm-none-eabi/10.3.1/../../../../arm-none-eabi/lib/thumb/v7e-m+fp/hard/libc_nano.a(lib_a-impure.o)
 .ARM.attributes
                0x000000000000032a       0x34 /usr/bin/../lib/gcc/arm-none-eabi/10.3.1/../../../../arm-none-eabi/lib/thumb/v7e-m+fp/hard/libc_nano.a(lib_a-init.o)
 .ARM.attributes
                0x000000000000035e       0x34 /usr/bin/../lib/gcc/arm-none-eabi/10.3.1/../../../../arm-none-eabi/lib/thumb/v7e-m+fp/hard/libc_nano.a(lib_a-malloc.o)
 .ARM.attributes
                0x0000000000000392       0x34 /usr/bin/../lib/gcc/arm-none-eabi/10.3.1/../../../../arm-none-eabi/lib/thumb/v7e-m+fp/hard/libc_nano.a(lib_a-memcpy-stub.o)
 .ARM.attributes
                0x00000000000003c6       0x34 /usr/bin/../lib/gcc/arm-none-eabi/10.3.1/../../../../arm-none-eabi/lib/thumb/v7e-m+fp/hard/libc_nano.a(lib_a-memset.o)
 .ARM.attributes
                0x00000000000003fa       0x34 /usr/bin/../lib/gcc/arm-none-eabi/10.3.1/../../../../arm-none-eabi/lib/thumb/v7e-m+fp/hard/libc_nano.a(lib_a-nano-callocr.o)
 .ARM.attributes
                0x000000000000042e       0x34 /usr/bin/../lib/gcc/arm-none-eabi/10.3.1/../../../../arm-none-eabi/lib/thumb/v7e-m+fp/hard/libc_nano.a(lib_a-nano-freer.o)
 .ARM.attributes
                0x0000000000000462       0x34 /usr/bin/../lib/gcc/arm-none-eabi/10.3.1/../../../../arm-none-eabi/lib/thumb/v7e-m+fp/hard/libc_nano.a(lib_a-nano-mallocr.o)
 .ARM.attributes
                0x0000000000000496       0x34 /usr/bin/../lib/gcc/arm-none-eabi/10.3.1/../../../../arm-none-eabi/lib/thumb/v7e-m+fp/hard/libc_nano.a(lib_a-nano-vfprintf.o)
 .ARM.attributes
                0x00000000000004ca       0x34 /usr/bin/../lib/gcc/arm-none-eabi/10.3.1/../../../../arm-none-eabi/lib/thumb/v7e-m+fp/hard/libc_nano.a(lib_a-nano-vfprintf_i.o)
 .ARM.attributes
                0x00000000000004fe       0x34 /usr/bin/../lib/gcc/arm-none-eabi/10.3.1/../../../../arm-none-eabi/lib/thumb/v7e-m+fp/hard/libc_nano.a(lib_a-sbrkr.o)
 .ARM.attributes
                0x0000000000000532       0x34 /usr/bin/../lib/gcc/arm-none-eabi/10.3.1/../../../../arm-none-eabi/lib/thumb/v7e-m+fp/hard/libc_nano.a(lib_a-signal.o)
 .ARM.attributes
                0x0000000000000566       0x34 /usr/bin/../lib/gcc/arm-none-eabi/10.3.1/../../../../arm-none-eabi/lib/thumb/v7e-m+fp/hard/libc_nano.a(lib_a-signalr.o)
 .ARM.attributes
                0x000000000000059a       0x34 /usr/bin/../lib/gcc/arm-none-eabi/10.3.1/../../../../arm-none-eabi/lib/thumb/v7e-m+fp/hard/libc_nano.a(lib_a-sscanf.o)
 .ARM.attributes
                0x00000000000005ce       0x34 /usr/bin/../lib/gcc/arm-none-eabi/10.3.1/../../../../arm-none-eabi/lib/thumb/v7e-m+fp/hard/libc_nano.a(lib_a-stdio.o)
 .ARM.attributes
                0x0000000000000602       0x17 /usr/bin/../lib/gcc/arm-none-eabi/10.3.1/../../../../arm-none-eabi/lib/thumb/v7e-m+fp/hard/libc_nano.a(lib_a-strlen.o)
 .ARM.attributes
                0x0000000000000619       0x34 /usr/bin/../lib/gcc/arm-none-eabi/10.3.1/../../../../arm-none-eabi/lib/thumb/v7e-m+fp/hard/libc_nano.a(lib_a-wbuf.o)
 .ARM.attributes
                0x000000000000064d       0x34 /usr/bin/../lib/gcc/arm-none-eabi/10.3.1/../../../../arm-none-eabi/lib/thumb/v7e-m+fp/hard/libc_nano.a(lib_a-writer.o)
 .ARM.attributes
                0x0000000000000681       0x34 /usr/bin/../lib/gcc/arm-none-eabi/10.3.1/../../../../arm-none-eabi/lib/thumb/v7e-m+fp/hard/libc_nano.a(lib_a-wsetup.o)
 .ARM.attributes
                0x00000000000006b5       0x34 /usr/bin/../lib/gcc/arm-none-eabi/10.3.1/../../../../arm-none-eabi/lib/thumb/v7e-m+fp/hard/libc_nano.a(lib_a-closer.o)
 .ARM.attributes
                0x00000000000006e9       0x34 /usr/bin/../lib/gcc/arm-none-eabi/10.3.1/../../../../arm-none-eabi/lib/thumb/v7e-m+fp/hard/libc_nano.a(lib_a-fflush.o)
 .ARM.attributes
                0x000000000000071d       0x34 /usr/bin/../lib/gcc/arm-none-eabi/10.3.1/../../../../arm-none-eabi/lib/thumb/v7e-m+fp/hard/libc_nano.a(lib_a-findfp.o)
 .ARM.attributes
                0x0000000000000751       0x34 /usr/bin/../lib/gcc/arm-none-eabi/10.3.1/../../../../arm-none-eabi/lib/thumb/v7e-m+fp/hard/libc_nano.a(lib_a-fwalk.o)
 .ARM.attributes
                0x0000000000000785       0x34 /usr/bin/../lib/gcc/arm-none-eabi/10.3.1/../../../../arm-none-eabi/lib/thumb/v7e-m+fp/hard/libc_nano.a(lib_a-lock.o)
 .ARM.attributes
                0x00000000000007b9       0x34 /usr/bin/../lib/gcc/arm-none-eabi/10.3.1/../../../../arm-none-eabi/lib/thumb/v7e-m+fp/hard/libc_nano.a(lib_a-lseekr.o)
 .ARM.attributes
                0x00000000000007ed       0x34 /usr/bin/../lib/gcc/arm-none-eabi/10.3.1/../../../../arm-none-eabi/lib/thumb/v7e-m+fp/hard/libc_nano.a(lib_a-makebuf.o)
 .ARM.attributes
                0x0000000000000821       0x1c /usr/bin/../lib/gcc/arm-none-eabi/10.3.1/../../../../arm-none-eabi/lib/thumb/v7e-m+fp/hard/libc_nano.a(lib_a-memchr.o)
 .ARM.attributes
                0x000000000000083d       0x34 /usr/bin/../lib/gcc/arm-none-eabi/10.3.1/../../../../arm-none-eabi/lib/thumb/v7e-m+fp/hard/libc_nano.a(lib_a-mlock.o)
 .ARM.attributes
                0x0000000000000871       0x34 /usr/bin/../lib/gcc/arm-none-eabi/10.3.1/../../../../arm-none-eabi/lib/thumb/v7e-m+fp/hard/libc_nano.a(lib_a-nano-reallocr.o)
 .ARM.attributes
                0x00000000000008a5       0x34 /usr/bin/../lib/gcc/arm-none-eabi/10.3.1/../../../../arm-none-eabi/lib/thumb/v7e-m+fp/hard/libc_nano.a(lib_a-nano-svfscanf.o)
 .ARM.attributes
                0x00000000000008d9       0x34 /usr/bin/../lib/gcc/arm-none-eabi/10.3.1/../../../../arm-none-eabi/lib/thumb/v7e-m+fp/hard/libc_nano.a(lib_a-nano-vfscanf_i.o)
 .ARM.attributes
                0x000000000000090d       0x34 /usr/bin/../lib/gcc/arm-none-eabi/10.3.1/../../../../arm-none-eabi/lib/thumb/v7e-m+fp/hard/libc_nano.a(lib_a-readr.o)
 .ARM.attributes
                0x0000000000000941       0x34 /usr/bin/../lib/gcc/arm-none-eabi/10.3.1/../../../../arm-none-eabi/lib/thumb/v7e-m+fp/hard/libc_nano.a(lib_a-reent.o)
 .ARM.attributes
                0x0000000000000975       0x34 /usr/bin/../lib/gcc/arm-none-eabi/10.3.1/../../../../arm-none-eabi/lib/thumb/v7e-m+fp/hard/libc_nano.a(lib_a-sccl.o)
 .ARM.attributes
                0x00000000000009a9       0x34 /usr/bin/../lib/gcc/arm-none-eabi/10.3.1/../../../../arm-none-eabi/lib/thumb/v7e-m+fp/hard/libc_nano.a(lib_a-strtol.o)
 .ARM.attributes
                0x00000000000009dd       0x34 /usr/bin/../lib/gcc/arm-none-eabi/10.3.1/../../../../arm-none-eabi/lib/thumb/v7e-m+fp/hard/libc_nano.a(lib_a-strtoul.o)
 .ARM.attributes
                0x0000000000000a11       0x34 /usr/bin/../lib/gcc/arm-none-eabi/10.3.1/../../../../arm-none-eabi/lib/thumb/v7e-m+fp/hard/libc_nano.a(lib_a-ungetc.o)
 .ARM.attributes
                0x0000000000000a45       0x34 /usr/bin/../lib/gcc/arm-none-eabi/10.3.1/../../../../arm-none-eabi/lib/thumb/v7e-m+fp/hard/libc_nano.a(lib_a-ctype_.o)
 .ARM.attributes
                0x0000000000000a79       0x34 /usr/bin/../lib/gcc/arm-none-eabi/10.3.1/../../../../arm-none-eabi/lib/thumb/v7e-m+fp/hard/libc_nano.a(lib_a-fstatr.o)
 .ARM.attributes
                0x0000000000000aad       0x34 /usr/bin/../lib/gcc/arm-none-eabi/10.3.1/../../../../arm-none-eabi/lib/thumb/v7e-m+fp/hard/libc_nano.a(lib_a-isattyr.o)
 .ARM.attributes
                0x0000000000000ae1       0x34 /usr/bin/../lib/gcc/arm-none-eabi/10.3.1/../../../../arm-none-eabi/lib/thumb/v7e-m+fp/hard/libc_nano.a(lib_a-nano-msizer.o)
 .ARM.attributes
                0x0000000000000b15       0x1e /usr/bin/../lib/gcc/arm-none-eabi/10.3.1/thumb/v7e-m+fp/hard/libgcc.a(_arm_addsubdf3.o)
 .ARM.attributes
                0x0000000000000b33       0x1e /usr/bin/../lib/gcc/arm-none-eabi/10.3.1/thumb/v7e-m+fp/hard/libgcc.a(_arm_muldivdf3.o)
 .ARM.attributes
                0x0000000000000b51       0x1e /usr/bin/../lib/gcc/arm-none-eabi/10.3.1/thumb/v7e-m+fp/hard/libgcc.a(_arm_fixunsdfsi.o)
 .ARM.attributes
                0x0000000000000b6f       0x34 /usr/bin/../lib/gcc/arm-none-eabi/10.3.1/../../../../arm-none-eabi/lib/thumb/v7e-m+fp/hard/libnosys.a(sbrk.o)
 .ARM.attributes
                0x0000000000000ba3       0x1e /usr/bin/../lib/gcc/arm-none-eabi/10.3.1/thumb/v7e-m+fp/hard/crtn.o
OUTPUT(primer.elf elf32-littlearm)
LOAD linker stubs
LOAD /usr/bin/../lib/gcc/arm-none-eabi/10.3.1/../../../../arm-none-eabi/lib/thumb/v7e-m+fp/hard/libc.a
LOAD /usr/bin/../lib/gcc/arm-none-eabi/10.3.1/../../../../arm-none-eabi/lib/thumb/v7e-m+fp/hard/libm.a
LOAD /usr/bin/../lib/gcc/arm-none-eabi/10.3.1/thumb/v7e-m+fp/hard/libgcc.a

.debug_info     0x0000000000000000     0x8ae6
 .debug_info    0x0000000000000000     0x1f74 ./Src/main.o
 .debug_info    0x0000000000001f74      0x6b2 ./Src/syscalls.o
 .debug_info    0x0000000000002626       0xfd ./Startup/stm32_startup.o
 .debug_info    0x0000000000002723     0x25e5 ./Src/Drivers/GPIO.o
 .debug_info    0x0000000000004d08     0x12d7 ./Src/Drivers/basicTimer.o
 .debug_info    0x0000000000005fdf     0x2b07 ./Src/Drivers/USART.o

.debug_abbrev   0x0000000000000000     0x168b
 .debug_abbrev  0x0000000000000000      0x4f9 ./Src/main.o
 .debug_abbrev  0x00000000000004f9      0x180 ./Src/syscalls.o
 .debug_abbrev  0x0000000000000679       0xa9 ./Startup/stm32_startup.o
 .debug_abbrev  0x0000000000000722      0x51e ./Src/Drivers/GPIO.o
 .debug_abbrev  0x0000000000000c40      0x431 ./Src/Drivers/basicTimer.o
 .debug_abbrev  0x0000000000001071      0x61a ./Src/Drivers/USART.o

.debug_aranges  0x0000000000000000      0x600
 .debug_aranges
                0x0000000000000000       0x78 ./Src/main.o
 .debug_aranges
                0x0000000000000078       0xa8 ./Src/syscalls.o
 .debug_aranges
                0x0000000000000120       0x28 ./Startup/stm32_startup.o
 .debug_aranges
                0x0000000000000148      0x248 ./Src/Drivers/GPIO.o
 .debug_aranges
                0x0000000000000390      0x128 ./Src/Drivers/basicTimer.o
 .debug_aranges
                0x00000000000004b8      0x148 ./Src/Drivers/USART.o

.debug_ranges   0x0000000000000000      0x5b8
 .debug_ranges  0x0000000000000000       0x68 ./Src/main.o
 .debug_ranges  0x0000000000000068       0x98 ./Src/syscalls.o
 .debug_ranges  0x0000000000000100       0x18 ./Startup/stm32_startup.o
 .debug_ranges  0x0000000000000118      0x250 ./Src/Drivers/GPIO.o
 .debug_ranges  0x0000000000000368      0x118 ./Src/Drivers/basicTimer.o
 .debug_ranges  0x0000000000000480      0x138 ./Src/Drivers/USART.o

.debug_macro    0x0000000000000000    0x1208a
 .debug_macro   0x0000000000000000      0x355 ./Src/main.o
 .debug_macro   0x0000000000000355      0xb3e ./Src/main.o
 .debug_macro   0x0000000000000e93       0x22 ./Src/main.o
 .debug_macro   0x0000000000000eb5       0x16 ./Src/main.o
 .debug_macro   0x0000000000000ecb       0x46 ./Src/main.o
 .debug_macro   0x0000000000000f11      0x17b ./Src/main.o
 .debug_macro   0x000000000000108c       0x1c ./Src/main.o
 .debug_macro   0x00000000000010a8       0x22 ./Src/main.o
 .debug_macro   0x00000000000010ca       0x8e ./Src/main.o
 .debug_macro   0x0000000000001158       0x51 ./Src/main.o
 .debug_macro   0x00000000000011a9      0x103 ./Src/main.o
 .debug_macro   0x00000000000012ac       0x6a ./Src/main.o
 .debug_macro   0x0000000000001316      0x1df ./Src/main.o
 .debug_macro   0x00000000000014f5       0x28 ./Src/main.o
 .debug_macro   0x000000000000151d       0x1c ./Src/main.o
 .debug_macro   0x0000000000001539       0x22 ./Src/main.o
 .debug_macro   0x000000000000155b       0xd9 ./Src/main.o
 .debug_macro   0x0000000000001634     0x102d ./Src/main.o
 .debug_macro   0x0000000000002661      0x11f ./Src/main.o
 .debug_macro   0x0000000000002780     0xb953 ./Src/main.o
 .debug_macro   0x000000000000e0d3       0x52 ./Src/main.o
 .debug_macro   0x000000000000e125       0x1e ./Src/main.o
 .debug_macro   0x000000000000e143       0x3c ./Src/main.o
 .debug_macro   0x000000000000e17f       0x34 ./Src/main.o
 .debug_macro   0x000000000000e1b3       0x16 ./Src/main.o
 .debug_macro   0x000000000000e1c9       0x28 ./Src/main.o
 .debug_macro   0x000000000000e1f1       0x10 ./Src/main.o
 .debug_macro   0x000000000000e201       0x4e ./Src/main.o
 .debug_macro   0x000000000000e24f       0x1c ./Src/main.o
 .debug_macro   0x000000000000e26b       0x35 ./Src/main.o
 .debug_macro   0x000000000000e2a0      0x364 ./Src/main.o
 .debug_macro   0x000000000000e604       0x10 ./Src/main.o
 .debug_macro   0x000000000000e614       0x16 ./Src/main.o
 .debug_macro   0x000000000000e62a       0x43 ./Src/main.o
 .debug_macro   0x000000000000e66d       0x34 ./Src/main.o
 .debug_macro   0x000000000000e6a1       0x10 ./Src/main.o
 .debug_macro   0x000000000000e6b1       0x58 ./Src/main.o
 .debug_macro   0x000000000000e709       0x71 ./Src/main.o
 .debug_macro   0x000000000000e77a      0x12a ./Src/main.o
 .debug_macro   0x000000000000e8a4       0x10 ./Src/main.o
 .debug_macro   0x000000000000e8b4       0x1c ./Src/main.o
 .debug_macro   0x000000000000e8d0       0x52 ./Src/main.o
 .debug_macro   0x000000000000e922       0x22 ./Src/main.o
 .debug_macro   0x000000000000e944       0x10 ./Src/main.o
 .debug_macro   0x000000000000e954       0x52 ./Src/main.o
 .debug_macro   0x000000000000e9a6       0xd5 ./Src/main.o
 .debug_macro   0x000000000000ea7b       0x1c ./Src/main.o
 .debug_macro   0x000000000000ea97       0x3d ./Src/main.o
 .debug_macro   0x000000000000ead4       0x16 ./Src/main.o
 .debug_macro   0x000000000000eaea      0x137 ./Src/main.o
 .debug_macro   0x000000000000ec21       0x16 ./Src/main.o
 .debug_macro   0x000000000000ec37      0x18a ./Src/main.o
 .debug_macro   0x000000000000edc1       0x10 ./Src/main.o
 .debug_macro   0x000000000000edd1      0x3d1 ./Src/main.o
 .debug_macro   0x000000000000f1a2       0x10 ./Src/main.o
 .debug_macro   0x000000000000f1b2       0x16 ./Src/main.o
 .debug_macro   0x000000000000f1c8       0x16 ./Src/main.o
 .debug_macro   0x000000000000f1de       0x29 ./Src/main.o
 .debug_macro   0x000000000000f207       0x1c ./Src/main.o
 .debug_macro   0x000000000000f223       0xde ./Src/main.o
 .debug_macro   0x000000000000f301      0x24c ./Src/syscalls.o
 .debug_macro   0x000000000000f54d      0xa66 ./Src/syscalls.o
 .debug_macro   0x000000000000ffb3       0x4c ./Src/syscalls.o
 .debug_macro   0x000000000000ffff       0x94 ./Src/syscalls.o
 .debug_macro   0x0000000000010093       0x34 ./Src/syscalls.o
 .debug_macro   0x00000000000100c7       0x57 ./Src/syscalls.o
 .debug_macro   0x000000000001011e      0x174 ./Src/syscalls.o
 .debug_macro   0x0000000000010292      0x341 ./Src/syscalls.o
 .debug_macro   0x00000000000105d3       0x43 ./Src/syscalls.o
 .debug_macro   0x0000000000010616       0x1c ./Src/syscalls.o
 .debug_macro   0x0000000000010632       0x10 ./Src/syscalls.o
 .debug_macro   0x0000000000010642       0x35 ./Src/syscalls.o
 .debug_macro   0x0000000000010677       0x10 ./Src/syscalls.o
 .debug_macro   0x0000000000010687       0x10 ./Src/syscalls.o
 .debug_macro   0x0000000000010697       0x35 ./Src/syscalls.o
 .debug_macro   0x00000000000106cc      0x12c ./Src/syscalls.o
 .debug_macro   0x00000000000107f8       0x10 ./Src/syscalls.o
 .debug_macro   0x0000000000010808      0x241 ./Src/syscalls.o
 .debug_macro   0x0000000000010a49       0x10 ./Src/syscalls.o
 .debug_macro   0x0000000000010a59      0x145 ./Src/syscalls.o
 .debug_macro   0x0000000000010b9e      0x189 ./Src/syscalls.o
 .debug_macro   0x0000000000010d27       0x16 ./Src/syscalls.o
 .debug_macro   0x0000000000010d3d       0xce ./Src/syscalls.o
 .debug_macro   0x0000000000010e0b       0x17 ./Startup/stm32_startup.o
 .debug_macro   0x0000000000010e22      0xb4a ./Startup/stm32_startup.o
 .debug_macro   0x000000000001196c      0x131 ./Src/Drivers/GPIO.o
 .debug_macro   0x0000000000011a9d      0x13a ./Src/Drivers/basicTimer.o
 .debug_macro   0x0000000000011bd7      0x318 ./Src/Drivers/USART.o
 .debug_macro   0x0000000000011eef       0x97 ./Src/Drivers/USART.o
 .debug_macro   0x0000000000011f86      0x104 ./Src/Drivers/USART.o

.debug_line     0x0000000000000000     0x3e27
 .debug_line    0x0000000000000000      0x697 ./Src/main.o
 .debug_line    0x0000000000000697      0x51a ./Src/syscalls.o
 .debug_line    0x0000000000000bb1       0x94 ./Startup/stm32_startup.o
 .debug_line    0x0000000000000c45     0x1794 ./Src/Drivers/GPIO.o
 .debug_line    0x00000000000023d9      0x989 ./Src/Drivers/basicTimer.o
 .debug_line    0x0000000000002d62     0x10c5 ./Src/Drivers/USART.o

.debug_str      0x0000000000000000    0x5b333
 .debug_str     0x0000000000000000    0x57e3c ./Src/main.o
                                      0x58158 (size before relaxing)
 .debug_str     0x0000000000057e3c     0x195a ./Src/syscalls.o
                                       0x8a2b (size before relaxing)
 .debug_str     0x0000000000059796      0x185 ./Startup/stm32_startup.o
                                       0x3173 (size before relaxing)
 .debug_str     0x000000000005991b      0xe85 ./Src/Drivers/GPIO.o
                                      0x52693 (size before relaxing)
 .debug_str     0x000000000005a7a0      0x91e ./Src/Drivers/basicTimer.o
                                      0x5190e (size before relaxing)
 .debug_str     0x000000000005b0be      0x275 ./Src/Drivers/USART.o
                                      0x58477 (size before relaxing)

.comment        0x0000000000000000       0x49
 .comment       0x0000000000000000       0x49 ./Src/main.o
                                         0x4a (size before relaxing)
 .comment       0x0000000000000049       0x4a ./Src/syscalls.o
 .comment       0x0000000000000049       0x4a ./Startup/stm32_startup.o
 .comment       0x0000000000000049       0x4a ./Src/Drivers/GPIO.o
 .comment       0x0000000000000049       0x4a ./Src/Drivers/basicTimer.o
 .comment       0x0000000000000049       0x4a ./Src/Drivers/USART.o

.debug_frame    0x0000000000000000     0x2764
 .debug_frame   0x0000000000000000      0x184 ./Src/main.o
 .debug_frame   0x0000000000000184      0x2ac ./Src/syscalls.o
 .debug_frame   0x0000000000000430       0x4c ./Startup/stm32_startup.o
 .debug_frame   0x000000000000047c      0x9b8 ./Src/Drivers/GPIO.o
 .debug_frame   0x0000000000000e34      0x4bc ./Src/Drivers/basicTimer.o
 .debug_frame   0x00000000000012f0      0x5b0 ./Src/Drivers/USART.o
 .debug_frame   0x00000000000018a0       0x28 /usr/bin/../lib/gcc/arm-none-eabi/10.3.1/../../../../arm-none-eabi/lib/thumb/v7e-m+fp/hard/libstdc++_nano.a(new_op.o)
 .debug_frame   0x00000000000018c8       0x30 /usr/bin/../lib/gcc/arm-none-eabi/10.3.1/../../../../arm-none-eabi/lib/thumb/v7e-m+fp/hard/libstdc++_nano.a(new_handler.o)
 .debug_frame   0x00000000000018f8       0x28 /usr/bin/../lib/gcc/arm-none-eabi/10.3.1/../../../../arm-none-eabi/lib/thumb/v7e-m+fp/hard/libc_nano.a(lib_a-abort.o)
 .debug_frame   0x0000000000001920       0x40 /usr/bin/../lib/gcc/arm-none-eabi/10.3.1/../../../../arm-none-eabi/lib/thumb/v7e-m+fp/hard/libc_nano.a(lib_a-assert.o)
 .debug_frame   0x0000000000001960       0x20 /usr/bin/../lib/gcc/arm-none-eabi/10.3.1/../../../../arm-none-eabi/lib/thumb/v7e-m+fp/hard/libc_nano.a(lib_a-calloc.o)
 .debug_frame   0x0000000000001980       0x20 /usr/bin/../lib/gcc/arm-none-eabi/10.3.1/../../../../arm-none-eabi/lib/thumb/v7e-m+fp/hard/libc_nano.a(lib_a-errno.o)
 .debug_frame   0x00000000000019a0       0x64 /usr/bin/../lib/gcc/arm-none-eabi/10.3.1/../../../../arm-none-eabi/lib/thumb/v7e-m+fp/hard/libc_nano.a(lib_a-fprintf.o)
 .debug_frame   0x0000000000001a04       0x2c /usr/bin/../lib/gcc/arm-none-eabi/10.3.1/../../../../arm-none-eabi/lib/thumb/v7e-m+fp/hard/libc_nano.a(lib_a-init.o)
 .debug_frame   0x0000000000001a30       0x30 /usr/bin/../lib/gcc/arm-none-eabi/10.3.1/../../../../arm-none-eabi/lib/thumb/v7e-m+fp/hard/libc_nano.a(lib_a-malloc.o)
 .debug_frame   0x0000000000001a60       0x28 /usr/bin/../lib/gcc/arm-none-eabi/10.3.1/../../../../arm-none-eabi/lib/thumb/v7e-m+fp/hard/libc_nano.a(lib_a-memcpy-stub.o)
 .debug_frame   0x0000000000001a88       0x20 /usr/bin/../lib/gcc/arm-none-eabi/10.3.1/../../../../arm-none-eabi/lib/thumb/v7e-m+fp/hard/libc_nano.a(lib_a-memset.o)
 .debug_frame   0x0000000000001aa8       0x30 /usr/bin/../lib/gcc/arm-none-eabi/10.3.1/../../../../arm-none-eabi/lib/thumb/v7e-m+fp/hard/libc_nano.a(lib_a-nano-callocr.o)
 .debug_frame   0x0000000000001ad8       0x38 /usr/bin/../lib/gcc/arm-none-eabi/10.3.1/../../../../arm-none-eabi/lib/thumb/v7e-m+fp/hard/libc_nano.a(lib_a-nano-freer.o)
 .debug_frame   0x0000000000001b10       0x4c /usr/bin/../lib/gcc/arm-none-eabi/10.3.1/../../../../arm-none-eabi/lib/thumb/v7e-m+fp/hard/libc_nano.a(lib_a-nano-mallocr.o)
 .debug_frame   0x0000000000001b5c       0xac /usr/bin/../lib/gcc/arm-none-eabi/10.3.1/../../../../arm-none-eabi/lib/thumb/v7e-m+fp/hard/libc_nano.a(lib_a-nano-vfprintf.o)
 .debug_frame   0x0000000000001c08       0x60 /usr/bin/../lib/gcc/arm-none-eabi/10.3.1/../../../../arm-none-eabi/lib/thumb/v7e-m+fp/hard/libc_nano.a(lib_a-nano-vfprintf_i.o)
 .debug_frame   0x0000000000001c68       0x2c /usr/bin/../lib/gcc/arm-none-eabi/10.3.1/../../../../arm-none-eabi/lib/thumb/v7e-m+fp/hard/libc_nano.a(lib_a-sbrkr.o)
 .debug_frame   0x0000000000001c94       0xcc /usr/bin/../lib/gcc/arm-none-eabi/10.3.1/../../../../arm-none-eabi/lib/thumb/v7e-m+fp/hard/libc_nano.a(lib_a-signal.o)
 .debug_frame   0x0000000000001d60       0x3c /usr/bin/../lib/gcc/arm-none-eabi/10.3.1/../../../../arm-none-eabi/lib/thumb/v7e-m+fp/hard/libc_nano.a(lib_a-signalr.o)
 .debug_frame   0x0000000000001d9c       0x78 /usr/bin/../lib/gcc/arm-none-eabi/10.3.1/../../../../arm-none-eabi/lib/thumb/v7e-m+fp/hard/libc_nano.a(lib_a-sscanf.o)
 .debug_frame   0x0000000000001e14       0x88 /usr/bin/../lib/gcc/arm-none-eabi/10.3.1/../../../../arm-none-eabi/lib/thumb/v7e-m+fp/hard/libc_nano.a(lib_a-stdio.o)
 .debug_frame   0x0000000000001e9c       0x40 /usr/bin/../lib/gcc/arm-none-eabi/10.3.1/../../../../arm-none-eabi/lib/thumb/v7e-m+fp/hard/libc_nano.a(lib_a-wbuf.o)
 .debug_frame   0x0000000000001edc       0x2c /usr/bin/../lib/gcc/arm-none-eabi/10.3.1/../../../../arm-none-eabi/lib/thumb/v7e-m+fp/hard/libc_nano.a(lib_a-writer.o)
 .debug_frame   0x0000000000001f08       0x2c /usr/bin/../lib/gcc/arm-none-eabi/10.3.1/../../../../arm-none-eabi/lib/thumb/v7e-m+fp/hard/libc_nano.a(lib_a-wsetup.o)
 .debug_frame   0x0000000000001f34       0x2c /usr/bin/../lib/gcc/arm-none-eabi/10.3.1/../../../../arm-none-eabi/lib/thumb/v7e-m+fp/hard/libc_nano.a(lib_a-closer.o)
 .debug_frame   0x0000000000001f60       0x5c /usr/bin/../lib/gcc/arm-none-eabi/10.3.1/../../../../arm-none-eabi/lib/thumb/v7e-m+fp/hard/libc_nano.a(lib_a-fflush.o)
 .debug_frame   0x0000000000001fbc      0x14c /usr/bin/../lib/gcc/arm-none-eabi/10.3.1/../../../../arm-none-eabi/lib/thumb/v7e-m+fp/hard/libc_nano.a(lib_a-findfp.o)
 .debug_frame   0x0000000000002108       0x54 /usr/bin/../lib/gcc/arm-none-eabi/10.3.1/../../../../arm-none-eabi/lib/thumb/v7e-m+fp/hard/libc_nano.a(lib_a-fwalk.o)
 .debug_frame   0x000000000000215c       0xb0 /usr/bin/../lib/gcc/arm-none-eabi/10.3.1/../../../../arm-none-eabi/lib/thumb/v7e-m+fp/hard/libc_nano.a(lib_a-lock.o)
 .debug_frame   0x000000000000220c       0x2c /usr/bin/../lib/gcc/arm-none-eabi/10.3.1/../../../../arm-none-eabi/lib/thumb/v7e-m+fp/hard/libc_nano.a(lib_a-lseekr.o)
 .debug_frame   0x0000000000002238       0x58 /usr/bin/../lib/gcc/arm-none-eabi/10.3.1/../../../../arm-none-eabi/lib/thumb/v7e-m+fp/hard/libc_nano.a(lib_a-makebuf.o)
 .debug_frame   0x0000000000002290       0x30 /usr/bin/../lib/gcc/arm-none-eabi/10.3.1/../../../../arm-none-eabi/lib/thumb/v7e-m+fp/hard/libc_nano.a(lib_a-mlock.o)
 .debug_frame   0x00000000000022c0       0x3c /usr/bin/../lib/gcc/arm-none-eabi/10.3.1/../../../../arm-none-eabi/lib/thumb/v7e-m+fp/hard/libc_nano.a(lib_a-nano-reallocr.o)
 .debug_frame   0x00000000000022fc       0x74 /usr/bin/../lib/gcc/arm-none-eabi/10.3.1/../../../../arm-none-eabi/lib/thumb/v7e-m+fp/hard/libc_nano.a(lib_a-nano-svfscanf.o)
 .debug_frame   0x0000000000002370       0x64 /usr/bin/../lib/gcc/arm-none-eabi/10.3.1/../../../../arm-none-eabi/lib/thumb/v7e-m+fp/hard/libc_nano.a(lib_a-nano-vfscanf_i.o)
 .debug_frame   0x00000000000023d4       0x2c /usr/bin/../lib/gcc/arm-none-eabi/10.3.1/../../../../arm-none-eabi/lib/thumb/v7e-m+fp/hard/libc_nano.a(lib_a-readr.o)
 .debug_frame   0x0000000000002400       0x5c /usr/bin/../lib/gcc/arm-none-eabi/10.3.1/../../../../arm-none-eabi/lib/thumb/v7e-m+fp/hard/libc_nano.a(lib_a-reent.o)
 .debug_frame   0x000000000000245c       0x2c /usr/bin/../lib/gcc/arm-none-eabi/10.3.1/../../../../arm-none-eabi/lib/thumb/v7e-m+fp/hard/libc_nano.a(lib_a-sccl.o)
 .debug_frame   0x0000000000002488       0x64 /usr/bin/../lib/gcc/arm-none-eabi/10.3.1/../../../../arm-none-eabi/lib/thumb/v7e-m+fp/hard/libc_nano.a(lib_a-strtol.o)
 .debug_frame   0x00000000000024ec       0x64 /usr/bin/../lib/gcc/arm-none-eabi/10.3.1/../../../../arm-none-eabi/lib/thumb/v7e-m+fp/hard/libc_nano.a(lib_a-strtoul.o)
 .debug_frame   0x0000000000002550       0x5c /usr/bin/../lib/gcc/arm-none-eabi/10.3.1/../../../../arm-none-eabi/lib/thumb/v7e-m+fp/hard/libc_nano.a(lib_a-ungetc.o)
 .debug_frame   0x00000000000025ac       0x2c /usr/bin/../lib/gcc/arm-none-eabi/10.3.1/../../../../arm-none-eabi/lib/thumb/v7e-m+fp/hard/libc_nano.a(lib_a-fstatr.o)
 .debug_frame   0x00000000000025d8       0x2c /usr/bin/../lib/gcc/arm-none-eabi/10.3.1/../../../../arm-none-eabi/lib/thumb/v7e-m+fp/hard/libc_nano.a(lib_a-isattyr.o)
 .debug_frame   0x0000000000002604       0x20 /usr/bin/../lib/gcc/arm-none-eabi/10.3.1/../../../../arm-none-eabi/lib/thumb/v7e-m+fp/hard/libc_nano.a(lib_a-nano-msizer.o)
 .debug_frame   0x0000000000002624       0xac /usr/bin/../lib/gcc/arm-none-eabi/10.3.1/thumb/v7e-m+fp/hard/libgcc.a(_arm_addsubdf3.o)
 .debug_frame   0x00000000000026d0       0x50 /usr/bin/../lib/gcc/arm-none-eabi/10.3.1/thumb/v7e-m+fp/hard/libgcc.a(_arm_muldivdf3.o)
 .debug_frame   0x0000000000002720       0x24 /usr/bin/../lib/gcc/arm-none-eabi/10.3.1/thumb/v7e-m+fp/hard/libgcc.a(_arm_fixunsdfsi.o)
 .debug_frame   0x0000000000002744       0x20 /usr/bin/../lib/gcc/arm-none-eabi/10.3.1/../../../../arm-none-eabi/lib/thumb/v7e-m+fp/hard/libnosys.a(sbrk.o)
