Archive member included to satisfy reference by file (symbol)

/usr/bin/../lib/gcc/arm-none-eabi/10.3.1/../../../../arm-none-eabi/lib/thumb/v7e-m+fp/hard/libstdc++_nano.a(new_op.o)
                              ./Src/main.o (operator new(unsigned int))
/usr/bin/../lib/gcc/arm-none-eabi/10.3.1/../../../../arm-none-eabi/lib/thumb/v7e-m+fp/hard/libstdc++_nano.a(new_handler.o)
                              /usr/bin/../lib/gcc/arm-none-eabi/10.3.1/../../../../arm-none-eabi/lib/thumb/v7e-m+fp/hard/libstdc++_nano.a(new_op.o) (std::get_new_handler())
/usr/bin/../lib/gcc/arm-none-eabi/10.3.1/../../../../arm-none-eabi/lib/thumb/v7e-m+fp/hard/libc_nano.a(lib_a-abort.o)
                              /usr/bin/../lib/gcc/arm-none-eabi/10.3.1/../../../../arm-none-eabi/lib/thumb/v7e-m+fp/hard/libstdc++_nano.a(new_op.o) (abort)
/usr/bin/../lib/gcc/arm-none-eabi/10.3.1/../../../../arm-none-eabi/lib/thumb/v7e-m+fp/hard/libc_nano.a(lib_a-assert.o)
                              ./Src/Drivers/GPIO.o (__assert_func)
/usr/bin/../lib/gcc/arm-none-eabi/10.3.1/../../../../arm-none-eabi/lib/thumb/v7e-m+fp/hard/libc_nano.a(lib_a-calloc.o)
                              ./Src/Drivers/USART.o (calloc)
/usr/bin/../lib/gcc/arm-none-eabi/10.3.1/../../../../arm-none-eabi/lib/thumb/v7e-m+fp/hard/libc_nano.a(lib_a-errno.o)
                              ./Src/syscalls.o (__errno)
/usr/bin/../lib/gcc/arm-none-eabi/10.3.1/../../../../arm-none-eabi/lib/thumb/v7e-m+fp/hard/libc_nano.a(lib_a-exit.o)
                              /usr/bin/../lib/gcc/arm-none-eabi/10.3.1/../../../../arm-none-eabi/lib/thumb/v7e-m+fp/hard/crt0.o (exit)
/usr/bin/../lib/gcc/arm-none-eabi/10.3.1/../../../../arm-none-eabi/lib/thumb/v7e-m+fp/hard/libc_nano.a(lib_a-fprintf.o)
                              /usr/bin/../lib/gcc/arm-none-eabi/10.3.1/../../../../arm-none-eabi/lib/thumb/v7e-m+fp/hard/libc_nano.a(lib_a-assert.o) (fiprintf)
/usr/bin/../lib/gcc/arm-none-eabi/10.3.1/../../../../arm-none-eabi/lib/thumb/v7e-m+fp/hard/libc_nano.a(lib_a-impure.o)
                              /usr/bin/../lib/gcc/arm-none-eabi/10.3.1/../../../../arm-none-eabi/lib/thumb/v7e-m+fp/hard/libc_nano.a(lib_a-exit.o) (_global_impure_ptr)
/usr/bin/../lib/gcc/arm-none-eabi/10.3.1/../../../../arm-none-eabi/lib/thumb/v7e-m+fp/hard/libc_nano.a(lib_a-init.o)
                              /usr/bin/../lib/gcc/arm-none-eabi/10.3.1/../../../../arm-none-eabi/lib/thumb/v7e-m+fp/hard/crt0.o (__libc_init_array)
/usr/bin/../lib/gcc/arm-none-eabi/10.3.1/../../../../arm-none-eabi/lib/thumb/v7e-m+fp/hard/libc_nano.a(lib_a-malloc.o)
                              /usr/bin/../lib/gcc/arm-none-eabi/10.3.1/../../../../arm-none-eabi/lib/thumb/v7e-m+fp/hard/libstdc++_nano.a(new_op.o) (malloc)
/usr/bin/../lib/gcc/arm-none-eabi/10.3.1/../../../../arm-none-eabi/lib/thumb/v7e-m+fp/hard/libc_nano.a(lib_a-memcpy-stub.o)
                              ./Src/Drivers/basicTimer.o (memcpy)
/usr/bin/../lib/gcc/arm-none-eabi/10.3.1/../../../../arm-none-eabi/lib/thumb/v7e-m+fp/hard/libc_nano.a(lib_a-memset.o)
                              /usr/bin/../lib/gcc/arm-none-eabi/10.3.1/../../../../arm-none-eabi/lib/thumb/v7e-m+fp/hard/crt0.o (memset)
/usr/bin/../lib/gcc/arm-none-eabi/10.3.1/../../../../arm-none-eabi/lib/thumb/v7e-m+fp/hard/libc_nano.a(lib_a-nano-callocr.o)
                              /usr/bin/../lib/gcc/arm-none-eabi/10.3.1/../../../../arm-none-eabi/lib/thumb/v7e-m+fp/hard/libc_nano.a(lib_a-calloc.o) (_calloc_r)
/usr/bin/../lib/gcc/arm-none-eabi/10.3.1/../../../../arm-none-eabi/lib/thumb/v7e-m+fp/hard/libc_nano.a(lib_a-nano-freer.o)
                              /usr/bin/../lib/gcc/arm-none-eabi/10.3.1/../../../../arm-none-eabi/lib/thumb/v7e-m+fp/hard/libc_nano.a(lib_a-malloc.o) (_free_r)
/usr/bin/../lib/gcc/arm-none-eabi/10.3.1/../../../../arm-none-eabi/lib/thumb/v7e-m+fp/hard/libc_nano.a(lib_a-nano-mallocr.o)
                              /usr/bin/../lib/gcc/arm-none-eabi/10.3.1/../../../../arm-none-eabi/lib/thumb/v7e-m+fp/hard/libc_nano.a(lib_a-malloc.o) (_malloc_r)
/usr/bin/../lib/gcc/arm-none-eabi/10.3.1/../../../../arm-none-eabi/lib/thumb/v7e-m+fp/hard/libc_nano.a(lib_a-nano-vfprintf.o)
                              /usr/bin/../lib/gcc/arm-none-eabi/10.3.1/../../../../arm-none-eabi/lib/thumb/v7e-m+fp/hard/libc_nano.a(lib_a-fprintf.o) (_vfprintf_r)
/usr/bin/../lib/gcc/arm-none-eabi/10.3.1/../../../../arm-none-eabi/lib/thumb/v7e-m+fp/hard/libc_nano.a(lib_a-nano-vfprintf_i.o)
                              /usr/bin/../lib/gcc/arm-none-eabi/10.3.1/../../../../arm-none-eabi/lib/thumb/v7e-m+fp/hard/libc_nano.a(lib_a-nano-vfprintf.o) (_printf_i)
/usr/bin/../lib/gcc/arm-none-eabi/10.3.1/../../../../arm-none-eabi/lib/thumb/v7e-m+fp/hard/libc_nano.a(lib_a-sbrkr.o)
                              /usr/bin/../lib/gcc/arm-none-eabi/10.3.1/../../../../arm-none-eabi/lib/thumb/v7e-m+fp/hard/libc_nano.a(lib_a-nano-mallocr.o) (_sbrk_r)
[...]
Memory Configuration

Name             Origin             Length             Attributes
RAM              0x0000000020000000 0x0000000000020000 xrw
FLASH            0x0000000008000000 0x0000000000080000 xr
*default*        0x0000000000000000 0xffffffffffffffff

Linker script and memory map

LOAD /usr/bin/../lib/gcc/arm-none-eabi/10.3.1/thumb/v7e-m+fp/hard/crti.o
LOAD /usr/bin/../lib/gcc/arm-none-eabi/10.3.1/thumb/v7e-m+fp/hard/crtbegin.o
LOAD /usr/bin/../lib/gcc/arm-none-eabi/10.3.1/../../../../arm-none-eabi/lib/thumb/v7e-m+fp/hard/crt0.o
START GROUP
LOAD /usr/bin/../lib/gcc/arm-none-eabi/10.3.1/../../../../arm-none-eabi/lib/thumb/v7e-m+fp/hard/libstdc++_nano.a
LOAD /usr/bin/../lib/gcc/arm-none-eabi/10.3.1/../../../../arm-none-eabi/lib/thumb/v7e-m+fp/hard/libsupc++_nano.a
END GROUP
LOAD ./Src/main.o
LOAD ./Src/syscalls.o
LOAD ./Startup/stm32_startup.o
LOAD ./Src/Drivers/GPIO.o
LOAD ./Src/Drivers/basicTimer.o
LOAD ./Src/Drivers/USART.o
LOAD ./Src/Drivers/ADC.o
LOAD ./Src/Classes/Vector.o
LOAD /usr/bin/../lib/gcc/arm-none-eabi/10.3.1/../../../../arm-none-eabi/lib/thumb/v7e-m+fp/hard/libstdc++_nano.a
LOAD /usr/bin/../lib/gcc/arm-none-eabi/10.3.1/../../../../arm-none-eabi/lib/thumb/v7e-m+fp/hard/libm.a
LOAD /usr/bin/../lib/gcc/arm-none-eabi/10.3.1/../../../../arm-none-eabi/lib/thumb/v7e-m+fp/hard/libc_nano.a
START GROUP
LOAD /usr/bin/../lib/gcc/arm-none-eabi/10.3.1/thumb/v7e-m+fp/hard/libgcc.a
LOAD /usr/bin/../lib/gcc/arm-none-eabi/10.3.1/../../../../arm-none-eabi/lib/thumb/v7e-m+fp/hard/libc_nano.a
END GROUP
START GROUP
LOAD /usr/bin/../lib/gcc/arm-none-eabi/10.3.1/thumb/v7e-m+fp/hard/libgcc.a
LOAD /usr/bin/../lib/gcc/arm-none-eabi/10.3.1/../../../../arm-none-eabi/lib/thumb/v7e-m+fp/hard/libc_nano.a
LOAD /usr/bin/../lib/gcc/arm-none-eabi/10.3.1/../../../../arm-none-eabi/lib/thumb/v7e-m+fp/hard/libnosys.a
END GROUP
START GROUP
LOAD /usr/bin/../lib/gcc/arm-none-eabi/10.3.1/thumb/v7e-m+fp/hard/libgcc.a
LOAD /usr/bin/../lib/gcc/arm-none-eabi/10.3.1/../../../../arm-none-eabi/lib/thumb/v7e-m+fp/hard/libc_nano.a
LOAD /usr/bin/../lib/gcc/arm-none-eabi/10.3.1/../../../../arm-none-eabi/lib/thumb/v7e-m+fp/hard/libnosys.a
END GROUP
LOAD /usr/bin/../lib/gcc/arm-none-eabi/10.3.1/thumb/v7e-m+fp/hard/crtend.o
LOAD /usr/bin/../lib/gcc/arm-none-eabi/10.3.1/thumb/v7e-m+fp/hard/crtn.o
                0x0000000020020000                _estack = (ORIGIN (RAM) + LENGTH (RAM))
                0x0000000000000200                _Min_Heap_Size = 0x200
                0x0000000000000400                _Min_Stack_Size = 0x400

.isr_vector     0x0000000008000000      0x198
                0x0000000008000000                . = ALIGN (0x4)
 *(.isr_vector)
 .isr_vector    0x0000000008000000      0x198 ./Startup/stm32_startup.o
                0x0000000008000198                . = ALIGN (0x4)

.text           0x00000000080001a0     0x5218
                0x00000000080001a0                . = ALIGN (0x4)
 *(.text)
 .text          0x00000000080001a0       0x40 /usr/bin/../lib/gcc/arm-none-eabi/10.3.1/thumb/v7e-m+fp/hard/crtbegin.o
 .text          0x00000000080001e0       0x14 /usr/bin/../lib/gcc/arm-none-eabi/10.3.1/../../../../arm-none-eabi/lib/thumb/v7e-m+fp/hard/libc_nano.a(lib_a-strcmp.o)
                0x00000000080001e0                strcmp
 .text          0x00000000080001f4       0x10 /usr/bin/../lib/gcc/arm-none-eabi/10.3.1/../../../../arm-none-eabi/lib/thumb/v7e-m+fp/hard/libc_nano.a(lib_a-strlen.o)
                0x00000000080001f4                strlen
 *fill*         0x0000000008000204        0xc 
 .text          0x0000000008000210       0xa0 /usr/bin/../lib/gcc/arm-none-eabi/10.3.1/../../../../arm-none-eabi/lib/thumb/v7e-m+fp/hard/libc_nano.a(lib_a-memchr.o)
                0x0000000008000210                memchr
 .text          0x00000000080002b0      0x378 /usr/bin/../lib/gcc/arm-none-eabi/10.3.1/thumb/v7e-m+fp/hard/libgcc.a(_arm_addsubdf3.o)
                0x00000000080002b0                __aeabi_drsub
                0x00000000080002b8                __aeabi_dsub
                0x00000000080002b8                __subdf3
                0x00000000080002bc                __adddf3
                0x00000000080002bc                __aeabi_dadd
                0x0000000008000534                __aeabi_ui2d
                0x0000000008000534                __floatunsidf
                0x0000000008000554                __floatsidf
                0x0000000008000554                __aeabi_i2d
                0x0000000008000578                __extendsfdf2
                0x0000000008000578                __aeabi_f2d
                0x00000000080005bc                __aeabi_ul2d
                0x00000000080005bc                __floatundidf
                0x00000000080005cc                __floatdidf
                0x00000000080005cc                __aeabi_l2d
 .text          0x0000000008000628      0x424 /usr/bin/../lib/gcc/arm-none-eabi/10.3.1/thumb/v7e-m+fp/hard/libgcc.a(_arm_muldivdf3.o)
                0x0000000008000628                __aeabi_dmul
                0x0000000008000628                __muldf3
                0x000000000800087c                __aeabi_ddiv
                0x000000000800087c                __divdf3
 .text          0x0000000008000a4c       0x40 /usr/bin/../lib/gcc/arm-none-eabi/10.3.1/thumb/v7e-m+fp/hard/libgcc.a(_arm_fixunsdfsi.o)
                0x0000000008000a4c                __fixunsdfsi
                0x0000000008000a4c                __aeabi_d2uiz
 *(.text*)
 .text._ZN6paramsC2Ev
                0x0000000008000a8c       0x2e ./Src/main.o
                0x0000000008000a8c                params::params()
                0x0000000008000a8c                params::params()
 *fill*         0x0000000008000aba        0x2 
 .text.main     0x0000000008000abc       0x84 ./Src/main.o
                0x0000000008000abc                main
 .text._Z9USARTInitv
                0x0000000008000b40       0x38 ./Src/main.o
                0x0000000008000b40                USARTInit()
 .text._Z21systemStatusTimerInitv
                0x0000000008000b78       0x5c ./Src/main.o
                0x0000000008000b78                systemStatusTimerInit()
 .text._Z8GPIOInitv
                0x0000000008000bd4       0x40 ./Src/main.o
                0x0000000008000bd4                GPIOInit()
 .text._Z19TIM9_UpdateCallbackv
                0x0000000008000c14       0x14 ./Src/main.o
                0x0000000008000c14                TIM9_UpdateCallback()
 .text._Z18USART2_RX_Callbackv
                0x0000000008000c28       0x1c ./Src/main.o
                0x0000000008000c28                USART2_RX_Callback()
 .text._Z7fpuInitv
                0x0000000008000c44       0x1c ./Src/main.o
                0x0000000008000c44                fpuInit()
 .text._Z41__static_initialization_and_destruction_0ii
                0x0000000008000c60       0x8c ./Src/main.o
 .text._GLOBAL__sub_I_ledStatus
                0x0000000008000cec       0x10 ./Src/main.o
 .text._GLOBAL__sub_D_ledStatus
                0x0000000008000cfc       0x10 ./Src/main.o
 .text._getpid  0x0000000008000d0c       0x10 ./Src/syscalls.o
                0x0000000008000d0c                _getpid
 .text._kill    0x0000000008000d1c       0x20 ./Src/syscalls.o
                0x0000000008000d1c                _kill
 .text._exit    0x0000000008000d3c       0x14 ./Src/syscalls.o
                0x0000000008000d3c                _exit
 .text._read    0x0000000008000d50       0x3a ./Src/syscalls.o
                0x0000000008000d50                _read
 .text._write   0x0000000008000d8a       0x38 ./Src/syscalls.o
                0x0000000008000d8a                _write
 .text._close   0x0000000008000dc2       0x18 ./Src/syscalls.o
                0x0000000008000dc2                _close
 .text._fstat   0x0000000008000dda       0x20 ./Src/syscalls.o
                0x0000000008000dda                _fstat
 .text._isatty  0x0000000008000dfa       0x16 ./Src/syscalls.o
                0x0000000008000dfa                _isatty
 .text._lseek   0x0000000008000e10       0x1a ./Src/syscalls.o
                0x0000000008000e10                _lseek
 *fill*         0x0000000008000e2a        0x2 
 .text.Reset_Handler
                0x0000000008000e2c       0x64 ./Startup/stm32_startup.o
                0x0000000008000e2c                Reset_Handler
 .text.Default_Handler
                0x0000000008000e90        0x6 ./Startup/stm32_startup.o
                0x0000000008000e90                DMA2_Stream1_IRQHandler()
                0x0000000008000e90                DMA2_Stream6_IRQHandler()
                0x0000000008000e90                DMA2_Stream5_IRQHandler()
                0x0000000008000e90                DMA1_Stream3_IRQHandler()
                0x0000000008000e90                DMA1_Stream0_IRQHandler()
                0x0000000008000e90                DMA1_Stream6_IRQHandler()
                0x0000000008000e90                DMA1_Stream2_IRQHandler()
                0x0000000008000e90                DMA1_Stream7_IRQHandler()
                0x0000000008000e90                ADC_IRQHandler()
                0x0000000008000e90                I2C1_EV_IRQHandler()
                0x0000000008000e90                I2C3_ER_IRQHandler()
                0x0000000008000e90                I2C2_ER_IRQHandler()
                0x0000000008000e90                Default_Handler
                0x0000000008000e90                I2C3_EV_IRQHandler()
                0x0000000008000e90                DMA2_Stream7_IRQHandler()
                0x0000000008000e90                DMA1_Stream5_IRQHandler()
                0x0000000008000e90                DMA1_Stream1_IRQHandler()
                0x0000000008000e90                DMA2_Stream0_IRQHandler()
                0x0000000008000e90                DMA2_Stream2_IRQHandler()
                0x0000000008000e90                DMA1_Stream4_IRQHandler()
                0x0000000008000e90                I2C1_ER_IRQHandler()
                0x0000000008000e90                DMA2_Stream4_IRQHandler()
                0x0000000008000e90                I2C2_EV_IRQHandler()
                0x0000000008000e90                DMA2_Stream3_IRQHandler()
 *fill*         0x0000000008000e96        0x2 
 .text.__NVIC_EnableIRQ
                0x0000000008000e98       0x3c ./Src/Drivers/GPIO.o
 .text.__NVIC_SetPriority
                0x0000000008000ed4       0x54 ./Src/Drivers/GPIO.o
 .text._ZN13gpioNameSpace4GPIOC2EP12GPIO_TypeDef
                0x0000000008000f28      0x118 ./Src/Drivers/GPIO.o
                0x0000000008000f28                gpioNameSpace::GPIO::GPIO(GPIO_TypeDef*)
                0x0000000008000f28                gpioNameSpace::GPIO::GPIO(GPIO_TypeDef*)
 .text._ZN13gpioNameSpace4GPIOD2Ev
                0x0000000008001040       0x16 ./Src/Drivers/GPIO.o
                0x0000000008001040                gpioNameSpace::GPIO::~GPIO()
                0x0000000008001040                gpioNameSpace::GPIO::~GPIO()
 .text._ZN13gpioNameSpace4GPIO4initEv
                0x0000000008001056       0x32 ./Src/Drivers/GPIO.o
                0x0000000008001056                gpioNameSpace::GPIO::init()
 .text._ZN13gpioNameSpace4GPIO6setPinEm
                0x0000000008001088       0x44 ./Src/Drivers/GPIO.o
                0x0000000008001088                gpioNameSpace::GPIO::setPin(unsigned long)
 .text._ZN13gpioNameSpace4GPIO8setModerEmm
                0x00000000080010cc       0x74 ./Src/Drivers/GPIO.o
                0x00000000080010cc                gpioNameSpace::GPIO::setModer(unsigned long, unsigned long)
 .text._ZN13gpioNameSpace4GPIO8setModerEm
                0x0000000008001140       0x22 ./Src/Drivers/GPIO.o
                0x0000000008001140                gpioNameSpace::GPIO::setModer(unsigned long)
 *fill*         0x0000000008001162        0x2 
 .text._ZN13gpioNameSpace4GPIO5setAFEmm
                0x0000000008001164       0xe0 ./Src/Drivers/GPIO.o
                0x0000000008001164                gpioNameSpace::GPIO::setAF(unsigned long, unsigned long)
 .text._ZN13gpioNameSpace4GPIO5setAFEm
                0x0000000008001244       0x22 ./Src/Drivers/GPIO.o
                0x0000000008001244                gpioNameSpace::GPIO::setAF(unsigned long)
 *fill*         0x0000000008001266        0x2 
 .text._ZN13gpioNameSpace4GPIO19getEXTIEnabledLinesEv
                0x0000000008001268       0x18 ./Src/Drivers/GPIO.o
                0x0000000008001268                gpioNameSpace::GPIO::getEXTIEnabledLines()
 .text._ZN13gpioNameSpace4GPIO19isResourceAllocatedEP12GPIO_TypeDefNS_8GPIO_PINE
                0x0000000008001280       0x90 ./Src/Drivers/GPIO.o
                0x0000000008001280                gpioNameSpace::GPIO::isResourceAllocated(GPIO_TypeDef*, gpioNameSpace::GPIO_PIN)
 .text._ZN13gpioNameSpace4GPIO10portToggleEm
                0x0000000008001310       0x26 ./Src/Drivers/GPIO.o
                0x0000000008001310                gpioNameSpace::GPIO::portToggle(unsigned long)
 .text._ZN13gpioNameSpace4GPIO10portToggleEv
                0x0000000008001336       0x1e ./Src/Drivers/GPIO.o
                0x0000000008001336                gpioNameSpace::GPIO::portToggle()
 .text._ZN13gpioNameSpace4GPIO7setPortEP12GPIO_TypeDef
                0x0000000008001354       0xd8 ./Src/Drivers/GPIO.o
                0x0000000008001354                gpioNameSpace::GPIO::setPort(GPIO_TypeDef*)
 .text._ZN13gpioNameSpace4GPIO7initPinEv
                0x000000000800142c      0x570 ./Src/Drivers/GPIO.o
                0x000000000800142c                gpioNameSpace::GPIO::initPin()
 .text._ZN13gpioNameSpace4GPIO21peripheralClockEnableEv
                0x000000000800199c       0x80 ./Src/Drivers/GPIO.o
                0x000000000800199c                gpioNameSpace::GPIO::peripheralClockEnable()
 .text._ZN13gpioNameSpace4GPIO12setParameterEmmm
                0x0000000008001a1c       0x48 ./Src/Drivers/GPIO.o
                0x0000000008001a1c                gpioNameSpace::GPIO::setParameter(unsigned long, unsigned long, unsigned long)
 .text._ZN13gpioNameSpace4GPIO17setParametersLoopEmmmm
                0x0000000008001a64       0xa4 ./Src/Drivers/GPIO.o
                0x0000000008001a64                gpioNameSpace::GPIO::setParametersLoop(unsigned long, unsigned long, unsigned long, unsigned long)
 .text._ZN13gpioNameSpace4GPIO30setParametersHighRegistersLoopEmmmmm
                0x0000000008001b08       0x2a ./Src/Drivers/GPIO.o
                0x0000000008001b08                gpioNameSpace::GPIO::setParametersHighRegistersLoop(unsigned long, unsigned long, unsigned long, unsigned long, unsigned long)
 .text._ZN13gpioNameSpace4GPIO20getRegisterBitLengthEm
                0x0000000008001b32       0x5a ./Src/Drivers/GPIO.o
                0x0000000008001b32                gpioNameSpace::GPIO::getRegisterBitLength(unsigned long)
 .text._ZN13gpioNameSpace4GPIO15alignMaskToZeroERmS1_
                0x0000000008001b8c       0x62 ./Src/Drivers/GPIO.o
                0x0000000008001b8c                gpioNameSpace::GPIO::alignMaskToZero(unsigned long&, unsigned long&)
 .text._Z14EXTI0_Callbackv
                0x0000000008001bee       0x10 ./Src/Drivers/GPIO.o
                0x0000000008001bee                EXTI0_Callback()
 .text._Z14EXTI1_Callbackv
                0x0000000008001bfe       0x10 ./Src/Drivers/GPIO.o
                0x0000000008001bfe                EXTI1_Callback()
 .text._Z14EXTI2_Callbackv
                0x0000000008001c0e       0x10 ./Src/Drivers/GPIO.o
                0x0000000008001c0e                EXTI2_Callback()
 .text._Z14EXTI3_Callbackv
                0x0000000008001c1e       0x10 ./Src/Drivers/GPIO.o
                0x0000000008001c1e                EXTI3_Callback()
 .text._Z14EXTI4_Callbackv
                0x0000000008001c2e       0x10 ./Src/Drivers/GPIO.o
                0x0000000008001c2e                EXTI4_Callback()
 .text._Z14EXTI6_Callbackv
                0x0000000008001c3e       0x10 ./Src/Drivers/GPIO.o
                0x0000000008001c3e                EXTI6_Callback()
 .text._Z14EXTI7_Callbackv
                0x0000000008001c4e       0x10 ./Src/Drivers/GPIO.o
                0x0000000008001c4e                EXTI7_Callback()
 .text._Z14EXTI8_Callbackv
                0x0000000008001c5e       0x10 ./Src/Drivers/GPIO.o
                0x0000000008001c5e                EXTI8_Callback()
 .text._Z14EXTI9_Callbackv
                0x0000000008001c6e       0x10 ./Src/Drivers/GPIO.o
                0x0000000008001c6e                EXTI9_Callback()
 .text._Z15EXTI10_Callbackv
                0x0000000008001c7e       0x10 ./Src/Drivers/GPIO.o
                0x0000000008001c7e                EXTI10_Callback()
 .text._Z15EXTI11_Callbackv
                0x0000000008001c8e       0x10 ./Src/Drivers/GPIO.o
                0x0000000008001c8e                EXTI11_Callback()
 .text._Z15EXTI12_Callbackv
                0x0000000008001c9e       0x10 ./Src/Drivers/GPIO.o
                0x0000000008001c9e                EXTI12_Callback()
 .text._Z15EXTI13_Callbackv
                0x0000000008001cae       0x10 ./Src/Drivers/GPIO.o
                0x0000000008001cae                EXTI13_Callback()
 .text._Z15EXTI14_Callbackv
                0x0000000008001cbe       0x10 ./Src/Drivers/GPIO.o
                0x0000000008001cbe                EXTI14_Callback()
 .text._Z15EXTI15_Callbackv
                0x0000000008001cce       0x10 ./Src/Drivers/GPIO.o
                0x0000000008001cce                EXTI15_Callback()
 *fill*         0x0000000008001cde        0x2 
 .text._Z16EXTI0_IRQHandlerv
                0x0000000008001ce0       0x38 ./Src/Drivers/GPIO.o
                0x0000000008001ce0                EXTI0_IRQHandler()
 .text._Z16EXTI1_IRQHandlerv
                0x0000000008001d18       0x38 ./Src/Drivers/GPIO.o
                0x0000000008001d18                EXTI1_IRQHandler()
 .text._Z16EXTI2_IRQHandlerv
                0x0000000008001d50       0x38 ./Src/Drivers/GPIO.o
                0x0000000008001d50                EXTI2_IRQHandler()
 .text._Z16EXTI3_IRQHandlerv
                0x0000000008001d88       0x38 ./Src/Drivers/GPIO.o
                0x0000000008001d88                EXTI3_IRQHandler()
 .text._Z16EXTI4_IRQHandlerv
                0x0000000008001dc0       0x38 ./Src/Drivers/GPIO.o
                0x0000000008001dc0                EXTI4_IRQHandler()
 .text._Z18EXTI9_5_IRQHandlerv
                0x0000000008001df8       0xec ./Src/Drivers/GPIO.o
                0x0000000008001df8                EXTI9_5_IRQHandler()
 .text._Z20EXTI15_10_IRQHandlerv
                0x0000000008001ee4      0x120 ./Src/Drivers/GPIO.o
                0x0000000008001ee4                EXTI15_10_IRQHandler()
 .text.__NVIC_EnableIRQ
                0x0000000008002004       0x3c ./Src/Drivers/basicTimer.o
 .text.__NVIC_SetPriority
                0x0000000008002040       0x54 ./Src/Drivers/basicTimer.o
 .text._ZN12timNameSpace10basicTimerC2EP11TIM_TypeDef
                0x0000000008002094       0xb0 ./Src/Drivers/basicTimer.o
                0x0000000008002094                timNameSpace::basicTimer::basicTimer(TIM_TypeDef*)
                0x0000000008002094                timNameSpace::basicTimer::basicTimer(TIM_TypeDef*)
 .text._ZN12timNameSpace10basicTimerD2Ev
                0x0000000008002144       0x20 ./Src/Drivers/basicTimer.o
                0x0000000008002144                timNameSpace::basicTimer::~basicTimer()
                0x0000000008002144                timNameSpace::basicTimer::~basicTimer()
 .text._ZN12timNameSpace10basicTimer4initEv
                0x0000000008002164       0xf8 ./Src/Drivers/basicTimer.o
                0x0000000008002164                timNameSpace::basicTimer::init()
 .text._ZN12timNameSpace10basicTimer6deInitEv
                0x000000000800225c       0x16 ./Src/Drivers/basicTimer.o
                0x000000000800225c                timNameSpace::basicTimer::deInit()
 *fill*         0x0000000008002272        0x2 
 .text._ZN12timNameSpace10basicTimer21peripheralClockEnableEv
                0x0000000008002274      0x13c ./Src/Drivers/basicTimer.o
                0x0000000008002274                timNameSpace::basicTimer::peripheralClockEnable()
 .text._ZN12timNameSpace10basicTimer20enableNVIC_InterruptEv
                0x00000000080023b0      0x12c ./Src/Drivers/basicTimer.o
                0x00000000080023b0                timNameSpace::basicTimer::enableNVIC_Interrupt()
 .text._ZN12timNameSpace10basicTimer21disableNVIC_InterruptEv
                0x00000000080024dc       0x14 ./Src/Drivers/basicTimer.o
                0x00000000080024dc                timNameSpace::basicTimer::disableNVIC_Interrupt()
 .text._ZN12timNameSpace10basicTimer10timerStartEv
                0x00000000080024f0       0x24 ./Src/Drivers/basicTimer.o
                0x00000000080024f0                timNameSpace::basicTimer::timerStart()
 .text._ZN12timNameSpace10basicTimer9timerStopEv
                0x0000000008002514       0x24 ./Src/Drivers/basicTimer.o
                0x0000000008002514                timNameSpace::basicTimer::timerStop()
 .text._Z19TIM2_UpdateCallbackv
                0x0000000008002538       0x10 ./Src/Drivers/basicTimer.o
                0x0000000008002538                TIM2_UpdateCallback()
 .text._Z19TIM3_UpdateCallbackv
                0x0000000008002548       0x10 ./Src/Drivers/basicTimer.o
                0x0000000008002548                TIM3_UpdateCallback()
 .text._Z19TIM4_UpdateCallbackv
                0x0000000008002558       0x10 ./Src/Drivers/basicTimer.o
                0x0000000008002558                TIM4_UpdateCallback()
 .text._Z19TIM5_UpdateCallbackv
                0x0000000008002568       0x10 ./Src/Drivers/basicTimer.o
                0x0000000008002568                TIM5_UpdateCallback()
 .text._Z20TIM10_UpdateCallbackv
                0x0000000008002578       0x10 ./Src/Drivers/basicTimer.o
                0x0000000008002578                TIM10_UpdateCallback()
 .text._Z20TIM11_UpdateCallbackv
                0x0000000008002588       0x10 ./Src/Drivers/basicTimer.o
                0x0000000008002588                TIM11_UpdateCallback()
 .text._Z15TIM2_IRQHandlerv
                0x0000000008002598       0x3c ./Src/Drivers/basicTimer.o
                0x0000000008002598                TIM2_IRQHandler()
 .text._Z15TIM3_IRQHandlerv
                0x00000000080025d4       0x3c ./Src/Drivers/basicTimer.o
                0x00000000080025d4                TIM3_IRQHandler()
 .text._Z15TIM4_IRQHandlerv
                0x0000000008002610       0x3c ./Src/Drivers/basicTimer.o
                0x0000000008002610                TIM4_IRQHandler()
 .text._Z15TIM5_IRQHandlerv
                0x000000000800264c       0x3c ./Src/Drivers/basicTimer.o
                0x000000000800264c                TIM5_IRQHandler()
 .text._Z24TIM1_BRK_TIM9_IRQHandlerv
                0x0000000008002688       0x3c ./Src/Drivers/basicTimer.o
                0x0000000008002688                TIM1_BRK_TIM9_IRQHandler()
 .text._Z24TIM1_UP_TIM10_IRQHandlerv
                0x00000000080026c4       0x3c ./Src/Drivers/basicTimer.o
                0x00000000080026c4                TIM1_UP_TIM10_IRQHandler()
 .text._Z29TIM1_TRG_COM_TIM11_IRQHandlerv
                0x0000000008002700       0x3c ./Src/Drivers/basicTimer.o
                0x0000000008002700                TIM1_TRG_COM_TIM11_IRQHandler()
 .text._Z18TIM1_CC_IRQHandlerv
                0x000000000800273c        0xe ./Src/Drivers/basicTimer.o
                0x000000000800273c                TIM1_CC_IRQHandler()
 *fill*         0x000000000800274a        0x2 
 .text.__NVIC_EnableIRQ
                0x000000000800274c       0x3c ./Src/Drivers/USART.o
 .text.__NVIC_DisableIRQ
                0x0000000008002788       0x48 ./Src/Drivers/USART.o
 .text.__NVIC_SetPriority
                0x00000000080027d0       0x54 ./Src/Drivers/USART.o
 .text._ZN14usartNameSpace5USARTC2EP13USART_TypeDef
                0x0000000008002824      0x114 ./Src/Drivers/USART.o
                0x0000000008002824                usartNameSpace::USART::USART(USART_TypeDef*)
                0x0000000008002824                usartNameSpace::USART::USART(USART_TypeDef*)
 .text._ZN14usartNameSpace5USARTD2Ev
                0x0000000008002938       0x26 ./Src/Drivers/USART.o
                0x0000000008002938                usartNameSpace::USART::~USART()
                0x0000000008002938                usartNameSpace::USART::~USART()
 *fill*         0x000000000800295e        0x2 
 .text._ZN14usartNameSpace5USART4initEv
                0x0000000008002960       0xa8 ./Src/Drivers/USART.o
                0x0000000008002960                usartNameSpace::USART::init()
 .text._ZN14usartNameSpace5USART21peripheralClockEnableEv
                0x0000000008002a08       0x5c ./Src/Drivers/USART.o
                0x0000000008002a08                usartNameSpace::USART::peripheralClockEnable()
 .text._ZN14usartNameSpace5USART11setStopBitsEv
                0x0000000008002a64       0x30 ./Src/Drivers/USART.o
                0x0000000008002a64                usartNameSpace::USART::setStopBits()
 .text._ZN14usartNameSpace5USART15setParityConfigEv
                0x0000000008002a94       0x52 ./Src/Drivers/USART.o
                0x0000000008002a94                usartNameSpace::USART::setParityConfig()
 .text._ZN14usartNameSpace5USART12setBRRConfigEv
                0x0000000008002ae6       0x74 ./Src/Drivers/USART.o
                0x0000000008002ae6                usartNameSpace::USART::setBRRConfig()
 .text._ZN14usartNameSpace5USART13setInterruptsEv
                0x0000000008002b5a       0x6c ./Src/Drivers/USART.o
                0x0000000008002b5a                usartNameSpace::USART::setInterrupts()
 .text._ZN14usartNameSpace5USART15setOverSamplingEv
                0x0000000008002bc6       0x30 ./Src/Drivers/USART.o
                0x0000000008002bc6                usartNameSpace::USART::setOverSampling()
 .text._ZN14usartNameSpace5USART13setDataLengthEv
                0x0000000008002bf6       0x30 ./Src/Drivers/USART.o
                0x0000000008002bf6                usartNameSpace::USART::setDataLength()
 .text._ZN14usartNameSpace5USART14set_TX_RX_modeEv
                0x0000000008002c26       0x64 ./Src/Drivers/USART.o
                0x0000000008002c26                usartNameSpace::USART::set_TX_RX_mode()
 *fill*         0x0000000008002c8a        0x2 
 .text._ZN14usartNameSpace5USART10gpioConfigEv
                0x0000000008002c8c      0x6e0 ./Src/Drivers/USART.o
                0x0000000008002c8c                usartNameSpace::USART::gpioConfig()
 .text._ZN14usartNameSpace5USART20enableNVIC_InterruptEv
                0x000000000800336c       0xa8 ./Src/Drivers/USART.o
                0x000000000800336c                usartNameSpace::USART::enableNVIC_Interrupt()
 .text._ZN14usartNameSpace5USART21disableNVIC_InterruptEv
                0x0000000008003414       0x54 ./Src/Drivers/USART.o
                0x0000000008003414                usartNameSpace::USART::disableNVIC_Interrupt()
 .text._ZN14usartNameSpace5USART33calculateMantisaAndFractionalPartEdhNS_16USART_BAUD_RATESERNS_16BAUD_RATE_VALUESE
                0x0000000008003468      0x184 ./Src/Drivers/USART.o
                0x0000000008003468                usartNameSpace::USART::calculateMantisaAndFractionalPart(double, unsigned char, usartNameSpace::USART_BAUD_RATES, usartNameSpace::BAUD_RATE_VALUES&)
 .text._ZN14usartNameSpace5USART12USART_enableEv
                0x00000000080035ec       0x26 ./Src/Drivers/USART.o
                0x00000000080035ec                usartNameSpace::USART::USART_enable()
 .text._ZN14usartNameSpace5USART13USART_disableEv
                0x0000000008003612       0x26 ./Src/Drivers/USART.o
                0x0000000008003612                usartNameSpace::USART::USART_disable()
 .text._ZN14usartNameSpace5USART23readCharNonBlockingModeEv
                0x0000000008003638       0x1c ./Src/Drivers/USART.o
                0x0000000008003638                usartNameSpace::USART::readCharNonBlockingMode()
 .text._ZN14usartNameSpace5USART16readUserCommandsERS0_
                0x0000000008003654       0x80 ./Src/Drivers/USART.o
                0x0000000008003654                usartNameSpace::USART::readUserCommands(usartNameSpace::USART&)
 .text._ZN14usartNameSpace5USART17parseUserCommandsERS0_PvPc
                0x00000000080036d4       0x9c ./Src/Drivers/USART.o
                0x00000000080036d4                usartNameSpace::USART::parseUserCommands(usartNameSpace::USART&, void*, char*)
 .text._Z18USART1_RX_Callbackv
                0x0000000008003770       0x10 ./Src/Drivers/USART.o
                0x0000000008003770                USART1_RX_Callback()
 .text._Z18USART6_RX_Callbackv
                0x0000000008003780       0x10 ./Src/Drivers/USART.o
                0x0000000008003780                USART6_RX_Callback()
 .text._Z18USART1_TX_Callbackv
                0x0000000008003790       0x10 ./Src/Drivers/USART.o
                0x0000000008003790                USART1_TX_Callback()
 .text._Z18USART2_TX_Callbackv
                0x00000000080037a0       0x10 ./Src/Drivers/USART.o
                0x00000000080037a0                USART2_TX_Callback()
 .text._Z18USART6_TX_Callbackv
                0x00000000080037b0       0x10 ./Src/Drivers/USART.o
                0x00000000080037b0                USART6_TX_Callback()
 .text._Z17USART1_IRQHandlerv
                0x00000000080037c0       0x50 ./Src/Drivers/USART.o
                0x00000000080037c0                USART1_IRQHandler()
 .text._Z17USART2_IRQHandlerv
                0x0000000008003810       0x54 ./Src/Drivers/USART.o
                0x0000000008003810                USART2_IRQHandler()
 .text._Z17USART6_IRQHandlerv
                0x0000000008003864       0x54 ./Src/Drivers/USART.o
                0x0000000008003864                USART6_IRQHandler()
 .text._Znwj    0x00000000080038b8       0x22 /usr/bin/../lib/gcc/arm-none-eabi/10.3.1/../../../../arm-none-eabi/lib/thumb/v7e-m+fp/hard/libstdc++_nano.a(new_op.o)
                0x00000000080038b8                operator new(unsigned int)
 *fill*         0x00000000080038da        0x2 
 .text._ZSt15get_new_handlerv
                0x00000000080038dc       0x10 /usr/bin/../lib/gcc/arm-none-eabi/10.3.1/../../../../arm-none-eabi/lib/thumb/v7e-m+fp/hard/libstdc++_nano.a(new_handler.o)
                0x00000000080038dc                std::get_new_handler()
 .text.abort    0x00000000080038ec        0xe /usr/bin/../lib/gcc/arm-none-eabi/10.3.1/../../../../arm-none-eabi/lib/thumb/v7e-m+fp/hard/libc_nano.a(lib_a-abort.o)
                0x00000000080038ec                abort
 *fill*         0x00000000080038fa        0x2 
 .text.__assert_func
                0x00000000080038fc       0x3c /usr/bin/../lib/gcc/arm-none-eabi/10.3.1/../../../../arm-none-eabi/lib/thumb/v7e-m+fp/hard/libc_nano.a(lib_a-assert.o)
                0x00000000080038fc                __assert_func
 .text.calloc   0x0000000008003938       0x10 /usr/bin/../lib/gcc/arm-none-eabi/10.3.1/../../../../arm-none-eabi/lib/thumb/v7e-m+fp/hard/libc_nano.a(lib_a-calloc.o)
                0x0000000008003938                calloc
 .text.__errno  0x0000000008003948        0xc /usr/bin/../lib/gcc/arm-none-eabi/10.3.1/../../../../arm-none-eabi/lib/thumb/v7e-m+fp/hard/libc_nano.a(lib_a-errno.o)
                0x0000000008003948                __errno
 .text.fprintf  0x0000000008003954       0x24 /usr/bin/../lib/gcc/arm-none-eabi/10.3.1/../../../../arm-none-eabi/lib/thumb/v7e-m+fp/hard/libc_nano.a(lib_a-fprintf.o)
                0x0000000008003954                fprintf
                0x0000000008003954                fiprintf
 .text.__libc_init_array
                0x0000000008003978       0x48 /usr/bin/../lib/gcc/arm-none-eabi/10.3.1/../../../../arm-none-eabi/lib/thumb/v7e-m+fp/hard/libc_nano.a(lib_a-init.o)
                0x0000000008003978                __libc_init_array
 .text.malloc   0x00000000080039c0       0x10 /usr/bin/../lib/gcc/arm-none-eabi/10.3.1/../../../../arm-none-eabi/lib/thumb/v7e-m+fp/hard/libc_nano.a(lib_a-malloc.o)
                0x00000000080039c0                malloc
 .text.memcpy   0x00000000080039d0       0x1c /usr/bin/../lib/gcc/arm-none-eabi/10.3.1/../../../../arm-none-eabi/lib/thumb/v7e-m+fp/hard/libc_nano.a(lib_a-memcpy-stub.o)
                0x00000000080039d0                memcpy
 .text.memset   0x00000000080039ec       0x10 /usr/bin/../lib/gcc/arm-none-eabi/10.3.1/../../../../arm-none-eabi/lib/thumb/v7e-m+fp/hard/libc_nano.a(lib_a-memset.o)
                0x00000000080039ec                memset
 .text._calloc_r
                0x00000000080039fc       0x2c /usr/bin/../lib/gcc/arm-none-eabi/10.3.1/../../../../arm-none-eabi/lib/thumb/v7e-m+fp/hard/libc_nano.a(lib_a-nano-callocr.o)
                0x00000000080039fc                _calloc_r
 .text._free_r  0x0000000008003a28       0x98 /usr/bin/../lib/gcc/arm-none-eabi/10.3.1/../../../../arm-none-eabi/lib/thumb/v7e-m+fp/hard/libc_nano.a(lib_a-nano-freer.o)
                0x0000000008003a28                _free_r
 .text.sbrk_aligned
                0x0000000008003ac0       0x40 /usr/bin/../lib/gcc/arm-none-eabi/10.3.1/../../../../arm-none-eabi/lib/thumb/v7e-m+fp/hard/libc_nano.a(lib_a-nano-mallocr.o)
 .text._malloc_r
                0x0000000008003b00       0xe8 /usr/bin/../lib/gcc/arm-none-eabi/10.3.1/../../../../arm-none-eabi/lib/thumb/v7e-m+fp/hard/libc_nano.a(lib_a-nano-mallocr.o)
                0x0000000008003b00                _malloc_r
 .text.__sfputc_r
                0x0000000008003be8       0x2e /usr/bin/../lib/gcc/arm-none-eabi/10.3.1/../../../../arm-none-eabi/lib/thumb/v7e-m+fp/hard/libc_nano.a(lib_a-nano-vfprintf.o)
 .text.__sfputs_r
                0x0000000008003c16       0x24 /usr/bin/../lib/gcc/arm-none-eabi/10.3.1/../../../../arm-none-eabi/lib/thumb/v7e-m+fp/hard/libc_nano.a(lib_a-nano-vfprintf.o)
                0x0000000008003c16                __sfputs_r
 *fill*         0x0000000008003c3a        0x2 
 .text._vfprintf_r
                0x0000000008003c3c      0x260 /usr/bin/../lib/gcc/arm-none-eabi/10.3.1/../../../../arm-none-eabi/lib/thumb/v7e-m+fp/hard/libc_nano.a(lib_a-nano-vfprintf.o)
                0x0000000008003c3c                _vfiprintf_r
                0x0000000008003c3c                _vfprintf_r
 .text._printf_common
                0x0000000008003e9c       0xda /usr/bin/../lib/gcc/arm-none-eabi/10.3.1/../../../../arm-none-eabi/lib/thumb/v7e-m+fp/hard/libc_nano.a(lib_a-nano-vfprintf_i.o)
                0x0000000008003e9c                _printf_common
 *fill*         0x0000000008003f76        0x2 
 .text._printf_i
                0x0000000008003f78      0x24c /usr/bin/../lib/gcc/arm-none-eabi/10.3.1/../../../../arm-none-eabi/lib/thumb/v7e-m+fp/hard/libc_nano.a(lib_a-nano-vfprintf_i.o)
                0x0000000008003f78                _printf_i
 .text._sbrk_r  0x00000000080041c4       0x20 /usr/bin/../lib/gcc/arm-none-eabi/10.3.1/../../../../arm-none-eabi/lib/thumb/v7e-m+fp/hard/libc_nano.a(lib_a-sbrkr.o)
                0x00000000080041c4                _sbrk_r
 .text._raise_r
                0x00000000080041e4       0x50 /usr/bin/../lib/gcc/arm-none-eabi/10.3.1/../../../../arm-none-eabi/lib/thumb/v7e-m+fp/hard/libc_nano.a(lib_a-signal.o)
                0x00000000080041e4                _raise_r
 .text.raise    0x0000000008004234       0x10 /usr/bin/../lib/gcc/arm-none-eabi/10.3.1/../../../../arm-none-eabi/lib/thumb/v7e-m+fp/hard/libc_nano.a(lib_a-signal.o)
                0x0000000008004234                raise
 .text._kill_r  0x0000000008004244       0x24 /usr/bin/../lib/gcc/arm-none-eabi/10.3.1/../../../../arm-none-eabi/lib/thumb/v7e-m+fp/hard/libc_nano.a(lib_a-signalr.o)
                0x0000000008004244                _kill_r
 .text._getpid_r
                0x0000000008004268        0x4 /usr/bin/../lib/gcc/arm-none-eabi/10.3.1/../../../../arm-none-eabi/lib/thumb/v7e-m+fp/hard/libc_nano.a(lib_a-signalr.o)
                0x0000000008004268                _getpid_r
 .text.sscanf   0x000000000800426c       0x58 /usr/bin/../lib/gcc/arm-none-eabi/10.3.1/../../../../arm-none-eabi/lib/thumb/v7e-m+fp/hard/libc_nano.a(lib_a-sscanf.o)
                0x000000000800426c                sscanf
                0x000000000800426c                siscanf
 .text.__sread  0x00000000080042c4       0x22 /usr/bin/../lib/gcc/arm-none-eabi/10.3.1/../../../../arm-none-eabi/lib/thumb/v7e-m+fp/hard/libc_nano.a(lib_a-stdio.o)
                0x00000000080042c4                __sread
 .text.__seofread
                0x00000000080042e6        0x4 /usr/bin/../lib/gcc/arm-none-eabi/10.3.1/../../../../arm-none-eabi/lib/thumb/v7e-m+fp/hard/libc_nano.a(lib_a-stdio.o)
                0x00000000080042e6                __seofread
 .text.__swrite
                0x00000000080042ea       0x38 /usr/bin/../lib/gcc/arm-none-eabi/10.3.1/../../../../arm-none-eabi/lib/thumb/v7e-m+fp/hard/libc_nano.a(lib_a-stdio.o)
                0x00000000080042ea                __swrite
 .text.__sseek  0x0000000008004322       0x24 /usr/bin/../lib/gcc/arm-none-eabi/10.3.1/../../../../arm-none-eabi/lib/thumb/v7e-m+fp/hard/libc_nano.a(lib_a-stdio.o)
                0x0000000008004322                __sseek
 .text.__sclose
                0x0000000008004346        0x8 /usr/bin/../lib/gcc/arm-none-eabi/10.3.1/../../../../arm-none-eabi/lib/thumb/v7e-m+fp/hard/libc_nano.a(lib_a-stdio.o)
                0x0000000008004346                __sclose
 *fill*         0x000000000800434e        0x2 
 .text.__swbuf_r
                0x0000000008004350       0xa4 /usr/bin/../lib/gcc/arm-none-eabi/10.3.1/../../../../arm-none-eabi/lib/thumb/v7e-m+fp/hard/libc_nano.a(lib_a-wbuf.o)
                0x0000000008004350                __swbuf_r
 .text._write_r
                0x00000000080043f4       0x24 /usr/bin/../lib/gcc/arm-none-eabi/10.3.1/../../../../arm-none-eabi/lib/thumb/v7e-m+fp/hard/libc_nano.a(lib_a-writer.o)
                0x00000000080043f4                _write_r
 .text.__swsetup_r
                0x0000000008004418       0xdc /usr/bin/../lib/gcc/arm-none-eabi/10.3.1/../../../../arm-none-eabi/lib/thumb/v7e-m+fp/hard/libc_nano.a(lib_a-wsetup.o)
                0x0000000008004418                __swsetup_r
 .text._close_r
                0x00000000080044f4       0x20 /usr/bin/../lib/gcc/arm-none-eabi/10.3.1/../../../../arm-none-eabi/lib/thumb/v7e-m+fp/hard/libc_nano.a(lib_a-closer.o)
                0x00000000080044f4                _close_r
 .text.__sflush_r
                0x0000000008004514      0x10c /usr/bin/../lib/gcc/arm-none-eabi/10.3.1/../../../../arm-none-eabi/lib/thumb/v7e-m+fp/hard/libc_nano.a(lib_a-fflush.o)
                0x0000000008004514                __sflush_r
 .text._fflush_r
                0x0000000008004620       0x78 /usr/bin/../lib/gcc/arm-none-eabi/10.3.1/../../../../arm-none-eabi/lib/thumb/v7e-m+fp/hard/libc_nano.a(lib_a-fflush.o)
                0x0000000008004620                _fflush_r
 .text.std      0x0000000008004698       0x48 /usr/bin/../lib/gcc/arm-none-eabi/10.3.1/../../../../arm-none-eabi/lib/thumb/v7e-m+fp/hard/libc_nano.a(lib_a-findfp.o)
 .text._cleanup_r
                0x00000000080046e0        0xc /usr/bin/../lib/gcc/arm-none-eabi/10.3.1/../../../../arm-none-eabi/lib/thumb/v7e-m+fp/hard/libc_nano.a(lib_a-findfp.o)
                0x00000000080046e0                _cleanup_r
 .text.__sfmoreglue
                0x00000000080046ec       0x2c /usr/bin/../lib/gcc/arm-none-eabi/10.3.1/../../../../arm-none-eabi/lib/thumb/v7e-m+fp/hard/libc_nano.a(lib_a-findfp.o)
                0x00000000080046ec                __sfmoreglue
 .text.__sfp_lock_acquire
                0x0000000008004718        0xc /usr/bin/../lib/gcc/arm-none-eabi/10.3.1/../../../../arm-none-eabi/lib/thumb/v7e-m+fp/hard/libc_nano.a(lib_a-findfp.o)
                0x0000000008004718                __sfp_lock_acquire
 .text.__sfp_lock_release
                0x0000000008004724        0xc /usr/bin/../lib/gcc/arm-none-eabi/10.3.1/../../../../arm-none-eabi/lib/thumb/v7e-m+fp/hard/libc_nano.a(lib_a-findfp.o)
                0x0000000008004724                __sfp_lock_release
 .text.__sinit_lock_acquire
                0x0000000008004730        0xc /usr/bin/../lib/gcc/arm-none-eabi/10.3.1/../../../../arm-none-eabi/lib/thumb/v7e-m+fp/hard/libc_nano.a(lib_a-findfp.o)
                0x0000000008004730                __sinit_lock_acquire
 .text.__sinit_lock_release
                0x000000000800473c        0xc /usr/bin/../lib/gcc/arm-none-eabi/10.3.1/../../../../arm-none-eabi/lib/thumb/v7e-m+fp/hard/libc_nano.a(lib_a-findfp.o)
                0x000000000800473c                __sinit_lock_release
 .text.__sinit  0x0000000008004748       0x70 /usr/bin/../lib/gcc/arm-none-eabi/10.3.1/../../../../arm-none-eabi/lib/thumb/v7e-m+fp/hard/libc_nano.a(lib_a-findfp.o)
                0x0000000008004748                __sinit
 .text.__sfp    0x00000000080047b8       0x8c /usr/bin/../lib/gcc/arm-none-eabi/10.3.1/../../../../arm-none-eabi/lib/thumb/v7e-m+fp/hard/libc_nano.a(lib_a-findfp.o)
                0x00000000080047b8                __sfp
 .text._fwalk_reent
                0x0000000008004844       0x3e /usr/bin/../lib/gcc/arm-none-eabi/10.3.1/../../../../arm-none-eabi/lib/thumb/v7e-m+fp/hard/libc_nano.a(lib_a-fwalk.o)
                0x0000000008004844                _fwalk_reent
 .text.__retarget_lock_init_recursive
                0x0000000008004882        0x2 /usr/bin/../lib/gcc/arm-none-eabi/10.3.1/../../../../arm-none-eabi/lib/thumb/v7e-m+fp/hard/libc_nano.a(lib_a-lock.o)
                0x0000000008004882                __retarget_lock_init_recursive
 .text.__retarget_lock_acquire_recursive
                0x0000000008004884        0x2 /usr/bin/../lib/gcc/arm-none-eabi/10.3.1/../../../../arm-none-eabi/lib/thumb/v7e-m+fp/hard/libc_nano.a(lib_a-lock.o)
                0x0000000008004884                __retarget_lock_acquire_recursive
 .text.__retarget_lock_release_recursive
                0x0000000008004886        0x2 /usr/bin/../lib/gcc/arm-none-eabi/10.3.1/../../../../arm-none-eabi/lib/thumb/v7e-m+fp/hard/libc_nano.a(lib_a-lock.o)
                0x0000000008004886                __retarget_lock_release_recursive
 .text._lseek_r
                0x0000000008004888       0x24 /usr/bin/../lib/gcc/arm-none-eabi/10.3.1/../../../../arm-none-eabi/lib/thumb/v7e-m+fp/hard/libc_nano.a(lib_a-lseekr.o)
                0x0000000008004888                _lseek_r
 .text.__swhatbuf_r
                0x00000000080048ac       0x4a /usr/bin/../lib/gcc/arm-none-eabi/10.3.1/../../../../arm-none-eabi/lib/thumb/v7e-m+fp/hard/libc_nano.a(lib_a-makebuf.o)
                0x00000000080048ac                __swhatbuf_r
 *fill*         0x00000000080048f6        0x2 
 .text.__smakebuf_r
                0x00000000080048f8       0x80 /usr/bin/../lib/gcc/arm-none-eabi/10.3.1/../../../../arm-none-eabi/lib/thumb/v7e-m+fp/hard/libc_nano.a(lib_a-makebuf.o)
                0x00000000080048f8                __smakebuf_r
 .text.__malloc_lock
                0x0000000008004978        0xc /usr/bin/../lib/gcc/arm-none-eabi/10.3.1/../../../../arm-none-eabi/lib/thumb/v7e-m+fp/hard/libc_nano.a(lib_a-mlock.o)
                0x0000000008004978                __malloc_lock
 .text.__malloc_unlock
                0x0000000008004984        0xc /usr/bin/../lib/gcc/arm-none-eabi/10.3.1/../../../../arm-none-eabi/lib/thumb/v7e-m+fp/hard/libc_nano.a(lib_a-mlock.o)
                0x0000000008004984                __malloc_unlock
 .text._realloc_r
                0x0000000008004990       0x5e /usr/bin/../lib/gcc/arm-none-eabi/10.3.1/../../../../arm-none-eabi/lib/thumb/v7e-m+fp/hard/libc_nano.a(lib_a-nano-reallocr.o)
                0x0000000008004990                _realloc_r
 .text._sungetc_r
                0x00000000080049ee       0x7a /usr/bin/../lib/gcc/arm-none-eabi/10.3.1/../../../../arm-none-eabi/lib/thumb/v7e-m+fp/hard/libc_nano.a(lib_a-nano-svfscanf.o)
                0x00000000080049ee                _sungetc_r
 .text.__ssrefill_r
                0x0000000008004a68       0x3a /usr/bin/../lib/gcc/arm-none-eabi/10.3.1/../../../../arm-none-eabi/lib/thumb/v7e-m+fp/hard/libc_nano.a(lib_a-nano-svfscanf.o)
                0x0000000008004a68                __ssrefill_r
 *fill*         0x0000000008004aa2        0x2 
 .text.__ssvfscanf_r
                0x0000000008004aa4      0x2f0 /usr/bin/../lib/gcc/arm-none-eabi/10.3.1/../../../../arm-none-eabi/lib/thumb/v7e-m+fp/hard/libc_nano.a(lib_a-nano-svfscanf.o)
                0x0000000008004aa4                __ssvfscanf_r
                0x0000000008004aa4                __ssvfiscanf_r
 .text._scanf_chars
                0x0000000008004d94       0xb4 /usr/bin/../lib/gcc/arm-none-eabi/10.3.1/../../../../arm-none-eabi/lib/thumb/v7e-m+fp/hard/libc_nano.a(lib_a-nano-vfscanf_i.o)
                0x0000000008004d94                _scanf_chars
 .text._scanf_i
                0x0000000008004e48      0x1f0 /usr/bin/../lib/gcc/arm-none-eabi/10.3.1/../../../../arm-none-eabi/lib/thumb/v7e-m+fp/hard/libc_nano.a(lib_a-nano-vfscanf_i.o)
                0x0000000008004e48                _scanf_i
 .text._read_r  0x0000000008005038       0x24 /usr/bin/../lib/gcc/arm-none-eabi/10.3.1/../../../../arm-none-eabi/lib/thumb/v7e-m+fp/hard/libc_nano.a(lib_a-readr.o)
                0x0000000008005038                _read_r
 .text.__sccl   0x000000000800505c       0x70 /usr/bin/../lib/gcc/arm-none-eabi/10.3.1/../../../../arm-none-eabi/lib/thumb/v7e-m+fp/hard/libc_nano.a(lib_a-sccl.o)
                0x000000000800505c                __sccl
 .text._strtol_l.constprop.0
                0x00000000080050cc      0x104 /usr/bin/../lib/gcc/arm-none-eabi/10.3.1/../../../../arm-none-eabi/lib/thumb/v7e-m+fp/hard/libc_nano.a(lib_a-strtol.o)
 .text._strtol_r
                0x00000000080051d0        0x4 /usr/bin/../lib/gcc/arm-none-eabi/10.3.1/../../../../arm-none-eabi/lib/thumb/v7e-m+fp/hard/libc_nano.a(lib_a-strtol.o)
                0x00000000080051d0                _strtol_r
 .text._strtoul_l.constprop.0
                0x00000000080051d4       0xe4 /usr/bin/../lib/gcc/arm-none-eabi/10.3.1/../../../../arm-none-eabi/lib/thumb/v7e-m+fp/hard/libc_nano.a(lib_a-strtoul.o)
 .text._strtoul_r
                0x00000000080052b8        0x4 /usr/bin/../lib/gcc/arm-none-eabi/10.3.1/../../../../arm-none-eabi/lib/thumb/v7e-m+fp/hard/libc_nano.a(lib_a-strtoul.o)
                0x00000000080052b8                _strtoul_r
 .text.__submore
                0x00000000080052bc       0x74 /usr/bin/../lib/gcc/arm-none-eabi/10.3.1/../../../../arm-none-eabi/lib/thumb/v7e-m+fp/hard/libc_nano.a(lib_a-ungetc.o)
                0x00000000080052bc                __submore
 .text._fstat_r
                0x0000000008005330       0x24 /usr/bin/../lib/gcc/arm-none-eabi/10.3.1/../../../../arm-none-eabi/lib/thumb/v7e-m+fp/hard/libc_nano.a(lib_a-fstatr.o)
                0x0000000008005330                _fstat_r
 .text._isatty_r
                0x0000000008005354       0x20 /usr/bin/../lib/gcc/arm-none-eabi/10.3.1/../../../../arm-none-eabi/lib/thumb/v7e-m+fp/hard/libc_nano.a(lib_a-isattyr.o)
                0x0000000008005354                _isatty_r
 .text._malloc_usable_size_r
                0x0000000008005374       0x10 /usr/bin/../lib/gcc/arm-none-eabi/10.3.1/../../../../arm-none-eabi/lib/thumb/v7e-m+fp/hard/libc_nano.a(lib_a-nano-msizer.o)
                0x0000000008005374                _malloc_usable_size_r
 .text._sbrk    0x0000000008005384       0x1c /usr/bin/../lib/gcc/arm-none-eabi/10.3.1/../../../../arm-none-eabi/lib/thumb/v7e-m+fp/hard/libnosys.a(sbrk.o)
                0x0000000008005384                _sbrk
 *(.glue_7)
 .glue_7        0x00000000080053a0        0x0 linker stubs
 *(.glue_7t)
 .glue_7t       0x00000000080053a0        0x0 linker stubs
 *(.eh_frame)
 .eh_frame      0x00000000080053a0        0x0 /usr/bin/../lib/gcc/arm-none-eabi/10.3.1/thumb/v7e-m+fp/hard/crtbegin.o
 *(.init)
 .init          0x00000000080053a0        0x4 /usr/bin/../lib/gcc/arm-none-eabi/10.3.1/thumb/v7e-m+fp/hard/crti.o
                0x00000000080053a0                _init
 .init          0x00000000080053a4        0x8 /usr/bin/../lib/gcc/arm-none-eabi/10.3.1/thumb/v7e-m+fp/hard/crtn.o
 *(.fini)
 .fini          0x00000000080053ac        0x4 /usr/bin/../lib/gcc/arm-none-eabi/10.3.1/thumb/v7e-m+fp/hard/crti.o
                0x00000000080053ac                _fini
 .fini          0x00000000080053b0        0x8 /usr/bin/../lib/gcc/arm-none-eabi/10.3.1/thumb/v7e-m+fp/hard/crtn.o
                0x00000000080053b8                . = ALIGN (0x4)
                0x00000000080053b8                _etext = .

.vfp11_veneer   0x00000000080053b8        0x0
 .vfp11_veneer  0x00000000080053b8        0x0 linker stubs

.v4_bx          0x00000000080053b8        0x0
 .v4_bx         0x00000000080053b8        0x0 linker stubs

.iplt           0x00000000080053b8        0x0
 .iplt          0x00000000080053b8        0x0 /usr/bin/../lib/gcc/arm-none-eabi/10.3.1/thumb/v7e-m+fp/hard/crtbegin.o

.rodata         0x00000000080053b8      0x778
                0x00000000080053b8                . = ALIGN (0x4)
 *(.rodata)
 .rodata        0x00000000080053b8        0x8 ./Src/main.o
 .rodata        0x00000000080053c0      0x405 ./Src/Drivers/GPIO.o
 *fill*         0x00000000080057c5        0x3 
 .rodata        0x00000000080057c8       0x6e ./Src/Drivers/basicTimer.o
 *fill*         0x0000000008005836        0x2 
 .rodata        0x0000000008005838       0xd7 ./Src/Drivers/USART.o
 *fill*         0x000000000800590f        0x1 
 .rodata        0x0000000008005910        0xc /usr/bin/../lib/gcc/arm-none-eabi/10.3.1/../../../../arm-none-eabi/lib/thumb/v7e-m+fp/hard/libc_nano.a(lib_a-nano-vfscanf_i.o)
 *(.rodata*)
 .rodata._ZTVN12timNameSpace10basicTimerE
                0x000000000800591c       0x24 ./Src/Drivers/basicTimer.o
                0x000000000800591c                vtable for timNameSpace::basicTimer
 .rodata.__assert_func.str1.1
                0x0000000008005940       0x3c /usr/bin/../lib/gcc/arm-none-eabi/10.3.1/../../../../arm-none-eabi/lib/thumb/v7e-m+fp/hard/libc_nano.a(lib_a-assert.o)
                                         0x3d (size before relaxing)
 .rodata._global_impure_ptr
                0x000000000800597c        0x4 /usr/bin/../lib/gcc/arm-none-eabi/10.3.1/../../../../arm-none-eabi/lib/thumb/v7e-m+fp/hard/libc_nano.a(lib_a-impure.o)
                0x000000000800597c                _global_impure_ptr
 .rodata._vfprintf_r.str1.1
                0x0000000008005980       0x11 /usr/bin/../lib/gcc/arm-none-eabi/10.3.1/../../../../arm-none-eabi/lib/thumb/v7e-m+fp/hard/libc_nano.a(lib_a-nano-vfprintf.o)
 .rodata._printf_i.str1.1
                0x0000000008005991       0x22 /usr/bin/../lib/gcc/arm-none-eabi/10.3.1/../../../../arm-none-eabi/lib/thumb/v7e-m+fp/hard/libc_nano.a(lib_a-nano-vfprintf_i.o)
 *fill*         0x00000000080059b3        0x1 
 .rodata.__sf_fake_stderr
                0x00000000080059b4       0x20 /usr/bin/../lib/gcc/arm-none-eabi/10.3.1/../../../../arm-none-eabi/lib/thumb/v7e-m+fp/hard/libc_nano.a(lib_a-findfp.o)
                0x00000000080059b4                __sf_fake_stderr
 .rodata.__sf_fake_stdin
                0x00000000080059d4       0x20 /usr/bin/../lib/gcc/arm-none-eabi/10.3.1/../../../../arm-none-eabi/lib/thumb/v7e-m+fp/hard/libc_nano.a(lib_a-findfp.o)
                0x00000000080059d4                __sf_fake_stdin
 .rodata.__sf_fake_stdout
                0x00000000080059f4       0x20 /usr/bin/../lib/gcc/arm-none-eabi/10.3.1/../../../../arm-none-eabi/lib/thumb/v7e-m+fp/hard/libc_nano.a(lib_a-findfp.o)
                0x00000000080059f4                __sf_fake_stdout
 .rodata.__ssvfscanf_r.str1.1
                0x0000000008005a14        0x4 /usr/bin/../lib/gcc/arm-none-eabi/10.3.1/../../../../arm-none-eabi/lib/thumb/v7e-m+fp/hard/libc_nano.a(lib_a-nano-svfscanf.o)
 .rodata.str1.1
                0x0000000008005a14        0x9 /usr/bin/../lib/gcc/arm-none-eabi/10.3.1/../../../../arm-none-eabi/lib/thumb/v7e-m+fp/hard/libc_nano.a(lib_a-nano-vfscanf_i.o)
 .rodata._scanf_i.str1.1
                0x0000000008005a1d       0x12 /usr/bin/../lib/gcc/arm-none-eabi/10.3.1/../../../../arm-none-eabi/lib/thumb/v7e-m+fp/hard/libc_nano.a(lib_a-nano-vfscanf_i.o)
 .rodata._ctype_
                0x0000000008005a2f      0x101 /usr/bin/../lib/gcc/arm-none-eabi/10.3.1/../../../../arm-none-eabi/lib/thumb/v7e-m+fp/hard/libc_nano.a(lib_a-ctype_.o)
                0x0000000008005a2f                _ctype_
                0x0000000008005b30                . = ALIGN (0x4)

.rel.dyn        0x0000000008005b30        0x0
 .rel.iplt      0x0000000008005b30        0x0 /usr/bin/../lib/gcc/arm-none-eabi/10.3.1/thumb/v7e-m+fp/hard/crtbegin.o

.ARM.extab      0x0000000008005b30        0x0
                0x0000000008005b30                . = ALIGN (0x4)
 *(.ARM.extab* .gnu.linkonce.armextab.*)
                0x0000000008005b30                . = ALIGN (0x4)

.ARM            0x0000000008005b30        0x0
                0x0000000008005b30                . = ALIGN (0x4)
                0x0000000008005b30                __exidx_start = .
 *(.ARM.exidx*)
                0x0000000008005b30                __exidx_end = .
                0x0000000008005b30                . = ALIGN (0x4)

.preinit_array  0x0000000008005b30        0x0
                0x0000000008005b30                . = ALIGN (0x4)
                0x0000000008005b30                PROVIDE (__preinit_array_start = .)
 *(.preinit_array*)
                0x0000000008005b30                PROVIDE (__preinit_array_end = .)
                0x0000000008005b30                . = ALIGN (0x4)

.init_array     0x0000000008005b30        0x8
                0x0000000008005b30                . = ALIGN (0x4)
                0x0000000008005b30                PROVIDE (__init_array_start = .)
 *(SORT_BY_NAME(.init_array.*))
 *(.init_array*)
 .init_array    0x0000000008005b30        0x4 /usr/bin/../lib/gcc/arm-none-eabi/10.3.1/thumb/v7e-m+fp/hard/crtbegin.o
 .init_array    0x0000000008005b34        0x4 ./Src/main.o
                0x0000000008005b38                PROVIDE (__init_array_end = .)
                0x0000000008005b38                . = ALIGN (0x4)

.fini_array     0x0000000008005b38        0x8
                0x0000000008005b38                . = ALIGN (0x4)
                [!provide]                        PROVIDE (__fini_array_start = .)
 *(SORT_BY_NAME(.fini_array.*))
 *(.fini_array*)
 .fini_array    0x0000000008005b38        0x4 /usr/bin/../lib/gcc/arm-none-eabi/10.3.1/thumb/v7e-m+fp/hard/crtbegin.o
 .fini_array    0x0000000008005b3c        0x4 ./Src/main.o
                [!provide]                        PROVIDE (__fini_array_end = .)
                0x0000000008005b40                . = ALIGN (0x4)
                0x0000000008005b40                _sidata = LOADADDR (.data)

.data           0x0000000020000000       0x9c load address 0x0000000008005b40
                0x0000000020000000                . = ALIGN (0x4)
                0x0000000020000000                _sdata = .
 *(.data)
 *(.data*)
 .data.paramsFormat
                0x0000000020000000        0x4 ./Src/main.o
                0x0000000020000000                paramsFormat
 *fill*         0x0000000020000004        0x4 
 .data.defaultSettings
                0x0000000020000008       0x30 ./Src/Drivers/USART.o
                0x0000000020000008                defaultSettings
 .data._impure_ptr
                0x0000000020000038        0x4 /usr/bin/../lib/gcc/arm-none-eabi/10.3.1/../../../../arm-none-eabi/lib/thumb/v7e-m+fp/hard/libc_nano.a(lib_a-impure.o)
                0x0000000020000038                _impure_ptr
 .data.impure_data
                0x000000002000003c       0x60 /usr/bin/../lib/gcc/arm-none-eabi/10.3.1/../../../../arm-none-eabi/lib/thumb/v7e-m+fp/hard/libc_nano.a(lib_a-impure.o)
 *(.RamFunc)
 *(.RamFunc*)
                0x000000002000009c                . = ALIGN (0x4)
                0x000000002000009c                _edata = .

.igot.plt       0x000000002000009c        0x0 load address 0x0000000008005bdc
 .igot.plt      0x000000002000009c        0x0 /usr/bin/../lib/gcc/arm-none-eabi/10.3.1/thumb/v7e-m+fp/hard/crtbegin.o
                0x000000002000009c                . = ALIGN (0x4)

.bss            0x000000002000009c      0x1b4 load address 0x0000000008005bdc
                0x000000002000009c                _sbss = .
                0x000000002000009c                __bss_start__ = _sbss
 *(.bss)
 .bss           0x000000002000009c       0x1c /usr/bin/../lib/gcc/arm-none-eabi/10.3.1/thumb/v7e-m+fp/hard/crtbegin.o
 *(.bss*)
 .bss.ledStatus
                0x00000000200000b8       0x34 ./Src/main.o
                0x00000000200000b8                ledStatus
 .bss.systemStatusTimer
                0x00000000200000ec       0x70 ./Src/main.o
                0x00000000200000ec                systemStatusTimer
 .bss.coms      0x000000002000015c       0xc0 ./Src/main.o
                0x000000002000015c                coms
 .bss.parameters
                0x000000002000021c        0x4 ./Src/main.o
                0x000000002000021c                parameters
 .bss._ZN13gpioNameSpace4GPIO16extiLinesEnabledE
                0x0000000020000220        0x2 ./Src/Drivers/GPIO.o
                0x0000000020000220                gpioNameSpace::GPIO::extiLinesEnabled
 *fill*         0x0000000020000222        0x2 
 .bss._ZN13gpioNameSpace4GPIO18allocatedResourcesE
                0x0000000020000224       0x10 ./Src/Drivers/GPIO.o
                0x0000000020000224                gpioNameSpace::GPIO::allocatedResources
 .bss.dataRegister
                0x0000000020000234        0x1 ./Src/Drivers/USART.o
                0x0000000020000234                dataRegister
 *fill*         0x0000000020000235        0x3 
 .bss._ZN12_GLOBAL__N_113__new_handlerE
                0x0000000020000238        0x4 /usr/bin/../lib/gcc/arm-none-eabi/10.3.1/../../../../arm-none-eabi/lib/thumb/v7e-m+fp/hard/libstdc++_nano.a(new_handler.o)
 .bss.__malloc_free_list
                0x000000002000023c        0x4 /usr/bin/../lib/gcc/arm-none-eabi/10.3.1/../../../../arm-none-eabi/lib/thumb/v7e-m+fp/hard/libc_nano.a(lib_a-nano-mallocr.o)
                0x000000002000023c                __malloc_free_list
 .bss.__malloc_sbrk_start
                0x0000000020000240        0x4 /usr/bin/../lib/gcc/arm-none-eabi/10.3.1/../../../../arm-none-eabi/lib/thumb/v7e-m+fp/hard/libc_nano.a(lib_a-nano-mallocr.o)
                0x0000000020000240                __malloc_sbrk_start
 .bss.__lock___malloc_recursive_mutex
                0x0000000020000244        0x1 /usr/bin/../lib/gcc/arm-none-eabi/10.3.1/../../../../arm-none-eabi/lib/thumb/v7e-m+fp/hard/libc_nano.a(lib_a-lock.o)
                0x0000000020000244                __lock___malloc_recursive_mutex
 .bss.__lock___sfp_recursive_mutex
                0x0000000020000245        0x1 /usr/bin/../lib/gcc/arm-none-eabi/10.3.1/../../../../arm-none-eabi/lib/thumb/v7e-m+fp/hard/libc_nano.a(lib_a-lock.o)
                0x0000000020000245                __lock___sfp_recursive_mutex
 .bss.__lock___sinit_recursive_mutex
                0x0000000020000246        0x1 /usr/bin/../lib/gcc/arm-none-eabi/10.3.1/../../../../arm-none-eabi/lib/thumb/v7e-m+fp/hard/libc_nano.a(lib_a-lock.o)
                0x0000000020000246                __lock___sinit_recursive_mutex
 *fill*         0x0000000020000247        0x1 
 .bss.errno     0x0000000020000248        0x4 /usr/bin/../lib/gcc/arm-none-eabi/10.3.1/../../../../arm-none-eabi/lib/thumb/v7e-m+fp/hard/libc_nano.a(lib_a-reent.o)
                0x0000000020000248                errno
 .bss.heap_end.0
                0x000000002000024c        0x4 /usr/bin/../lib/gcc/arm-none-eabi/10.3.1/../../../../arm-none-eabi/lib/thumb/v7e-m+fp/hard/libnosys.a(sbrk.o)
 *(COMMON)
                0x0000000020000250                . = ALIGN (0x4)
                0x0000000020000250                _ebss = .
                0x0000000020000250                __bss_end__ = _ebss

._user_heap_stack
                0x0000000020000250      0x600 load address 0x0000000008005bdc
                0x0000000020000250                . = ALIGN (0x8)
                0x0000000020000250                PROVIDE (end = .)
                [!provide]                        PROVIDE (_end = .)
                0x0000000020000450                . = (. + _Min_Heap_Size)
 *fill*         0x0000000020000250      0x200 
                0x0000000020000850                . = (. + _Min_Stack_Size)
 *fill*         0x0000000020000450      0x400 
                0x0000000020000850                . = ALIGN (0x8)

/DISCARD/
 libc.a(*)
 libm.a(*)
 libgcc.a(*)

.ARM.attributes
                0x0000000000000000       0x30
 *(.ARM.attributes)
 .ARM.attributes
                0x0000000000000000       0x1e /usr/bin/../lib/gcc/arm-none-eabi/10.3.1/thumb/v7e-m+fp/hard/crti.o
 .ARM.attributes
                0x000000000000001e       0x34 /usr/bin/../lib/gcc/arm-none-eabi/10.3.1/thumb/v7e-m+fp/hard/crtbegin.o
 .ARM.attributes
                0x0000000000000052       0x34 ./Src/main.o
 .ARM.attributes
                0x0000000000000086       0x34 ./Src/syscalls.o
 .ARM.attributes
                0x00000000000000ba       0x34 ./Startup/stm32_startup.o
 .ARM.attributes
                0x00000000000000ee       0x34 ./Src/Drivers/GPIO.o
 .ARM.attributes
                0x0000000000000122       0x34 ./Src/Drivers/basicTimer.o
 .ARM.attributes
                0x0000000000000156       0x34 ./Src/Drivers/USART.o
 .ARM.attributes
                0x000000000000018a       0x34 /usr/bin/../lib/gcc/arm-none-eabi/10.3.1/../../../../arm-none-eabi/lib/thumb/v7e-m+fp/hard/libstdc++_nano.a(new_op.o)
 .ARM.attributes
                0x00000000000001be       0x34 /usr/bin/../lib/gcc/arm-none-eabi/10.3.1/../../../../arm-none-eabi/lib/thumb/v7e-m+fp/hard/libstdc++_nano.a(new_handler.o)
 .ARM.attributes
                0x00000000000001f2       0x34 /usr/bin/../lib/gcc/arm-none-eabi/10.3.1/../../../../arm-none-eabi/lib/thumb/v7e-m+fp/hard/libc_nano.a(lib_a-abort.o)
 .ARM.attributes
                0x0000000000000226       0x34 /usr/bin/../lib/gcc/arm-none-eabi/10.3.1/../../../../arm-none-eabi/lib/thumb/v7e-m+fp/hard/libc_nano.a(lib_a-assert.o)
 .ARM.attributes
                0x000000000000025a       0x34 /usr/bin/../lib/gcc/arm-none-eabi/10.3.1/../../../../arm-none-eabi/lib/thumb/v7e-m+fp/hard/libc_nano.a(lib_a-calloc.o)
 .ARM.attributes
                0x000000000000028e       0x34 /usr/bin/../lib/gcc/arm-none-eabi/10.3.1/../../../../arm-none-eabi/lib/thumb/v7e-m+fp/hard/libc_nano.a(lib_a-errno.o)
 .ARM.attributes
                0x00000000000002c2       0x34 /usr/bin/../lib/gcc/arm-none-eabi/10.3.1/../../../../arm-none-eabi/lib/thumb/v7e-m+fp/hard/libc_nano.a(lib_a-fprintf.o)
 .ARM.attributes
                0x00000000000002f6       0x34 /usr/bin/../lib/gcc/arm-none-eabi/10.3.1/../../../../arm-none-eabi/lib/thumb/v7e-m+fp/hard/libc_nano.a(lib_a-impure.o)
 .ARM.attributes
                0x000000000000032a       0x34 /usr/bin/../lib/gcc/arm-none-eabi/10.3.1/../../../../arm-none-eabi/lib/thumb/v7e-m+fp/hard/libc_nano.a(lib_a-init.o)
 .ARM.attributes
                0x000000000000035e       0x34 /usr/bin/../lib/gcc/arm-none-eabi/10.3.1/../../../../arm-none-eabi/lib/thumb/v7e-m+fp/hard/libc_nano.a(lib_a-malloc.o)
 .ARM.attributes
                0x0000000000000392       0x34 /usr/bin/../lib/gcc/arm-none-eabi/10.3.1/../../../../arm-none-eabi/lib/thumb/v7e-m+fp/hard/libc_nano.a(lib_a-memcpy-stub.o)
 .ARM.attributes
                0x00000000000003c6       0x34 /usr/bin/../lib/gcc/arm-none-eabi/10.3.1/../../../../arm-none-eabi/lib/thumb/v7e-m+fp/hard/libc_nano.a(lib_a-memset.o)
 .ARM.attributes
                0x00000000000003fa       0x34 /usr/bin/../lib/gcc/arm-none-eabi/10.3.1/../../../../arm-none-eabi/lib/thumb/v7e-m+fp/hard/libc_nano.a(lib_a-nano-callocr.o)
 .ARM.attributes
                0x000000000000042e       0x34 /usr/bin/../lib/gcc/arm-none-eabi/10.3.1/../../../../arm-none-eabi/lib/thumb/v7e-m+fp/hard/libc_nano.a(lib_a-nano-freer.o)
 .ARM.attributes
                0x0000000000000462       0x34 /usr/bin/../lib/gcc/arm-none-eabi/10.3.1/../../../../arm-none-eabi/lib/thumb/v7e-m+fp/hard/libc_nano.a(lib_a-nano-mallocr.o)
 .ARM.attributes
                0x0000000000000496       0x34 /usr/bin/../lib/gcc/arm-none-eabi/10.3.1/../../../../arm-none-eabi/lib/thumb/v7e-m+fp/hard/libc_nano.a(lib_a-nano-vfprintf.o)
 .ARM.attributes
                0x00000000000004ca       0x34 /usr/bin/../lib/gcc/arm-none-eabi/10.3.1/../../../../arm-none-eabi/lib/thumb/v7e-m+fp/hard/libc_nano.a(lib_a-nano-vfprintf_i.o)
 .ARM.attributes
                0x00000000000004fe       0x34 /usr/bin/../lib/gcc/arm-none-eabi/10.3.1/../../../../arm-none-eabi/lib/thumb/v7e-m+fp/hard/libc_nano.a(lib_a-sbrkr.o)
 .ARM.attributes
                0x0000000000000532       0x34 /usr/bin/../lib/gcc/arm-none-eabi/10.3.1/../../../../arm-none-eabi/lib/thumb/v7e-m+fp/hard/libc_nano.a(lib_a-signal.o)
 .ARM.attributes
                0x0000000000000566       0x34 /usr/bin/../lib/gcc/arm-none-eabi/10.3.1/../../../../arm-none-eabi/lib/thumb/v7e-m+fp/hard/libc_nano.a(lib_a-signalr.o)
 .ARM.attributes
                0x000000000000059a       0x34 /usr/bin/../lib/gcc/arm-none-eabi/10.3.1/../../../../arm-none-eabi/lib/thumb/v7e-m+fp/hard/libc_nano.a(lib_a-sscanf.o)
 .ARM.attributes
                0x00000000000005ce       0x34 /usr/bin/../lib/gcc/arm-none-eabi/10.3.1/../../../../arm-none-eabi/lib/thumb/v7e-m+fp/hard/libc_nano.a(lib_a-stdio.o)
 .ARM.attributes
                0x0000000000000602       0x1c /usr/bin/../lib/gcc/arm-none-eabi/10.3.1/../../../../arm-none-eabi/lib/thumb/v7e-m+fp/hard/libc_nano.a(lib_a-strcmp.o)
 .ARM.attributes
                0x000000000000061e       0x17 /usr/bin/../lib/gcc/arm-none-eabi/10.3.1/../../../../arm-none-eabi/lib/thumb/v7e-m+fp/hard/libc_nano.a(lib_a-strlen.o)
 .ARM.attributes
                0x0000000000000635       0x34 /usr/bin/../lib/gcc/arm-none-eabi/10.3.1/../../../../arm-none-eabi/lib/thumb/v7e-m+fp/hard/libc_nano.a(lib_a-wbuf.o)
 .ARM.attributes
                0x0000000000000669       0x34 /usr/bin/../lib/gcc/arm-none-eabi/10.3.1/../../../../arm-none-eabi/lib/thumb/v7e-m+fp/hard/libc_nano.a(lib_a-writer.o)
 .ARM.attributes
                0x000000000000069d       0x34 /usr/bin/../lib/gcc/arm-none-eabi/10.3.1/../../../../arm-none-eabi/lib/thumb/v7e-m+fp/hard/libc_nano.a(lib_a-wsetup.o)
 .ARM.attributes
                0x00000000000006d1       0x34 /usr/bin/../lib/gcc/arm-none-eabi/10.3.1/../../../../arm-none-eabi/lib/thumb/v7e-m+fp/hard/libc_nano.a(lib_a-closer.o)
 .ARM.attributes
                0x0000000000000705       0x34 /usr/bin/../lib/gcc/arm-none-eabi/10.3.1/../../../../arm-none-eabi/lib/thumb/v7e-m+fp/hard/libc_nano.a(lib_a-fflush.o)
 .ARM.attributes
                0x0000000000000739       0x34 /usr/bin/../lib/gcc/arm-none-eabi/10.3.1/../../../../arm-none-eabi/lib/thumb/v7e-m+fp/hard/libc_nano.a(lib_a-findfp.o)
 .ARM.attributes
                0x000000000000076d       0x34 /usr/bin/../lib/gcc/arm-none-eabi/10.3.1/../../../../arm-none-eabi/lib/thumb/v7e-m+fp/hard/libc_nano.a(lib_a-fwalk.o)
 .ARM.attributes
                0x00000000000007a1       0x34 /usr/bin/../lib/gcc/arm-none-eabi/10.3.1/../../../../arm-none-eabi/lib/thumb/v7e-m+fp/hard/libc_nano.a(lib_a-lock.o)
 .ARM.attributes
                0x00000000000007d5       0x34 /usr/bin/../lib/gcc/arm-none-eabi/10.3.1/../../../../arm-none-eabi/lib/thumb/v7e-m+fp/hard/libc_nano.a(lib_a-lseekr.o)
 .ARM.attributes
                0x0000000000000809       0x34 /usr/bin/../lib/gcc/arm-none-eabi/10.3.1/../../../../arm-none-eabi/lib/thumb/v7e-m+fp/hard/libc_nano.a(lib_a-makebuf.o)
 .ARM.attributes
                0x000000000000083d       0x1c /usr/bin/../lib/gcc/arm-none-eabi/10.3.1/../../../../arm-none-eabi/lib/thumb/v7e-m+fp/hard/libc_nano.a(lib_a-memchr.o)
 .ARM.attributes
                0x0000000000000859       0x34 /usr/bin/../lib/gcc/arm-none-eabi/10.3.1/../../../../arm-none-eabi/lib/thumb/v7e-m+fp/hard/libc_nano.a(lib_a-mlock.o)
 .ARM.attributes
                0x000000000000088d       0x34 /usr/bin/../lib/gcc/arm-none-eabi/10.3.1/../../../../arm-none-eabi/lib/thumb/v7e-m+fp/hard/libc_nano.a(lib_a-nano-reallocr.o)
 .ARM.attributes
                0x00000000000008c1       0x34 /usr/bin/../lib/gcc/arm-none-eabi/10.3.1/../../../../arm-none-eabi/lib/thumb/v7e-m+fp/hard/libc_nano.a(lib_a-nano-svfscanf.o)
 .ARM.attributes
                0x00000000000008f5       0x34 /usr/bin/../lib/gcc/arm-none-eabi/10.3.1/../../../../arm-none-eabi/lib/thumb/v7e-m+fp/hard/libc_nano.a(lib_a-nano-vfscanf_i.o)
 .ARM.attributes
                0x0000000000000929       0x34 /usr/bin/../lib/gcc/arm-none-eabi/10.3.1/../../../../arm-none-eabi/lib/thumb/v7e-m+fp/hard/libc_nano.a(lib_a-readr.o)
 .ARM.attributes
                0x000000000000095d       0x34 /usr/bin/../lib/gcc/arm-none-eabi/10.3.1/../../../../arm-none-eabi/lib/thumb/v7e-m+fp/hard/libc_nano.a(lib_a-reent.o)
 .ARM.attributes
                0x0000000000000991       0x34 /usr/bin/../lib/gcc/arm-none-eabi/10.3.1/../../../../arm-none-eabi/lib/thumb/v7e-m+fp/hard/libc_nano.a(lib_a-sccl.o)
 .ARM.attributes
                0x00000000000009c5       0x34 /usr/bin/../lib/gcc/arm-none-eabi/10.3.1/../../../../arm-none-eabi/lib/thumb/v7e-m+fp/hard/libc_nano.a(lib_a-strtol.o)
 .ARM.attributes
                0x00000000000009f9       0x34 /usr/bin/../lib/gcc/arm-none-eabi/10.3.1/../../../../arm-none-eabi/lib/thumb/v7e-m+fp/hard/libc_nano.a(lib_a-strtoul.o)
 .ARM.attributes
                0x0000000000000a2d       0x34 /usr/bin/../lib/gcc/arm-none-eabi/10.3.1/../../../../arm-none-eabi/lib/thumb/v7e-m+fp/hard/libc_nano.a(lib_a-ungetc.o)
 .ARM.attributes
                0x0000000000000a61       0x34 /usr/bin/../lib/gcc/arm-none-eabi/10.3.1/../../../../arm-none-eabi/lib/thumb/v7e-m+fp/hard/libc_nano.a(lib_a-ctype_.o)
 .ARM.attributes
                0x0000000000000a95       0x34 /usr/bin/../lib/gcc/arm-none-eabi/10.3.1/../../../../arm-none-eabi/lib/thumb/v7e-m+fp/hard/libc_nano.a(lib_a-fstatr.o)
 .ARM.attributes
                0x0000000000000ac9       0x34 /usr/bin/../lib/gcc/arm-none-eabi/10.3.1/../../../../arm-none-eabi/lib/thumb/v7e-m+fp/hard/libc_nano.a(lib_a-isattyr.o)
 .ARM.attributes
                0x0000000000000afd       0x34 /usr/bin/../lib/gcc/arm-none-eabi/10.3.1/../../../../arm-none-eabi/lib/thumb/v7e-m+fp/hard/libc_nano.a(lib_a-nano-msizer.o)
 .ARM.attributes
                0x0000000000000b31       0x1e /usr/bin/../lib/gcc/arm-none-eabi/10.3.1/thumb/v7e-m+fp/hard/libgcc.a(_arm_addsubdf3.o)
 .ARM.attributes
                0x0000000000000b4f       0x1e /usr/bin/../lib/gcc/arm-none-eabi/10.3.1/thumb/v7e-m+fp/hard/libgcc.a(_arm_muldivdf3.o)
 .ARM.attributes
                0x0000000000000b6d       0x1e /usr/bin/../lib/gcc/arm-none-eabi/10.3.1/thumb/v7e-m+fp/hard/libgcc.a(_arm_fixunsdfsi.o)
 .ARM.attributes
                0x0000000000000b8b       0x34 /usr/bin/../lib/gcc/arm-none-eabi/10.3.1/../../../../arm-none-eabi/lib/thumb/v7e-m+fp/hard/libnosys.a(sbrk.o)
 .ARM.attributes
                0x0000000000000bbf       0x1e /usr/bin/../lib/gcc/arm-none-eabi/10.3.1/thumb/v7e-m+fp/hard/crtn.o
OUTPUT(primer.elf elf32-littlearm)
LOAD linker stubs
LOAD /usr/bin/../lib/gcc/arm-none-eabi/10.3.1/../../../../arm-none-eabi/lib/thumb/v7e-m+fp/hard/libc.a
LOAD /usr/bin/../lib/gcc/arm-none-eabi/10.3.1/../../../../arm-none-eabi/lib/thumb/v7e-m+fp/hard/libm.a
LOAD /usr/bin/../lib/gcc/arm-none-eabi/10.3.1/thumb/v7e-m+fp/hard/libgcc.a

.debug_info     0x0000000000000000     0x8770
 .debug_info    0x0000000000000000     0x1f5c ./Src/main.o
 .debug_info    0x0000000000001f5c      0x6b2 ./Src/syscalls.o
 .debug_info    0x000000000000260e       0xfd ./Startup/stm32_startup.o
 .debug_info    0x000000000000270b     0x25e5 ./Src/Drivers/GPIO.o
 .debug_info    0x0000000000004cf0     0x1016 ./Src/Drivers/basicTimer.o
 .debug_info    0x0000000000005d06     0x2a6a ./Src/Drivers/USART.o

.debug_abbrev   0x0000000000000000     0x160f
 .debug_abbrev  0x0000000000000000      0x4f9 ./Src/main.o
 .debug_abbrev  0x00000000000004f9      0x180 ./Src/syscalls.o
 .debug_abbrev  0x0000000000000679       0xa9 ./Startup/stm32_startup.o
 .debug_abbrev  0x0000000000000722      0x51e ./Src/Drivers/GPIO.o
 .debug_abbrev  0x0000000000000c40      0x3c8 ./Src/Drivers/basicTimer.o
 .debug_abbrev  0x0000000000001008      0x607 ./Src/Drivers/USART.o

.debug_aranges  0x0000000000000000      0x5c0
 .debug_aranges
                0x0000000000000000       0x70 ./Src/main.o
 .debug_aranges
                0x0000000000000070       0xa8 ./Src/syscalls.o
 .debug_aranges
                0x0000000000000118       0x28 ./Startup/stm32_startup.o
 .debug_aranges
                0x0000000000000140      0x248 ./Src/Drivers/GPIO.o
 .debug_aranges
                0x0000000000000388       0xf0 ./Src/Drivers/basicTimer.o
 .debug_aranges
                0x0000000000000478      0x148 ./Src/Drivers/USART.o

.debug_ranges   0x0000000000000000      0x578
 .debug_ranges  0x0000000000000000       0x60 ./Src/main.o
 .debug_ranges  0x0000000000000060       0x98 ./Src/syscalls.o
 .debug_ranges  0x00000000000000f8       0x18 ./Startup/stm32_startup.o
 .debug_ranges  0x0000000000000110      0x250 ./Src/Drivers/GPIO.o
 .debug_ranges  0x0000000000000360       0xe0 ./Src/Drivers/basicTimer.o
 .debug_ranges  0x0000000000000440      0x138 ./Src/Drivers/USART.o

.debug_macro    0x0000000000000000    0x12064
 .debug_macro   0x0000000000000000      0x34b ./Src/main.o
 .debug_macro   0x000000000000034b      0xb3e ./Src/main.o
 .debug_macro   0x0000000000000e89       0x22 ./Src/main.o
 .debug_macro   0x0000000000000eab      0x17b ./Src/main.o
 .debug_macro   0x0000000000001026       0x1c ./Src/main.o
 .debug_macro   0x0000000000001042       0x22 ./Src/main.o
 .debug_macro   0x0000000000001064       0x8e ./Src/main.o
 .debug_macro   0x00000000000010f2       0x51 ./Src/main.o
 .debug_macro   0x0000000000001143      0x103 ./Src/main.o
 .debug_macro   0x0000000000001246       0x6a ./Src/main.o
 .debug_macro   0x00000000000012b0      0x1df ./Src/main.o
 .debug_macro   0x000000000000148f       0x28 ./Src/main.o
 .debug_macro   0x00000000000014b7       0x1c ./Src/main.o
 .debug_macro   0x00000000000014d3       0x22 ./Src/main.o
 .debug_macro   0x00000000000014f5       0xd9 ./Src/main.o
 .debug_macro   0x00000000000015ce     0x102d ./Src/main.o
 .debug_macro   0x00000000000025fb      0x11f ./Src/main.o
 .debug_macro   0x000000000000271a     0xb953 ./Src/main.o
 .debug_macro   0x000000000000e06d       0x52 ./Src/main.o
 .debug_macro   0x000000000000e0bf       0x1e ./Src/main.o
 .debug_macro   0x000000000000e0dd       0x3c ./Src/main.o
 .debug_macro   0x000000000000e119       0x34 ./Src/main.o
 .debug_macro   0x000000000000e14d       0x16 ./Src/main.o
 .debug_macro   0x000000000000e163       0x28 ./Src/main.o
 .debug_macro   0x000000000000e18b       0x10 ./Src/main.o
 .debug_macro   0x000000000000e19b       0x16 ./Src/main.o
 .debug_macro   0x000000000000e1b1       0x46 ./Src/main.o
 .debug_macro   0x000000000000e1f7       0x4e ./Src/main.o
 .debug_macro   0x000000000000e245       0x1c ./Src/main.o
 .debug_macro   0x000000000000e261       0x35 ./Src/main.o
 .debug_macro   0x000000000000e296      0x364 ./Src/main.o
 .debug_macro   0x000000000000e5fa       0x10 ./Src/main.o
 .debug_macro   0x000000000000e60a       0x16 ./Src/main.o
 .debug_macro   0x000000000000e620       0x43 ./Src/main.o
 .debug_macro   0x000000000000e663       0x34 ./Src/main.o
 .debug_macro   0x000000000000e697       0x10 ./Src/main.o
 .debug_macro   0x000000000000e6a7       0x58 ./Src/main.o
 .debug_macro   0x000000000000e6ff       0x71 ./Src/main.o
 .debug_macro   0x000000000000e770      0x12a ./Src/main.o
 .debug_macro   0x000000000000e89a       0x10 ./Src/main.o
 .debug_macro   0x000000000000e8aa       0x1c ./Src/main.o
 .debug_macro   0x000000000000e8c6       0x52 ./Src/main.o
 .debug_macro   0x000000000000e918       0x22 ./Src/main.o
 .debug_macro   0x000000000000e93a       0x10 ./Src/main.o
 .debug_macro   0x000000000000e94a       0x52 ./Src/main.o
 .debug_macro   0x000000000000e99c       0xd5 ./Src/main.o
 .debug_macro   0x000000000000ea71       0x1c ./Src/main.o
 .debug_macro   0x000000000000ea8d       0x3d ./Src/main.o
 .debug_macro   0x000000000000eaca       0x16 ./Src/main.o
 .debug_macro   0x000000000000eae0      0x137 ./Src/main.o
 .debug_macro   0x000000000000ec17       0x16 ./Src/main.o
 .debug_macro   0x000000000000ec2d      0x18a ./Src/main.o
 .debug_macro   0x000000000000edb7       0x10 ./Src/main.o
 .debug_macro   0x000000000000edc7      0x3d1 ./Src/main.o
 .debug_macro   0x000000000000f198       0x10 ./Src/main.o
 .debug_macro   0x000000000000f1a8       0x16 ./Src/main.o
 .debug_macro   0x000000000000f1be       0x16 ./Src/main.o
 .debug_macro   0x000000000000f1d4       0x29 ./Src/main.o
 .debug_macro   0x000000000000f1fd       0x1c ./Src/main.o
 .debug_macro   0x000000000000f219       0xde ./Src/main.o
 .debug_macro   0x000000000000f2f7      0x24c ./Src/syscalls.o
 .debug_macro   0x000000000000f543      0xa66 ./Src/syscalls.o
 .debug_macro   0x000000000000ffa9       0x4c ./Src/syscalls.o
 .debug_macro   0x000000000000fff5       0x94 ./Src/syscalls.o
 .debug_macro   0x0000000000010089       0x34 ./Src/syscalls.o
 .debug_macro   0x00000000000100bd       0x57 ./Src/syscalls.o
 .debug_macro   0x0000000000010114      0x174 ./Src/syscalls.o
 .debug_macro   0x0000000000010288      0x341 ./Src/syscalls.o
 .debug_macro   0x00000000000105c9       0x43 ./Src/syscalls.o
 .debug_macro   0x000000000001060c       0x1c ./Src/syscalls.o
 .debug_macro   0x0000000000010628       0x10 ./Src/syscalls.o
 .debug_macro   0x0000000000010638       0x35 ./Src/syscalls.o
 .debug_macro   0x000000000001066d       0x10 ./Src/syscalls.o
 .debug_macro   0x000000000001067d       0x10 ./Src/syscalls.o
 .debug_macro   0x000000000001068d       0x35 ./Src/syscalls.o
 .debug_macro   0x00000000000106c2      0x12c ./Src/syscalls.o
 .debug_macro   0x00000000000107ee       0x10 ./Src/syscalls.o
 .debug_macro   0x00000000000107fe      0x241 ./Src/syscalls.o
 .debug_macro   0x0000000000010a3f       0x10 ./Src/syscalls.o
 .debug_macro   0x0000000000010a4f      0x145 ./Src/syscalls.o
 .debug_macro   0x0000000000010b94      0x189 ./Src/syscalls.o
 .debug_macro   0x0000000000010d1d       0x16 ./Src/syscalls.o
 .debug_macro   0x0000000000010d33       0xce ./Src/syscalls.o
 .debug_macro   0x0000000000010e01       0x17 ./Startup/stm32_startup.o
 .debug_macro   0x0000000000010e18      0xb4a ./Startup/stm32_startup.o
 .debug_macro   0x0000000000011962      0x131 ./Src/Drivers/GPIO.o
 .debug_macro   0x0000000000011a93      0x11e ./Src/Drivers/basicTimer.o
 .debug_macro   0x0000000000011bb1      0x318 ./Src/Drivers/USART.o
 .debug_macro   0x0000000000011ec9       0x97 ./Src/Drivers/USART.o
 .debug_macro   0x0000000000011f60      0x104 ./Src/Drivers/USART.o

.debug_line     0x0000000000000000     0x3c4e
 .debug_line    0x0000000000000000      0x6c2 ./Src/main.o
 .debug_line    0x00000000000006c2      0x51a ./Src/syscalls.o
 .debug_line    0x0000000000000bdc       0x94 ./Startup/stm32_startup.o
 .debug_line    0x0000000000000c70     0x1794 ./Src/Drivers/GPIO.o
 .debug_line    0x0000000000002404      0x89e ./Src/Drivers/basicTimer.o
 .debug_line    0x0000000000002ca2      0xfac ./Src/Drivers/USART.o

.debug_str      0x0000000000000000    0x5afff
 .debug_str     0x0000000000000000    0x57dcc ./Src/main.o
                                      0x580f9 (size before relaxing)
 .debug_str     0x0000000000057dcc     0x195a ./Src/syscalls.o
                                       0x8a2b (size before relaxing)
 .debug_str     0x0000000000059726      0x185 ./Startup/stm32_startup.o
                                       0x3173 (size before relaxing)
 .debug_str     0x00000000000598ab      0xe85 ./Src/Drivers/GPIO.o
                                      0x52693 (size before relaxing)
 .debug_str     0x000000000005a730      0x640 ./Src/Drivers/basicTimer.o
                                      0x510a7 (size before relaxing)
 .debug_str     0x000000000005ad70      0x28f ./Src/Drivers/USART.o
                                      0x58391 (size before relaxing)

.comment        0x0000000000000000       0x49
 .comment       0x0000000000000000       0x49 ./Src/main.o
                                         0x4a (size before relaxing)
 .comment       0x0000000000000049       0x4a ./Src/syscalls.o
 .comment       0x0000000000000049       0x4a ./Startup/stm32_startup.o
 .comment       0x0000000000000049       0x4a ./Src/Drivers/GPIO.o
 .comment       0x0000000000000049       0x4a ./Src/Drivers/basicTimer.o
 .comment       0x0000000000000049       0x4a ./Src/Drivers/USART.o

.debug_frame    0x0000000000000000     0x2644
 .debug_frame   0x0000000000000000      0x168 ./Src/main.o
 .debug_frame   0x0000000000000168      0x2ac ./Src/syscalls.o
 .debug_frame   0x0000000000000414       0x4c ./Startup/stm32_startup.o
 .debug_frame   0x0000000000000460      0x9b8 ./Src/Drivers/GPIO.o
 .debug_frame   0x0000000000000e18      0x3a0 ./Src/Drivers/basicTimer.o
 .debug_frame   0x00000000000011b8      0x5a8 ./Src/Drivers/USART.o
 .debug_frame   0x0000000000001760       0x28 /usr/bin/../lib/gcc/arm-none-eabi/10.3.1/../../../../arm-none-eabi/lib/thumb/v7e-m+fp/hard/libstdc++_nano.a(new_op.o)
 .debug_frame   0x0000000000001788       0x30 /usr/bin/../lib/gcc/arm-none-eabi/10.3.1/../../../../arm-none-eabi/lib/thumb/v7e-m+fp/hard/libstdc++_nano.a(new_handler.o)
 .debug_frame   0x00000000000017b8       0x28 /usr/bin/../lib/gcc/arm-none-eabi/10.3.1/../../../../arm-none-eabi/lib/thumb/v7e-m+fp/hard/libc_nano.a(lib_a-abort.o)
 .debug_frame   0x00000000000017e0       0x40 /usr/bin/../lib/gcc/arm-none-eabi/10.3.1/../../../../arm-none-eabi/lib/thumb/v7e-m+fp/hard/libc_nano.a(lib_a-assert.o)
 .debug_frame   0x0000000000001820       0x20 /usr/bin/../lib/gcc/arm-none-eabi/10.3.1/../../../../arm-none-eabi/lib/thumb/v7e-m+fp/hard/libc_nano.a(lib_a-calloc.o)
 .debug_frame   0x0000000000001840       0x20 /usr/bin/../lib/gcc/arm-none-eabi/10.3.1/../../../../arm-none-eabi/lib/thumb/v7e-m+fp/hard/libc_nano.a(lib_a-errno.o)
 .debug_frame   0x0000000000001860       0x64 /usr/bin/../lib/gcc/arm-none-eabi/10.3.1/../../../../arm-none-eabi/lib/thumb/v7e-m+fp/hard/libc_nano.a(lib_a-fprintf.o)
 .debug_frame   0x00000000000018c4       0x2c /usr/bin/../lib/gcc/arm-none-eabi/10.3.1/../../../../arm-none-eabi/lib/thumb/v7e-m+fp/hard/libc_nano.a(lib_a-init.o)
 .debug_frame   0x00000000000018f0       0x30 /usr/bin/../lib/gcc/arm-none-eabi/10.3.1/../../../../arm-none-eabi/lib/thumb/v7e-m+fp/hard/libc_nano.a(lib_a-malloc.o)
 .debug_frame   0x0000000000001920       0x28 /usr/bin/../lib/gcc/arm-none-eabi/10.3.1/../../../../arm-none-eabi/lib/thumb/v7e-m+fp/hard/libc_nano.a(lib_a-memcpy-stub.o)
 .debug_frame   0x0000000000001948       0x20 /usr/bin/../lib/gcc/arm-none-eabi/10.3.1/../../../../arm-none-eabi/lib/thumb/v7e-m+fp/hard/libc_nano.a(lib_a-memset.o)
 .debug_frame   0x0000000000001968       0x30 /usr/bin/../lib/gcc/arm-none-eabi/10.3.1/../../../../arm-none-eabi/lib/thumb/v7e-m+fp/hard/libc_nano.a(lib_a-nano-callocr.o)
 .debug_frame   0x0000000000001998       0x38 /usr/bin/../lib/gcc/arm-none-eabi/10.3.1/../../../../arm-none-eabi/lib/thumb/v7e-m+fp/hard/libc_nano.a(lib_a-nano-freer.o)
 .debug_frame   0x00000000000019d0       0x4c /usr/bin/../lib/gcc/arm-none-eabi/10.3.1/../../../../arm-none-eabi/lib/thumb/v7e-m+fp/hard/libc_nano.a(lib_a-nano-mallocr.o)
 .debug_frame   0x0000000000001a1c       0xac /usr/bin/../lib/gcc/arm-none-eabi/10.3.1/../../../../arm-none-eabi/lib/thumb/v7e-m+fp/hard/libc_nano.a(lib_a-nano-vfprintf.o)
 .debug_frame   0x0000000000001ac8       0x60 /usr/bin/../lib/gcc/arm-none-eabi/10.3.1/../../../../arm-none-eabi/lib/thumb/v7e-m+fp/hard/libc_nano.a(lib_a-nano-vfprintf_i.o)
 .debug_frame   0x0000000000001b28       0x2c /usr/bin/../lib/gcc/arm-none-eabi/10.3.1/../../../../arm-none-eabi/lib/thumb/v7e-m+fp/hard/libc_nano.a(lib_a-sbrkr.o)
 .debug_frame   0x0000000000001b54       0xcc /usr/bin/../lib/gcc/arm-none-eabi/10.3.1/../../../../arm-none-eabi/lib/thumb/v7e-m+fp/hard/libc_nano.a(lib_a-signal.o)
 .debug_frame   0x0000000000001c20       0x3c /usr/bin/../lib/gcc/arm-none-eabi/10.3.1/../../../../arm-none-eabi/lib/thumb/v7e-m+fp/hard/libc_nano.a(lib_a-signalr.o)
 .debug_frame   0x0000000000001c5c       0x78 /usr/bin/../lib/gcc/arm-none-eabi/10.3.1/../../../../arm-none-eabi/lib/thumb/v7e-m+fp/hard/libc_nano.a(lib_a-sscanf.o)
 .debug_frame   0x0000000000001cd4       0x88 /usr/bin/../lib/gcc/arm-none-eabi/10.3.1/../../../../arm-none-eabi/lib/thumb/v7e-m+fp/hard/libc_nano.a(lib_a-stdio.o)
 .debug_frame   0x0000000000001d5c       0x20 /usr/bin/../lib/gcc/arm-none-eabi/10.3.1/../../../../arm-none-eabi/lib/thumb/v7e-m+fp/hard/libc_nano.a(lib_a-strcmp.o)
 .debug_frame   0x0000000000001d7c       0x40 /usr/bin/../lib/gcc/arm-none-eabi/10.3.1/../../../../arm-none-eabi/lib/thumb/v7e-m+fp/hard/libc_nano.a(lib_a-wbuf.o)
 .debug_frame   0x0000000000001dbc       0x2c /usr/bin/../lib/gcc/arm-none-eabi/10.3.1/../../../../arm-none-eabi/lib/thumb/v7e-m+fp/hard/libc_nano.a(lib_a-writer.o)
 .debug_frame   0x0000000000001de8       0x2c /usr/bin/../lib/gcc/arm-none-eabi/10.3.1/../../../../arm-none-eabi/lib/thumb/v7e-m+fp/hard/libc_nano.a(lib_a-wsetup.o)
 .debug_frame   0x0000000000001e14       0x2c /usr/bin/../lib/gcc/arm-none-eabi/10.3.1/../../../../arm-none-eabi/lib/thumb/v7e-m+fp/hard/libc_nano.a(lib_a-closer.o)
 .debug_frame   0x0000000000001e40       0x5c /usr/bin/../lib/gcc/arm-none-eabi/10.3.1/../../../../arm-none-eabi/lib/thumb/v7e-m+fp/hard/libc_nano.a(lib_a-fflush.o)
 .debug_frame   0x0000000000001e9c      0x14c /usr/bin/../lib/gcc/arm-none-eabi/10.3.1/../../../../arm-none-eabi/lib/thumb/v7e-m+fp/hard/libc_nano.a(lib_a-findfp.o)
 .debug_frame   0x0000000000001fe8       0x54 /usr/bin/../lib/gcc/arm-none-eabi/10.3.1/../../../../arm-none-eabi/lib/thumb/v7e-m+fp/hard/libc_nano.a(lib_a-fwalk.o)
 .debug_frame   0x000000000000203c       0xb0 /usr/bin/../lib/gcc/arm-none-eabi/10.3.1/../../../../arm-none-eabi/lib/thumb/v7e-m+fp/hard/libc_nano.a(lib_a-lock.o)
 .debug_frame   0x00000000000020ec       0x2c /usr/bin/../lib/gcc/arm-none-eabi/10.3.1/../../../../arm-none-eabi/lib/thumb/v7e-m+fp/hard/libc_nano.a(lib_a-lseekr.o)
 .debug_frame   0x0000000000002118       0x58 /usr/bin/../lib/gcc/arm-none-eabi/10.3.1/../../../../arm-none-eabi/lib/thumb/v7e-m+fp/hard/libc_nano.a(lib_a-makebuf.o)
 .debug_frame   0x0000000000002170       0x30 /usr/bin/../lib/gcc/arm-none-eabi/10.3.1/../../../../arm-none-eabi/lib/thumb/v7e-m+fp/hard/libc_nano.a(lib_a-mlock.o)
 .debug_frame   0x00000000000021a0       0x3c /usr/bin/../lib/gcc/arm-none-eabi/10.3.1/../../../../arm-none-eabi/lib/thumb/v7e-m+fp/hard/libc_nano.a(lib_a-nano-reallocr.o)
 .debug_frame   0x00000000000021dc       0x74 /usr/bin/../lib/gcc/arm-none-eabi/10.3.1/../../../../arm-none-eabi/lib/thumb/v7e-m+fp/hard/libc_nano.a(lib_a-nano-svfscanf.o)
 .debug_frame   0x0000000000002250       0x64 /usr/bin/../lib/gcc/arm-none-eabi/10.3.1/../../../../arm-none-eabi/lib/thumb/v7e-m+fp/hard/libc_nano.a(lib_a-nano-vfscanf_i.o)
 .debug_frame   0x00000000000022b4       0x2c /usr/bin/../lib/gcc/arm-none-eabi/10.3.1/../../../../arm-none-eabi/lib/thumb/v7e-m+fp/hard/libc_nano.a(lib_a-readr.o)
 .debug_frame   0x00000000000022e0       0x5c /usr/bin/../lib/gcc/arm-none-eabi/10.3.1/../../../../arm-none-eabi/lib/thumb/v7e-m+fp/hard/libc_nano.a(lib_a-reent.o)
 .debug_frame   0x000000000000233c       0x2c /usr/bin/../lib/gcc/arm-none-eabi/10.3.1/../../../../arm-none-eabi/lib/thumb/v7e-m+fp/hard/libc_nano.a(lib_a-sccl.o)
 .debug_frame   0x0000000000002368       0x64 /usr/bin/../lib/gcc/arm-none-eabi/10.3.1/../../../../arm-none-eabi/lib/thumb/v7e-m+fp/hard/libc_nano.a(lib_a-strtol.o)
 .debug_frame   0x00000000000023cc       0x64 /usr/bin/../lib/gcc/arm-none-eabi/10.3.1/../../../../arm-none-eabi/lib/thumb/v7e-m+fp/hard/libc_nano.a(lib_a-strtoul.o)
 .debug_frame   0x0000000000002430       0x5c /usr/bin/../lib/gcc/arm-none-eabi/10.3.1/../../../../arm-none-eabi/lib/thumb/v7e-m+fp/hard/libc_nano.a(lib_a-ungetc.o)
 .debug_frame   0x000000000000248c       0x2c /usr/bin/../lib/gcc/arm-none-eabi/10.3.1/../../../../arm-none-eabi/lib/thumb/v7e-m+fp/hard/libc_nano.a(lib_a-fstatr.o)
 .debug_frame   0x00000000000024b8       0x2c /usr/bin/../lib/gcc/arm-none-eabi/10.3.1/../../../../arm-none-eabi/lib/thumb/v7e-m+fp/hard/libc_nano.a(lib_a-isattyr.o)
 .debug_frame   0x00000000000024e4       0x20 /usr/bin/../lib/gcc/arm-none-eabi/10.3.1/../../../../arm-none-eabi/lib/thumb/v7e-m+fp/hard/libc_nano.a(lib_a-nano-msizer.o)
 .debug_frame   0x0000000000002504       0xac /usr/bin/../lib/gcc/arm-none-eabi/10.3.1/thumb/v7e-m+fp/hard/libgcc.a(_arm_addsubdf3.o)
 .debug_frame   0x00000000000025b0       0x50 /usr/bin/../lib/gcc/arm-none-eabi/10.3.1/thumb/v7e-m+fp/hard/libgcc.a(_arm_muldivdf3.o)
 .debug_frame   0x0000000000002600       0x24 /usr/bin/../lib/gcc/arm-none-eabi/10.3.1/thumb/v7e-m+fp/hard/libgcc.a(_arm_fixunsdfsi.o)
 .debug_frame   0x0000000000002624       0x20 /usr/bin/../lib/gcc/arm-none-eabi/10.3.1/../../../../arm-none-eabi/lib/thumb/v7e-m+fp/hard/libnosys.a(sbrk.o)
