../Inc/Drivers/CMSIS/Include/core_cm4.h:1688:22:void __NVIC_EnableIRQ(IRQn_Type)	16	static
../Inc/Drivers/CMSIS/Include/core_cm4.h:1816:22:void __NVIC_SetPriority(IRQn_Type, uint32_t)	16	static
../Src/Drivers/basicTimer.cpp:7:1:timNameSpace::basicTimer::basicTimer(TIM_TypeDef*)	16	static
../Src/Drivers/basicTimer.cpp:24:1:timNameSpace::basicTimer::~basicTimer()	16	static
../Src/Drivers/basicTimer.cpp:29:28:virtual defsNameSpace::TASK_STATUS timNameSpace::basicTimer::init()	16	static
../Src/Drivers/basicTimer.cpp:58:28:virtual defsNameSpace::TASK_STATUS timNameSpace::basicTimer::deInit()	16	static
../Src/Drivers/basicTimer.cpp:64:6:virtual void timNameSpace::basicTimer::peripheralClockEnable()	16	static
../Src/Drivers/basicTimer.cpp:80:6:virtual void timNameSpace::basicTimer::enableNVIC_Interrupt()	16	static
../Src/Drivers/basicTimer.cpp:127:6:virtual void timNameSpace::basicTimer::disableNVIC_Interrupt()	16	static
../Src/Drivers/basicTimer.cpp:133:13:virtual void timNameSpace::basicTimer::timerStart()	16	static
../Src/Drivers/basicTimer.cpp:139:13:virtual void timNameSpace::basicTimer::timerStop()	16	static
../Src/Drivers/basicTimer.cpp:144:28:void TIM1_UpdateCallback()	4	static
../Src/Drivers/basicTimer.cpp:149:28:void TIM2_UpdateCallback()	4	static
../Src/Drivers/basicTimer.cpp:155:28:void TIM3_UpdateCallback()	4	static
../Src/Drivers/basicTimer.cpp:160:28:void TIM4_UpdateCallback()	4	static
../Src/Drivers/basicTimer.cpp:165:28:void TIM5_UpdateCallback()	4	static
../Src/Drivers/basicTimer.cpp:170:28:void TIM9_UpdateCallback()	4	static
../Src/Drivers/basicTimer.cpp:175:28:void TIM10_UpdateCallback()	4	static
../Src/Drivers/basicTimer.cpp:180:28:void TIM11_UpdateCallback()	4	static
../Src/Drivers/basicTimer.cpp:186:6:void TIM2_IRQHandler()	8	static
../Src/Drivers/basicTimer.cpp:193:6:void TIM3_IRQHandler()	8	static
../Src/Drivers/basicTimer.cpp:199:6:void TIM4_IRQHandler()	8	static
../Src/Drivers/basicTimer.cpp:205:6:void TIM5_IRQHandler()	8	static
../Src/Drivers/basicTimer.cpp:212:6:void TIM1_BRK_TIM9_IRQHandler()	8	static
../Src/Drivers/basicTimer.cpp:220:6:void TIM1_UP_TIM10_IRQHandler()	8	static
../Src/Drivers/basicTimer.cpp:226:6:void TIM1_TRG_COM_TIM11_IRQHandler()	8	static
../Src/Drivers/basicTimer.cpp:233:6:void TIM1_CC_IRQHandler()	4	static
