../Inc/Drivers/CMSIS/Include/core_cm4.h:1688:22:void __NVIC_EnableIRQ(IRQn_Type)	16	static
../Inc/Drivers/CMSIS/Include/core_cm4.h:1816:22:void __NVIC_SetPriority(IRQn_Type, uint32_t)	16	static
../Src/Drivers/basicTimer.cpp:22:1:timNameSpace::basicTimer::basicTimer(TIM_TypeDef*)	24	static
../Src/Drivers/basicTimer.cpp:40:1:timNameSpace::basicTimer::~basicTimer()	16	static
../Src/Drivers/basicTimer.cpp:45:28:virtual defsNameSpace::TASK_STATUS timNameSpace::basicTimer::init()	16	static
../Src/Drivers/basicTimer.cpp:66:28:virtual defsNameSpace::TASK_STATUS timNameSpace::basicTimer::deInit()	16	static
../Src/Drivers/basicTimer.cpp:72:6:virtual void timNameSpace::basicTimer::peripheralClockEnable()	16	static
../Src/Drivers/basicTimer.cpp:87:6:virtual void timNameSpace::basicTimer::setRepetitionCounter(uint8_t)	16	static
../Src/Drivers/basicTimer.cpp:97:6:virtual void timNameSpace::basicTimer::setCounterMode(timNameSpace::TIM_COUNTING_MODE)	16	static
../Src/Drivers/basicTimer.cpp:105:6:virtual void timNameSpace::basicTimer::setAutoReloadRegister(uint32_t)	16	static
../Src/Drivers/basicTimer.cpp:111:6:virtual void timNameSpace::basicTimer::setOnePulseMode(timNameSpace::TIM_ONE_PULSE_MODE_SELECTION)	16	static
../Src/Drivers/basicTimer.cpp:118:6:virtual void timNameSpace::basicTimer::setARPE(timNameSpace::TIM_ARPE)	16	static
../Src/Drivers/basicTimer.cpp:125:6:virtual void timNameSpace::basicTimer::setPSC(uint32_t)	16	static
../Src/Drivers/basicTimer.cpp:132:6:virtual void timNameSpace::basicTimer::setInterrupt(timNameSpace::BASIC_TIMER_UPDATE_INTERRUPT_ENABLE)	16	static
../Src/Drivers/basicTimer.cpp:139:6:virtual void timNameSpace::basicTimer::enableNVIC_Interrupt()	16	static
../Src/Drivers/basicTimer.cpp:186:6:virtual void timNameSpace::basicTimer::disableNVIC_Interrupt()	16	static
../Src/Drivers/basicTimer.cpp:192:13:virtual void timNameSpace::basicTimer::timerStart()	16	static
../Src/Drivers/basicTimer.cpp:198:13:virtual void timNameSpace::basicTimer::timerStop()	16	static
../Src/Drivers/basicTimer.cpp:203:28:void TIM1_UpdateCallback()	4	static
../Src/Drivers/basicTimer.cpp:208:28:void TIM2_UpdateCallback()	4	static
../Src/Drivers/basicTimer.cpp:214:28:void TIM3_UpdateCallback()	4	static
../Src/Drivers/basicTimer.cpp:219:28:void TIM4_UpdateCallback()	4	static
../Src/Drivers/basicTimer.cpp:224:28:void TIM5_UpdateCallback()	4	static
../Src/Drivers/basicTimer.cpp:229:28:void TIM9_UpdateCallback()	4	static
../Src/Drivers/basicTimer.cpp:234:28:void TIM10_UpdateCallback()	4	static
../Src/Drivers/basicTimer.cpp:239:28:void TIM11_UpdateCallback()	4	static
../Src/Drivers/basicTimer.cpp:245:6:void TIM2_IRQHandler()	8	static
../Src/Drivers/basicTimer.cpp:252:6:void TIM3_IRQHandler()	8	static
../Src/Drivers/basicTimer.cpp:258:6:void TIM4_IRQHandler()	8	static
../Src/Drivers/basicTimer.cpp:264:6:void TIM5_IRQHandler()	8	static
../Src/Drivers/basicTimer.cpp:271:6:void TIM1_BRK_TIM9_IRQHandler()	8	static
../Src/Drivers/basicTimer.cpp:279:6:void TIM1_UP_TIM10_IRQHandler()	8	static
../Src/Drivers/basicTimer.cpp:285:6:void TIM1_TRG_COM_TIM11_IRQHandler()	8	static
../Src/Drivers/basicTimer.cpp:292:6:void TIM1_CC_IRQHandler()	4	static
