../Inc/Drivers/CMSIS/Include/core_cm4.h:1688:22:void __NVIC_EnableIRQ(IRQn_Type)	16	static
../Inc/Drivers/CMSIS/Include/core_cm4.h:1724:22:void __NVIC_DisableIRQ(IRQn_Type)	16	static
../Inc/Drivers/CMSIS/Include/core_cm4.h:1816:22:void __NVIC_SetPriority(IRQn_Type, uint32_t)	16	static
../Src/Drivers/GPIO.cpp:15:1:gpioNameSpace::GPIO::GPIO(GPIO_TypeDef*)	32	static
../Src/Drivers/GPIO.cpp:42:1:gpioNameSpace::GPIO::~GPIO()	16	static
../Src/Drivers/GPIO.cpp:52:28:defsNameSpace::TASK_STATUS gpioNameSpace::GPIO::init()	16	static
../Src/Drivers/GPIO.cpp:75:28:defsNameSpace::TASK_STATUS gpioNameSpace::GPIO::deInit()	16	static
../Src/Drivers/GPIO.cpp:86:6:void gpioNameSpace::GPIO::setPin(uint32_t)	16	static
../Src/Drivers/GPIO.cpp:93:6:void gpioNameSpace::GPIO::setModer(uint32_t, uint32_t)	32	static
../Src/Drivers/GPIO.cpp:101:6:void gpioNameSpace::GPIO::setModer(uint32_t)	16	static
../Src/Drivers/GPIO.cpp:106:6:void gpioNameSpace::GPIO::setOtyper(uint32_t, uint32_t)	32	static
../Src/Drivers/GPIO.cpp:113:6:void gpioNameSpace::GPIO::setOtyper(uint32_t)	16	static
../Src/Drivers/GPIO.cpp:119:6:void gpioNameSpace::GPIO::setOSpeed(uint32_t, uint32_t)	32	static
../Src/Drivers/GPIO.cpp:126:6:void gpioNameSpace::GPIO::setOSpeed(uint32_t)	16	static
../Src/Drivers/GPIO.cpp:132:6:void gpioNameSpace::GPIO::setPUPD(uint32_t, uint32_t)	32	static
../Src/Drivers/GPIO.cpp:139:6:void gpioNameSpace::GPIO::setPUPD(uint32_t)	16	static
../Src/Drivers/GPIO.cpp:145:6:void gpioNameSpace::GPIO::setAF(uint32_t, uint32_t)	40	static
../Src/Drivers/GPIO.cpp:158:6:void gpioNameSpace::GPIO::setAF(uint32_t)	16	static
../Src/Drivers/GPIO.cpp:164:6:void gpioNameSpace::GPIO::setEventsAndInterrupts(uint32_t, uint32_t, uint32_t)	32	static
../Src/Drivers/GPIO.cpp:173:6:void gpioNameSpace::GPIO::setEventsAndInterrupts(uint32_t, uint32_t)	24	static
../Src/Drivers/GPIO.cpp:179:6:void gpioNameSpace::GPIO::SetInterruptPriority(defsNameSpace::NVIC_INTERRUPT_PRIORITY, uint32_t)	40	static
../Src/Drivers/GPIO.cpp:201:6:void gpioNameSpace::GPIO::SetInterruptPriority(defsNameSpace::NVIC_INTERRUPT_PRIORITY)	16	static
../Src/Drivers/GPIO.cpp:210:6:void gpioNameSpace::GPIO::addPin(uint32_t)	24	static
../Src/Drivers/GPIO.cpp:230:6:void gpioNameSpace::GPIO::removePin(uint32_t)	16	static
../Src/Drivers/GPIO.cpp:242:10:uint32_t gpioNameSpace::GPIO::getPin()	16	static
../Src/Drivers/GPIO.cpp:247:11:gpioNameSpace::GPIO_PORT gpioNameSpace::GPIO::getPort()	16	static
../Src/Drivers/GPIO.cpp:251:10:static uint16_t gpioNameSpace::GPIO::getEXTIEnabledLines()	4	static
../Src/Drivers/GPIO.cpp:256:6:static bool gpioNameSpace::GPIO::isResourceAllocated(GPIO_TypeDef*, gpioNameSpace::GPIO_PIN)	24	static
../Src/Drivers/GPIO.cpp:274:6:void gpioNameSpace::GPIO::portWrite(gpioNameSpace::GPIO_PIN_STATE, uint32_t)	24	static
../Src/Drivers/GPIO.cpp:285:6:void gpioNameSpace::GPIO::portWrite(gpioNameSpace::GPIO_PIN_STATE)	16	static
../Src/Drivers/GPIO.cpp:290:6:void gpioNameSpace::GPIO::portToggle(uint32_t)	16	static
../Src/Drivers/GPIO.cpp:295:6:void gpioNameSpace::GPIO::portToggle()	16	static
../Src/Drivers/GPIO.cpp:300:10:uint32_t gpioNameSpace::GPIO::portRead(uint32_t)	16	static
../Src/Drivers/GPIO.cpp:307:10:uint32_t gpioNameSpace::GPIO::portRead()	16	static
../Src/Drivers/GPIO.cpp:318:6:void gpioNameSpace::GPIO::setPort(GPIO_TypeDef*)	16	static
../Src/Drivers/GPIO.cpp:355:28:defsNameSpace::TASK_STATUS gpioNameSpace::GPIO::initPin()	72	static
../Src/Drivers/GPIO.cpp:512:28:defsNameSpace::TASK_STATUS gpioNameSpace::GPIO::deInitPin()	32	static
../Src/Drivers/GPIO.cpp:584:6:void gpioNameSpace::GPIO::peripheralClockEnable()	16	static
../Src/Drivers/GPIO.cpp:594:6:void gpioNameSpace::GPIO::enableNVIC_Interrupt()	16	static
../Src/Drivers/GPIO.cpp:600:6:void gpioNameSpace::GPIO::disableNVIC_Interrupt()	16	static
../Src/Drivers/GPIO.cpp:605:6:void gpioNameSpace::GPIO::enableNVIC_Interrupt(uint32_t)	24	static
../Src/Drivers/GPIO.cpp:630:6:void gpioNameSpace::GPIO::disableNVIC_Interrupt(uint32_t)	24	static
../Src/Drivers/GPIO.cpp:657:6:void gpioNameSpace::GPIO::setParameter(uint32_t, uint32_t, uint32_t)	32	static
../Src/Drivers/GPIO.cpp:674:6:void gpioNameSpace::GPIO::setParametersLoop(uint32_t, uint32_t, uint32_t, uint32_t)	48	static
../Src/Drivers/GPIO.cpp:703:6:void gpioNameSpace::GPIO::setParametersHighRegistersLoop(uint32_t, uint32_t, uint32_t, uint32_t, uint32_t)	32	static
../Src/Drivers/GPIO.cpp:708:10:uint32_t gpioNameSpace::GPIO::getRegisterBitLength(uint32_t)	32	static
../Src/Drivers/GPIO.cpp:734:6:void gpioNameSpace::GPIO::alignMaskToZero(uint32_t&, uint32_t&)	40	static
../Src/Drivers/GPIO.cpp:760:28:void EXTI0_Callback()	4	static
../Src/Drivers/GPIO.cpp:766:28:void EXTI1_Callback()	4	static
../Src/Drivers/GPIO.cpp:771:28:void EXTI2_Callback()	4	static
../Src/Drivers/GPIO.cpp:776:28:void EXTI3_Callback()	4	static
../Src/Drivers/GPIO.cpp:781:28:void EXTI4_Callback()	4	static
../Src/Drivers/GPIO.cpp:786:28:void EXTI5_Callback()	4	static
../Src/Drivers/GPIO.cpp:791:28:void EXTI6_Callback()	4	static
../Src/Drivers/GPIO.cpp:796:28:void EXTI7_Callback()	4	static
../Src/Drivers/GPIO.cpp:801:28:void EXTI8_Callback()	4	static
../Src/Drivers/GPIO.cpp:806:29:void EXTI9_Callback()	4	static
../Src/Drivers/GPIO.cpp:811:28:void EXTI10_Callback()	4	static
../Src/Drivers/GPIO.cpp:816:28:void EXTI11_Callback()	4	static
../Src/Drivers/GPIO.cpp:821:28:void EXTI12_Callback()	4	static
../Src/Drivers/GPIO.cpp:826:28:void EXTI13_Callback()	4	static
../Src/Drivers/GPIO.cpp:831:28:void EXTI14_Callback()	4	static
../Src/Drivers/GPIO.cpp:836:28:void EXTI15_Callback()	4	static
../Src/Drivers/GPIO.cpp:841:6:void EXTI0_IRQHandler()	8	static
../Src/Drivers/GPIO.cpp:851:6:void EXTI1_IRQHandler()	8	static
../Src/Drivers/GPIO.cpp:862:6:void EXTI2_IRQHandler()	8	static
../Src/Drivers/GPIO.cpp:873:6:void EXTI3_IRQHandler()	8	static
../Src/Drivers/GPIO.cpp:884:6:void EXTI4_IRQHandler()	8	static
../Src/Drivers/GPIO.cpp:895:6:void EXTI9_5_IRQHandler()	8	static
../Src/Drivers/GPIO.cpp:929:6:void EXTI15_10_IRQHandler()	8	static
