../Src/main.cpp:19:8:params::params()	16	static
../Src/main.cpp:28:5:int main()	16	static
../Src/main.cpp:56:6:void USARTInit()	8	static
../Src/main.cpp:63:6:void systemStatusTimerInit()	8	static
../Src/main.cpp:78:6:void GPIOInit()	16	static
../Src/main.cpp:90:6:void TIM9_UpdateCallback()	8	static
../Src/main.cpp:95:6:void USART2_RX_Callback()	8	static
../Src/main.cpp:100:6:void fpuInit()	4	static
../Src/main.cpp:104:1:void __static_initialization_and_destruction_0(int, int)	24	static
../Src/main.cpp:104:1:cpp)	8	static
../Src/main.cpp:104:1:cpp)	8	static
