../Inc/Drivers/USART.hh:157:12:usartNameSpace::userParams::userParams()	16	static
../Src/main.cpp:22:5:int main()	8	static
../Src/main.cpp:63:6:void USARTInit()	8	static
../Src/main.cpp:73:6:void systemStatusTimerInit()	8	static
../Src/main.cpp:80:6:void GPIOInit()	16	static
../Src/main.cpp:92:6:void TIM9_UpdateCallback()	8	static
../Src/main.cpp:96:6:void USART1_RX_Callback()	8	static
../Src/main.cpp:100:6:void USART2_RX_Callback()	8	static
../Src/main.cpp:104:6:void USART6_RX_Callback()	8	static
../Src/main.cpp:108:6:void USART1_TX_Callback()	8	static
../Src/main.cpp:112:6:void fpuInit()	4	static
../Src/main.cpp:116:1:void __static_initialization_and_destruction_0(int, int)	24	static
../Src/main.cpp:116:1:cpp)	8	static
../Src/main.cpp:116:1:cpp)	8	static
